Archive member included to satisfy reference by file (symbol)

../TestProcessor_bsp/\libhal_bsp.a(alt_load.o)
                              ../TestProcessor_bsp//obj/HAL/src/crt0.o (alt_load)
../TestProcessor_bsp/\libhal_bsp.a(alt_main.o)
                              ../TestProcessor_bsp//obj/HAL/src/crt0.o (alt_main)
../TestProcessor_bsp/\libhal_bsp.a(alt_sys_init.o)
                              ../TestProcessor_bsp/\libhal_bsp.a(alt_main.o) (alt_irq_init)
../TestProcessor_bsp/\libhal_bsp.a(alt_close.o)
                              ../TestProcessor_bsp/\libhal_bsp.a(alt_main.o) (close)
../TestProcessor_bsp/\libhal_bsp.a(alt_dcache_flush_all.o)
                              ../TestProcessor_bsp/\libhal_bsp.a(alt_load.o) (alt_dcache_flush_all)
../TestProcessor_bsp/\libhal_bsp.a(alt_dev.o)
                              ../TestProcessor_bsp/\libhal_bsp.a(alt_close.o) (alt_fd_list)
../TestProcessor_bsp/\libhal_bsp.a(alt_do_ctors.o)
                              ../TestProcessor_bsp/\libhal_bsp.a(alt_main.o) (_do_ctors)
../TestProcessor_bsp/\libhal_bsp.a(alt_do_dtors.o)
                              ../TestProcessor_bsp/\libhal_bsp.a(alt_main.o) (_do_dtors)
../TestProcessor_bsp/\libhal_bsp.a(alt_errno.o)
                              ../TestProcessor_bsp/\libhal_bsp.a(alt_close.o) (alt_errno)
../TestProcessor_bsp/\libhal_bsp.a(alt_icache_flush_all.o)
                              ../TestProcessor_bsp/\libhal_bsp.a(alt_load.o) (alt_icache_flush_all)
../TestProcessor_bsp/\libhal_bsp.a(alt_release_fd.o)
                              ../TestProcessor_bsp/\libhal_bsp.a(alt_close.o) (alt_release_fd)
../TestProcessor_bsp/\libhal_bsp.a(altera_nios2_gen2_irq.o)
                              ../TestProcessor_bsp/\libhal_bsp.a(alt_sys_init.o) (altera_nios2_gen2_irq_init)
c:/intelfpga_lite/18.1/nios2eds/bin/gnu/h-x86_64-mingw32/bin/../lib/gcc/nios2-elf/5.3.0/../../../../../H-x86_64-mingw32/nios2-elf/lib/mno-hw-mul\libc.a(lib_a-atexit.o)
                              ../TestProcessor_bsp/\libhal_bsp.a(alt_main.o) (atexit)
c:/intelfpga_lite/18.1/nios2eds/bin/gnu/h-x86_64-mingw32/bin/../lib/gcc/nios2-elf/5.3.0/../../../../../H-x86_64-mingw32/nios2-elf/lib/mno-hw-mul\libc.a(lib_a-exit.o)
                              ../TestProcessor_bsp/\libhal_bsp.a(alt_main.o) (exit)
c:/intelfpga_lite/18.1/nios2eds/bin/gnu/h-x86_64-mingw32/bin/../lib/gcc/nios2-elf/5.3.0/../../../../../H-x86_64-mingw32/nios2-elf/lib/mno-hw-mul\libc.a(lib_a-impure.o)
                              c:/intelfpga_lite/18.1/nios2eds/bin/gnu/h-x86_64-mingw32/bin/../lib/gcc/nios2-elf/5.3.0/../../../../../H-x86_64-mingw32/nios2-elf/lib/mno-hw-mul\libc.a(lib_a-exit.o) (_global_impure_ptr)
c:/intelfpga_lite/18.1/nios2eds/bin/gnu/h-x86_64-mingw32/bin/../lib/gcc/nios2-elf/5.3.0/../../../../../H-x86_64-mingw32/nios2-elf/lib/mno-hw-mul\libc.a(lib_a-int_errno.o)
                              ../TestProcessor_bsp/\libhal_bsp.a(alt_close.o) (errno)
c:/intelfpga_lite/18.1/nios2eds/bin/gnu/h-x86_64-mingw32/bin/../lib/gcc/nios2-elf/5.3.0/../../../../../H-x86_64-mingw32/nios2-elf/lib/mno-hw-mul\libc.a(lib_a-__atexit.o)
                              c:/intelfpga_lite/18.1/nios2eds/bin/gnu/h-x86_64-mingw32/bin/../lib/gcc/nios2-elf/5.3.0/../../../../../H-x86_64-mingw32/nios2-elf/lib/mno-hw-mul\libc.a(lib_a-atexit.o) (__register_exitproc)
c:/intelfpga_lite/18.1/nios2eds/bin/gnu/h-x86_64-mingw32/bin/../lib/gcc/nios2-elf/5.3.0/../../../../../H-x86_64-mingw32/nios2-elf/lib/mno-hw-mul\libc.a(lib_a-__call_atexit.o)
                              c:/intelfpga_lite/18.1/nios2eds/bin/gnu/h-x86_64-mingw32/bin/../lib/gcc/nios2-elf/5.3.0/../../../../../H-x86_64-mingw32/nios2-elf/lib/mno-hw-mul\libc.a(lib_a-exit.o) (__call_exitprocs)
c:/intelfpga_lite/18.1/nios2eds/bin/gnu/h-x86_64-mingw32/bin/../lib/gcc/nios2-elf/5.3.0/mno-hw-mul\libgcc.a(lib2-mul.o)
                              ../TestProcessor_bsp/\libhal_bsp.a(alt_close.o) (__mulsi3)
../TestProcessor_bsp/\libhal_bsp.a(alt_exit.o)
                              c:/intelfpga_lite/18.1/nios2eds/bin/gnu/h-x86_64-mingw32/bin/../lib/gcc/nios2-elf/5.3.0/../../../../../H-x86_64-mingw32/nios2-elf/lib/mno-hw-mul\libc.a(lib_a-exit.o) (_exit)

Allocating common symbols
Common symbol       size              file

errno               0x4               c:/intelfpga_lite/18.1/nios2eds/bin/gnu/h-x86_64-mingw32/bin/../lib/gcc/nios2-elf/5.3.0/../../../../../H-x86_64-mingw32/nios2-elf/lib/mno-hw-mul\libc.a(lib_a-int_errno.o)

Memory Configuration

Name             Origin             Length             Attributes
reset            0x0000000000002000 0x0000000000000020
ram              0x0000000000002020 0x0000000000001fe0
*default*        0x0000000000000000 0xffffffffffffffff

Linker script and memory map

LOAD ../TestProcessor_bsp//obj/HAL/src/crt0.o
LOAD obj/default/main.o
LOAD c:/intelfpga_lite/18.1/nios2eds/bin/gnu/h-x86_64-mingw32/bin/../lib/gcc/nios2-elf/5.3.0/../../../../../H-x86_64-mingw32/nios2-elf/lib/mno-hw-mul\libstdc++.a
LOAD c:/intelfpga_lite/18.1/nios2eds/bin/gnu/h-x86_64-mingw32/bin/../lib/gcc/nios2-elf/5.3.0/../../../../../H-x86_64-mingw32/nios2-elf/lib/mno-hw-mul\libm.a
LOAD c:/intelfpga_lite/18.1/nios2eds/bin/gnu/h-x86_64-mingw32/bin/../lib/gcc/nios2-elf/5.3.0/mno-hw-mul\libgcc.a
START GROUP
LOAD c:/intelfpga_lite/18.1/nios2eds/bin/gnu/h-x86_64-mingw32/bin/../lib/gcc/nios2-elf/5.3.0/../../../../../H-x86_64-mingw32/nios2-elf/lib/mno-hw-mul\libc.a
LOAD c:/intelfpga_lite/18.1/nios2eds/bin/gnu/h-x86_64-mingw32/bin/../lib/gcc/nios2-elf/5.3.0/mno-hw-mul\libgcc.a
LOAD ../TestProcessor_bsp/\libhal_bsp.a
LOAD c:/intelfpga_lite/18.1/nios2eds/bin/gnu/h-x86_64-mingw32/bin/../lib/gcc/nios2-elf/5.3.0/../../../../../H-x86_64-mingw32/nios2-elf/lib/mno-hw-mul\libm.a
END GROUP
LOAD c:/intelfpga_lite/18.1/nios2eds/bin/gnu/h-x86_64-mingw32/bin/../lib/gcc/nios2-elf/5.3.0/mno-hw-mul\libgcc.a
                0x0000000000002000                __alt_mem_ram = 0x2000

.entry          0x0000000000002000       0x20
 *(.entry)
 .entry         0x0000000000002000       0x20 ../TestProcessor_bsp//obj/HAL/src/crt0.o
                0x0000000000002000                __reset

.exceptions     0x0000000000002020        0x0
                0x0000000000002020                PROVIDE (__ram_exceptions_start, ABSOLUTE (.))
                0x0000000000002020                . = ALIGN (0x20)
 *(.irq)
 *(.exceptions.entry.label)
 *(.exceptions.entry.user)
 *(.exceptions.entry.ecc_fatal)
 *(.exceptions.entry)
 *(.exceptions.irqtest.user)
 *(.exceptions.irqtest)
 *(.exceptions.irqhandler.user)
 *(.exceptions.irqhandler)
 *(.exceptions.irqreturn.user)
 *(.exceptions.irqreturn)
 *(.exceptions.notirq.label)
 *(.exceptions.notirq.user)
 *(.exceptions.notirq)
 *(.exceptions.soft.user)
 *(.exceptions.soft)
 *(.exceptions.unknown.user)
 *(.exceptions.unknown)
 *(.exceptions.exit.label)
 *(.exceptions.exit.user)
 *(.exceptions.exit)
 *(.exceptions)
                0x0000000000002020                PROVIDE (__ram_exceptions_end, ABSOLUTE (.))
                0x0000000000002020                PROVIDE (__flash_exceptions_start, LOADADDR (.exceptions))

.text           0x0000000000002020      0x918
                [!provide]                        PROVIDE (stext, ABSOLUTE (.))
 *(.interp)
 *(.hash)
 *(.dynsym)
 *(.dynstr)
 *(.gnu.version)
 *(.gnu.version_d)
 *(.gnu.version_r)
 *(.rel.init)
 *(.rela.init)
 *(.rel.text .rel.text.* .rel.gnu.linkonce.t.*)
 *(.rela.text .rela.text.* .rela.gnu.linkonce.t.*)
 *(.rel.fini)
 *(.rela.fini)
 *(.rel.rodata .rel.rodata.* .rel.gnu.linkonce.r.*)
 *(.rela.rodata .rela.rodata.* .rela.gnu.linkonce.r.*)
 *(.rel.data .rel.data.* .rel.gnu.linkonce.d.*)
 *(.rela.data .rela.data.* .rela.gnu.linkonce.d.*)
 *(.rel.tdata .rel.tdata.* .rel.gnu.linkonce.td.*)
 *(.rela.tdata .rela.tdata.* .rela.gnu.linkonce.td.*)
 *(.rel.tbss .rel.tbss.* .rel.gnu.linkonce.tb.*)
 *(.rela.tbss .rela.tbss.* .rela.gnu.linkonce.tb.*)
 *(.rel.ctors)
 *(.rela.ctors)
 *(.rel.dtors)
 *(.rela.dtors)
 *(.rel.got)
 *(.rela.got)
 *(.rel.sdata .rel.sdata.* .rel.gnu.linkonce.s.*)
 *(.rela.sdata .rela.sdata.* .rela.gnu.linkonce.s.*)
 *(.rel.sbss .rel.sbss.* .rel.gnu.linkonce.sb.*)
 *(.rela.sbss .rela.sbss.* .rela.gnu.linkonce.sb.*)
 *(.rel.sdata2 .rel.sdata2.* .rel.gnu.linkonce.s2.*)
 *(.rela.sdata2 .rela.sdata2.* .rela.gnu.linkonce.s2.*)
 *(.rel.sbss2 .rel.sbss2.* .rel.gnu.linkonce.sb2.*)
 *(.rela.sbss2 .rela.sbss2.* .rela.gnu.linkonce.sb2.*)
 *(.rel.bss .rel.bss.* .rel.gnu.linkonce.b.*)
 *(.rela.bss .rela.bss.* .rela.gnu.linkonce.b.*)
 *(.rel.plt)
 *(.rela.plt)
 *(.rel.dyn)
 *(.init)
 *(.plt)
 *(.text .stub .text.* .gnu.linkonce.t.*)
 .text          0x0000000000002020       0x3c ../TestProcessor_bsp//obj/HAL/src/crt0.o
                0x0000000000002020                _start
 .text          0x000000000000205c      0x110 obj/default/main.o
                0x000000000000205c                main
 .text          0x000000000000216c       0xec ../TestProcessor_bsp/\libhal_bsp.a(alt_load.o)
                0x00000000000021d4                alt_load
 .text          0x0000000000002258       0x60 ../TestProcessor_bsp/\libhal_bsp.a(alt_main.o)
                0x0000000000002258                alt_main
 .text          0x00000000000022b8       0x58 ../TestProcessor_bsp/\libhal_bsp.a(alt_sys_init.o)
                0x00000000000022b8                alt_irq_init
                0x00000000000022f0                alt_sys_init
 .text          0x0000000000002310      0x114 ../TestProcessor_bsp/\libhal_bsp.a(alt_close.o)
                0x000000000000234c                close
 .text          0x0000000000002424       0x20 ../TestProcessor_bsp/\libhal_bsp.a(alt_dcache_flush_all.o)
                0x0000000000002424                alt_dcache_flush_all
 .text          0x0000000000002444       0x2c ../TestProcessor_bsp/\libhal_bsp.a(alt_dev.o)
 .text          0x0000000000002470       0x60 ../TestProcessor_bsp/\libhal_bsp.a(alt_do_ctors.o)
                0x0000000000002470                _do_ctors
 .text          0x00000000000024d0       0x60 ../TestProcessor_bsp/\libhal_bsp.a(alt_do_dtors.o)
                0x00000000000024d0                _do_dtors
 .text          0x0000000000002530        0x0 ../TestProcessor_bsp/\libhal_bsp.a(alt_errno.o)
 .text          0x0000000000002530       0x20 ../TestProcessor_bsp/\libhal_bsp.a(alt_icache_flush_all.o)
                0x0000000000002530                alt_icache_flush_all
 .text          0x0000000000002550       0x84 ../TestProcessor_bsp/\libhal_bsp.a(alt_release_fd.o)
                0x0000000000002550                alt_release_fd
 .text          0x00000000000025d4       0x24 ../TestProcessor_bsp/\libhal_bsp.a(altera_nios2_gen2_irq.o)
                0x00000000000025d4                altera_nios2_gen2_irq_init
 .text          0x00000000000025f8        0x0 c:/intelfpga_lite/18.1/nios2eds/bin/gnu/h-x86_64-mingw32/bin/../lib/gcc/nios2-elf/5.3.0/../../../../../H-x86_64-mingw32/nios2-elf/lib/mno-hw-mul\libc.a(lib_a-atexit.o)
 .text.atexit   0x00000000000025f8       0x14 c:/intelfpga_lite/18.1/nios2eds/bin/gnu/h-x86_64-mingw32/bin/../lib/gcc/nios2-elf/5.3.0/../../../../../H-x86_64-mingw32/nios2-elf/lib/mno-hw-mul\libc.a(lib_a-atexit.o)
                0x00000000000025f8                atexit
 .text          0x000000000000260c        0x0 c:/intelfpga_lite/18.1/nios2eds/bin/gnu/h-x86_64-mingw32/bin/../lib/gcc/nios2-elf/5.3.0/../../../../../H-x86_64-mingw32/nios2-elf/lib/mno-hw-mul\libc.a(lib_a-exit.o)
 .text.exit     0x000000000000260c       0x38 c:/intelfpga_lite/18.1/nios2eds/bin/gnu/h-x86_64-mingw32/bin/../lib/gcc/nios2-elf/5.3.0/../../../../../H-x86_64-mingw32/nios2-elf/lib/mno-hw-mul\libc.a(lib_a-exit.o)
                0x000000000000260c                exit
 .text          0x0000000000002644        0x0 c:/intelfpga_lite/18.1/nios2eds/bin/gnu/h-x86_64-mingw32/bin/../lib/gcc/nios2-elf/5.3.0/../../../../../H-x86_64-mingw32/nios2-elf/lib/mno-hw-mul\libc.a(lib_a-impure.o)
 .text          0x0000000000002644        0x0 c:/intelfpga_lite/18.1/nios2eds/bin/gnu/h-x86_64-mingw32/bin/../lib/gcc/nios2-elf/5.3.0/../../../../../H-x86_64-mingw32/nios2-elf/lib/mno-hw-mul\libc.a(lib_a-int_errno.o)
 .text          0x0000000000002644        0x0 c:/intelfpga_lite/18.1/nios2eds/bin/gnu/h-x86_64-mingw32/bin/../lib/gcc/nios2-elf/5.3.0/../../../../../H-x86_64-mingw32/nios2-elf/lib/mno-hw-mul\libc.a(lib_a-__atexit.o)
 .text.__register_exitproc
                0x0000000000002644      0x118 c:/intelfpga_lite/18.1/nios2eds/bin/gnu/h-x86_64-mingw32/bin/../lib/gcc/nios2-elf/5.3.0/../../../../../H-x86_64-mingw32/nios2-elf/lib/mno-hw-mul\libc.a(lib_a-__atexit.o)
                0x0000000000002644                __register_exitproc
 .text          0x000000000000275c        0x0 c:/intelfpga_lite/18.1/nios2eds/bin/gnu/h-x86_64-mingw32/bin/../lib/gcc/nios2-elf/5.3.0/../../../../../H-x86_64-mingw32/nios2-elf/lib/mno-hw-mul\libc.a(lib_a-__call_atexit.o)
 .text.__call_exitprocs
                0x000000000000275c      0x180 c:/intelfpga_lite/18.1/nios2eds/bin/gnu/h-x86_64-mingw32/bin/../lib/gcc/nios2-elf/5.3.0/../../../../../H-x86_64-mingw32/nios2-elf/lib/mno-hw-mul\libc.a(lib_a-__call_atexit.o)
                0x000000000000275c                __call_exitprocs
 .text          0x00000000000028dc       0x28 c:/intelfpga_lite/18.1/nios2eds/bin/gnu/h-x86_64-mingw32/bin/../lib/gcc/nios2-elf/5.3.0/mno-hw-mul\libgcc.a(lib2-mul.o)
                0x00000000000028dc                __mulsi3
 .text          0x0000000000002904       0x34 ../TestProcessor_bsp/\libhal_bsp.a(alt_exit.o)
                0x0000000000002904                _exit
 *(.gnu.warning.*)
 *(.fini)
                [!provide]                        PROVIDE (__etext, ABSOLUTE (.))
                [!provide]                        PROVIDE (_etext, ABSOLUTE (.))
                [!provide]                        PROVIDE (etext, ABSOLUTE (.))
 *(.eh_frame_hdr)
                0x0000000000002938                . = ALIGN (0x4)
                [!provide]                        PROVIDE (__preinit_array_start, ABSOLUTE (.))
 *(.preinit_array)
                [!provide]                        PROVIDE (__preinit_array_end, ABSOLUTE (.))
                [!provide]                        PROVIDE (__init_array_start, ABSOLUTE (.))
 *(.init_array)
                [!provide]                        PROVIDE (__init_array_end, ABSOLUTE (.))
                [!provide]                        PROVIDE (__fini_array_start, ABSOLUTE (.))
 *(.fini_array)
                [!provide]                        PROVIDE (__fini_array_end, ABSOLUTE (.))
 *(.eh_frame)
 *(.gcc_except_table .gcc_except_table.*)
 *(.dynamic)
                0x0000000000002938                PROVIDE (__CTOR_LIST__, ABSOLUTE (.))
 *(.ctors)
 *(SORT(.ctors.*))
                0x0000000000002938                PROVIDE (__CTOR_END__, ABSOLUTE (.))
                0x0000000000002938                PROVIDE (__DTOR_LIST__, ABSOLUTE (.))
 *(.dtors)
 *(SORT(.dtors.*))
                0x0000000000002938                PROVIDE (__DTOR_END__, ABSOLUTE (.))
 *(.jcr)
                0x0000000000002938                . = ALIGN (0x4)

.rodata         0x0000000000002938       0x10
                0x0000000000002938                PROVIDE (__ram_rodata_start, ABSOLUTE (.))
                0x0000000000002938                . = ALIGN (0x4)
 *(.rodata .rodata.* .gnu.linkonce.r.*)
 .rodata        0x0000000000002938        0xa ../TestProcessor_bsp/\libhal_bsp.a(alt_dev.o)
 *fill*         0x0000000000002942        0x2 
 .rodata.str1.4
                0x0000000000002944        0x4 c:/intelfpga_lite/18.1/nios2eds/bin/gnu/h-x86_64-mingw32/bin/../lib/gcc/nios2-elf/5.3.0/../../../../../H-x86_64-mingw32/nios2-elf/lib/mno-hw-mul\libc.a(lib_a-impure.o)
                                          0x2 (size before relaxing)
 *(.rodata1)
                0x0000000000002948                . = ALIGN (0x4)
                0x0000000000002948                PROVIDE (__ram_rodata_end, ABSOLUTE (.))
                0x0000000000002938                PROVIDE (__flash_rodata_start, LOADADDR (.rodata))

.rwdata         0x0000000000002948      0x5ec load address 0x0000000000002f34
                0x0000000000002948                PROVIDE (__ram_rwdata_start, ABSOLUTE (.))
                0x0000000000002948                . = ALIGN (0x4)
 *(.got.plt)
 *(.got)
 *(.data1)
 *(.data .data.* .gnu.linkonce.d.*)
 .data          0x0000000000002948        0x0 ../TestProcessor_bsp//obj/HAL/src/crt0.o
 .data          0x0000000000002948        0x0 obj/default/main.o
 .data          0x0000000000002948        0x0 ../TestProcessor_bsp/\libhal_bsp.a(alt_load.o)
 .data          0x0000000000002948        0x0 ../TestProcessor_bsp/\libhal_bsp.a(alt_main.o)
 .data          0x0000000000002948        0x0 ../TestProcessor_bsp/\libhal_bsp.a(alt_sys_init.o)
 .data          0x0000000000002948        0x0 ../TestProcessor_bsp/\libhal_bsp.a(alt_close.o)
 .data          0x0000000000002948        0x0 ../TestProcessor_bsp/\libhal_bsp.a(alt_dcache_flush_all.o)
 .data          0x0000000000002948      0x1a8 ../TestProcessor_bsp/\libhal_bsp.a(alt_dev.o)
                0x0000000000002948                alt_dev_null
                0x0000000000002970                alt_fd_list
 .data          0x0000000000002af0        0x0 ../TestProcessor_bsp/\libhal_bsp.a(alt_do_ctors.o)
 .data          0x0000000000002af0        0x0 ../TestProcessor_bsp/\libhal_bsp.a(alt_do_dtors.o)
 .data          0x0000000000002af0        0x0 ../TestProcessor_bsp/\libhal_bsp.a(alt_errno.o)
 .data          0x0000000000002af0        0x0 ../TestProcessor_bsp/\libhal_bsp.a(alt_icache_flush_all.o)
 .data          0x0000000000002af0        0x0 ../TestProcessor_bsp/\libhal_bsp.a(alt_release_fd.o)
 .data          0x0000000000002af0        0x0 ../TestProcessor_bsp/\libhal_bsp.a(altera_nios2_gen2_irq.o)
 .data          0x0000000000002af0        0x0 c:/intelfpga_lite/18.1/nios2eds/bin/gnu/h-x86_64-mingw32/bin/../lib/gcc/nios2-elf/5.3.0/../../../../../H-x86_64-mingw32/nios2-elf/lib/mno-hw-mul\libc.a(lib_a-atexit.o)
 .data          0x0000000000002af0        0x0 c:/intelfpga_lite/18.1/nios2eds/bin/gnu/h-x86_64-mingw32/bin/../lib/gcc/nios2-elf/5.3.0/../../../../../H-x86_64-mingw32/nios2-elf/lib/mno-hw-mul\libc.a(lib_a-exit.o)
 .data          0x0000000000002af0        0x0 c:/intelfpga_lite/18.1/nios2eds/bin/gnu/h-x86_64-mingw32/bin/../lib/gcc/nios2-elf/5.3.0/../../../../../H-x86_64-mingw32/nios2-elf/lib/mno-hw-mul\libc.a(lib_a-impure.o)
 .data.impure_data
                0x0000000000002af0      0x424 c:/intelfpga_lite/18.1/nios2eds/bin/gnu/h-x86_64-mingw32/bin/../lib/gcc/nios2-elf/5.3.0/../../../../../H-x86_64-mingw32/nios2-elf/lib/mno-hw-mul\libc.a(lib_a-impure.o)
 .data          0x0000000000002f14        0x0 c:/intelfpga_lite/18.1/nios2eds/bin/gnu/h-x86_64-mingw32/bin/../lib/gcc/nios2-elf/5.3.0/../../../../../H-x86_64-mingw32/nios2-elf/lib/mno-hw-mul\libc.a(lib_a-int_errno.o)
 .data          0x0000000000002f14        0x0 c:/intelfpga_lite/18.1/nios2eds/bin/gnu/h-x86_64-mingw32/bin/../lib/gcc/nios2-elf/5.3.0/../../../../../H-x86_64-mingw32/nios2-elf/lib/mno-hw-mul\libc.a(lib_a-__atexit.o)
 .data          0x0000000000002f14        0x0 c:/intelfpga_lite/18.1/nios2eds/bin/gnu/h-x86_64-mingw32/bin/../lib/gcc/nios2-elf/5.3.0/../../../../../H-x86_64-mingw32/nios2-elf/lib/mno-hw-mul\libc.a(lib_a-__call_atexit.o)
 .data          0x0000000000002f14        0x0 c:/intelfpga_lite/18.1/nios2eds/bin/gnu/h-x86_64-mingw32/bin/../lib/gcc/nios2-elf/5.3.0/mno-hw-mul\libgcc.a(lib2-mul.o)
 .data          0x0000000000002f14        0x0 ../TestProcessor_bsp/\libhal_bsp.a(alt_exit.o)
                0x000000000000af14                _gp = ABSOLUTE ((. + 0x8000))
                [!provide]                        PROVIDE (gp, _gp)
 *(.rwdata .rwdata.*)
 *(.sdata .sdata.* .gnu.linkonce.s.*)
 .sdata         0x0000000000002f14       0x14 ../TestProcessor_bsp/\libhal_bsp.a(alt_dev.o)
                0x0000000000002f14                alt_fs_list
                0x0000000000002f1c                alt_dev_list
                0x0000000000002f24                alt_max_fd
 .sdata         0x0000000000002f28        0x4 ../TestProcessor_bsp/\libhal_bsp.a(alt_errno.o)
                0x0000000000002f28                alt_errno
 .sdata._global_impure_ptr
                0x0000000000002f2c        0x4 c:/intelfpga_lite/18.1/nios2eds/bin/gnu/h-x86_64-mingw32/bin/../lib/gcc/nios2-elf/5.3.0/../../../../../H-x86_64-mingw32/nios2-elf/lib/mno-hw-mul\libc.a(lib_a-impure.o)
                0x0000000000002f2c                _global_impure_ptr
 .sdata._impure_ptr
                0x0000000000002f30        0x4 c:/intelfpga_lite/18.1/nios2eds/bin/gnu/h-x86_64-mingw32/bin/../lib/gcc/nios2-elf/5.3.0/../../../../../H-x86_64-mingw32/nios2-elf/lib/mno-hw-mul\libc.a(lib_a-impure.o)
                0x0000000000002f30                _impure_ptr
 *(.sdata2 .sdata2.* .gnu.linkonce.s2.*)
                0x0000000000002f34                . = ALIGN (0x4)
                0x0000000000002f34                _edata = ABSOLUTE (.)
                [!provide]                        PROVIDE (edata, ABSOLUTE (.))
                0x0000000000002f34                PROVIDE (__ram_rwdata_end, ABSOLUTE (.))
                0x0000000000002f34                PROVIDE (__flash_rwdata_start, LOADADDR (.rwdata))

.bss            0x0000000000003520       0x10
                0x0000000000003520                __bss_start = ABSOLUTE (.)
                [!provide]                        PROVIDE (__sbss_start, ABSOLUTE (.))
                [!provide]                        PROVIDE (___sbss_start, ABSOLUTE (.))
 *(.dynsbss)
 *(.sbss .sbss.* .gnu.linkonce.sb.*)
 .sbss          0x0000000000003520        0xc ../TestProcessor_bsp/\libhal_bsp.a(alt_main.o)
                0x0000000000003520                alt_argc
                0x0000000000003524                alt_argv
                0x0000000000003528                alt_envp
 .sbss          0x000000000000352c        0x4 c:/intelfpga_lite/18.1/nios2eds/bin/gnu/h-x86_64-mingw32/bin/../lib/gcc/nios2-elf/5.3.0/../../../../../H-x86_64-mingw32/nios2-elf/lib/mno-hw-mul\libc.a(lib_a-int_errno.o)
                0x000000000000352c                errno
 *(.sbss2 .sbss2.* .gnu.linkonce.sb2.*)
 *(.scommon)
                [!provide]                        PROVIDE (__sbss_end, ABSOLUTE (.))
                [!provide]                        PROVIDE (___sbss_end, ABSOLUTE (.))
 *(.dynbss)
 *(.bss .bss.* .gnu.linkonce.b.*)
 .bss           0x0000000000003530        0x0 ../TestProcessor_bsp//obj/HAL/src/crt0.o
 .bss           0x0000000000003530        0x0 obj/default/main.o
 .bss           0x0000000000003530        0x0 ../TestProcessor_bsp/\libhal_bsp.a(alt_load.o)
 .bss           0x0000000000003530        0x0 ../TestProcessor_bsp/\libhal_bsp.a(alt_main.o)
 .bss           0x0000000000003530        0x0 ../TestProcessor_bsp/\libhal_bsp.a(alt_sys_init.o)
 .bss           0x0000000000003530        0x0 ../TestProcessor_bsp/\libhal_bsp.a(alt_close.o)
 .bss           0x0000000000003530        0x0 ../TestProcessor_bsp/\libhal_bsp.a(alt_dcache_flush_all.o)
 .bss           0x0000000000003530        0x0 ../TestProcessor_bsp/\libhal_bsp.a(alt_dev.o)
 .bss           0x0000000000003530        0x0 ../TestProcessor_bsp/\libhal_bsp.a(alt_do_ctors.o)
 .bss           0x0000000000003530        0x0 ../TestProcessor_bsp/\libhal_bsp.a(alt_do_dtors.o)
 .bss           0x0000000000003530        0x0 ../TestProcessor_bsp/\libhal_bsp.a(alt_errno.o)
 .bss           0x0000000000003530        0x0 ../TestProcessor_bsp/\libhal_bsp.a(alt_icache_flush_all.o)
 .bss           0x0000000000003530        0x0 ../TestProcessor_bsp/\libhal_bsp.a(alt_release_fd.o)
 .bss           0x0000000000003530        0x0 ../TestProcessor_bsp/\libhal_bsp.a(altera_nios2_gen2_irq.o)
 .bss           0x0000000000003530        0x0 c:/intelfpga_lite/18.1/nios2eds/bin/gnu/h-x86_64-mingw32/bin/../lib/gcc/nios2-elf/5.3.0/../../../../../H-x86_64-mingw32/nios2-elf/lib/mno-hw-mul\libc.a(lib_a-atexit.o)
 .bss           0x0000000000003530        0x0 c:/intelfpga_lite/18.1/nios2eds/bin/gnu/h-x86_64-mingw32/bin/../lib/gcc/nios2-elf/5.3.0/../../../../../H-x86_64-mingw32/nios2-elf/lib/mno-hw-mul\libc.a(lib_a-exit.o)
 .bss           0x0000000000003530        0x0 c:/intelfpga_lite/18.1/nios2eds/bin/gnu/h-x86_64-mingw32/bin/../lib/gcc/nios2-elf/5.3.0/../../../../../H-x86_64-mingw32/nios2-elf/lib/mno-hw-mul\libc.a(lib_a-impure.o)
 .bss           0x0000000000003530        0x0 c:/intelfpga_lite/18.1/nios2eds/bin/gnu/h-x86_64-mingw32/bin/../lib/gcc/nios2-elf/5.3.0/../../../../../H-x86_64-mingw32/nios2-elf/lib/mno-hw-mul\libc.a(lib_a-int_errno.o)
 .bss           0x0000000000003530        0x0 c:/intelfpga_lite/18.1/nios2eds/bin/gnu/h-x86_64-mingw32/bin/../lib/gcc/nios2-elf/5.3.0/../../../../../H-x86_64-mingw32/nios2-elf/lib/mno-hw-mul\libc.a(lib_a-__atexit.o)
 .bss           0x0000000000003530        0x0 c:/intelfpga_lite/18.1/nios2eds/bin/gnu/h-x86_64-mingw32/bin/../lib/gcc/nios2-elf/5.3.0/../../../../../H-x86_64-mingw32/nios2-elf/lib/mno-hw-mul\libc.a(lib_a-__call_atexit.o)
 .bss           0x0000000000003530        0x0 c:/intelfpga_lite/18.1/nios2eds/bin/gnu/h-x86_64-mingw32/bin/../lib/gcc/nios2-elf/5.3.0/mno-hw-mul\libgcc.a(lib2-mul.o)
 .bss           0x0000000000003530        0x0 ../TestProcessor_bsp/\libhal_bsp.a(alt_exit.o)
 *(COMMON)
                0x0000000000003530                . = ALIGN (0x4)
                0x0000000000003530                __bss_end = ABSOLUTE (.)

.ram            0x0000000000003530        0x0
                [!provide]                        PROVIDE (_alt_partition_ram_start, ABSOLUTE (.))
 *(.ram .ram. ram.*)
                0x0000000000003530                . = ALIGN (0x4)
                [!provide]                        PROVIDE (_alt_partition_ram_end, ABSOLUTE (.))
                0x0000000000003530                _end = ABSOLUTE (.)
                0x0000000000003530                end = ABSOLUTE (.)
                0x0000000000003530                __alt_stack_base = ABSOLUTE (.)
                [!provide]                        PROVIDE (_alt_partition_ram_load_addr, LOADADDR (.ram))

.stab
 *(.stab)

.stabstr
 *(.stabstr)

.stab.excl
 *(.stab.excl)

.stab.exclstr
 *(.stab.exclstr)

.stab.index
 *(.stab.index)

.stab.indexstr
 *(.stab.indexstr)

.comment        0x0000000000000000       0x23
 *(.comment)
 .comment       0x0000000000000000       0x23 obj/default/main.o
                                         0x24 (size before relaxing)
 .comment       0x0000000000000023       0x24 ../TestProcessor_bsp/\libhal_bsp.a(alt_load.o)
 .comment       0x0000000000000023       0x24 ../TestProcessor_bsp/\libhal_bsp.a(alt_main.o)
 .comment       0x0000000000000023       0x24 ../TestProcessor_bsp/\libhal_bsp.a(alt_sys_init.o)
 .comment       0x0000000000000023       0x24 ../TestProcessor_bsp/\libhal_bsp.a(alt_close.o)
 .comment       0x0000000000000023       0x24 ../TestProcessor_bsp/\libhal_bsp.a(alt_dcache_flush_all.o)
 .comment       0x0000000000000023       0x24 ../TestProcessor_bsp/\libhal_bsp.a(alt_dev.o)
 .comment       0x0000000000000023       0x24 ../TestProcessor_bsp/\libhal_bsp.a(alt_do_ctors.o)
 .comment       0x0000000000000023       0x24 ../TestProcessor_bsp/\libhal_bsp.a(alt_do_dtors.o)
 .comment       0x0000000000000023       0x24 ../TestProcessor_bsp/\libhal_bsp.a(alt_errno.o)
 .comment       0x0000000000000023       0x24 ../TestProcessor_bsp/\libhal_bsp.a(alt_icache_flush_all.o)
 .comment       0x0000000000000023       0x24 ../TestProcessor_bsp/\libhal_bsp.a(alt_release_fd.o)
 .comment       0x0000000000000023       0x24 ../TestProcessor_bsp/\libhal_bsp.a(altera_nios2_gen2_irq.o)
 .comment       0x0000000000000023       0x24 c:/intelfpga_lite/18.1/nios2eds/bin/gnu/h-x86_64-mingw32/bin/../lib/gcc/nios2-elf/5.3.0/../../../../../H-x86_64-mingw32/nios2-elf/lib/mno-hw-mul\libc.a(lib_a-atexit.o)
 .comment       0x0000000000000023       0x24 c:/intelfpga_lite/18.1/nios2eds/bin/gnu/h-x86_64-mingw32/bin/../lib/gcc/nios2-elf/5.3.0/../../../../../H-x86_64-mingw32/nios2-elf/lib/mno-hw-mul\libc.a(lib_a-exit.o)
 .comment       0x0000000000000023       0x24 c:/intelfpga_lite/18.1/nios2eds/bin/gnu/h-x86_64-mingw32/bin/../lib/gcc/nios2-elf/5.3.0/../../../../../H-x86_64-mingw32/nios2-elf/lib/mno-hw-mul\libc.a(lib_a-impure.o)
 .comment       0x0000000000000023       0x24 c:/intelfpga_lite/18.1/nios2eds/bin/gnu/h-x86_64-mingw32/bin/../lib/gcc/nios2-elf/5.3.0/../../../../../H-x86_64-mingw32/nios2-elf/lib/mno-hw-mul\libc.a(lib_a-int_errno.o)
 .comment       0x0000000000000023       0x24 c:/intelfpga_lite/18.1/nios2eds/bin/gnu/h-x86_64-mingw32/bin/../lib/gcc/nios2-elf/5.3.0/../../../../../H-x86_64-mingw32/nios2-elf/lib/mno-hw-mul\libc.a(lib_a-__atexit.o)
 .comment       0x0000000000000023       0x24 c:/intelfpga_lite/18.1/nios2eds/bin/gnu/h-x86_64-mingw32/bin/../lib/gcc/nios2-elf/5.3.0/../../../../../H-x86_64-mingw32/nios2-elf/lib/mno-hw-mul\libc.a(lib_a-__call_atexit.o)
 .comment       0x0000000000000023       0x24 c:/intelfpga_lite/18.1/nios2eds/bin/gnu/h-x86_64-mingw32/bin/../lib/gcc/nios2-elf/5.3.0/mno-hw-mul\libgcc.a(lib2-mul.o)
 .comment       0x0000000000000023       0x24 ../TestProcessor_bsp/\libhal_bsp.a(alt_exit.o)

.debug
 *(.debug)

.line
 *(.line)

.debug_srcinfo
 *(.debug_srcinfo)

.debug_sfnames
 *(.debug_sfnames)

.debug_aranges  0x0000000000000000      0x2b0
 *(.debug_aranges)
 .debug_aranges
                0x0000000000000000       0x28 ../TestProcessor_bsp//obj/HAL/src/crt0.o
 .debug_aranges
                0x0000000000000028       0x20 obj/default/main.o
 .debug_aranges
                0x0000000000000048       0x20 ../TestProcessor_bsp/\libhal_bsp.a(alt_load.o)
 .debug_aranges
                0x0000000000000068       0x20 ../TestProcessor_bsp/\libhal_bsp.a(alt_main.o)
 .debug_aranges
                0x0000000000000088       0x20 ../TestProcessor_bsp/\libhal_bsp.a(alt_sys_init.o)
 .debug_aranges
                0x00000000000000a8       0x20 ../TestProcessor_bsp/\libhal_bsp.a(alt_close.o)
 .debug_aranges
                0x00000000000000c8       0x20 ../TestProcessor_bsp/\libhal_bsp.a(alt_dcache_flush_all.o)
 .debug_aranges
                0x00000000000000e8       0x20 ../TestProcessor_bsp/\libhal_bsp.a(alt_dev.o)
 .debug_aranges
                0x0000000000000108       0x20 ../TestProcessor_bsp/\libhal_bsp.a(alt_do_ctors.o)
 .debug_aranges
                0x0000000000000128       0x20 ../TestProcessor_bsp/\libhal_bsp.a(alt_do_dtors.o)
 .debug_aranges
                0x0000000000000148       0x18 ../TestProcessor_bsp/\libhal_bsp.a(alt_errno.o)
 .debug_aranges
                0x0000000000000160       0x20 ../TestProcessor_bsp/\libhal_bsp.a(alt_icache_flush_all.o)
 .debug_aranges
                0x0000000000000180       0x20 ../TestProcessor_bsp/\libhal_bsp.a(alt_release_fd.o)
 .debug_aranges
                0x00000000000001a0       0x20 ../TestProcessor_bsp/\libhal_bsp.a(altera_nios2_gen2_irq.o)
 .debug_aranges
                0x00000000000001c0       0x20 c:/intelfpga_lite/18.1/nios2eds/bin/gnu/h-x86_64-mingw32/bin/../lib/gcc/nios2-elf/5.3.0/../../../../../H-x86_64-mingw32/nios2-elf/lib/mno-hw-mul\libc.a(lib_a-atexit.o)
 .debug_aranges
                0x00000000000001e0       0x20 c:/intelfpga_lite/18.1/nios2eds/bin/gnu/h-x86_64-mingw32/bin/../lib/gcc/nios2-elf/5.3.0/../../../../../H-x86_64-mingw32/nios2-elf/lib/mno-hw-mul\libc.a(lib_a-exit.o)
 .debug_aranges
                0x0000000000000200       0x18 c:/intelfpga_lite/18.1/nios2eds/bin/gnu/h-x86_64-mingw32/bin/../lib/gcc/nios2-elf/5.3.0/../../../../../H-x86_64-mingw32/nios2-elf/lib/mno-hw-mul\libc.a(lib_a-impure.o)
 .debug_aranges
                0x0000000000000218       0x18 c:/intelfpga_lite/18.1/nios2eds/bin/gnu/h-x86_64-mingw32/bin/../lib/gcc/nios2-elf/5.3.0/../../../../../H-x86_64-mingw32/nios2-elf/lib/mno-hw-mul\libc.a(lib_a-int_errno.o)
 .debug_aranges
                0x0000000000000230       0x20 c:/intelfpga_lite/18.1/nios2eds/bin/gnu/h-x86_64-mingw32/bin/../lib/gcc/nios2-elf/5.3.0/../../../../../H-x86_64-mingw32/nios2-elf/lib/mno-hw-mul\libc.a(lib_a-__atexit.o)
 .debug_aranges
                0x0000000000000250       0x20 c:/intelfpga_lite/18.1/nios2eds/bin/gnu/h-x86_64-mingw32/bin/../lib/gcc/nios2-elf/5.3.0/../../../../../H-x86_64-mingw32/nios2-elf/lib/mno-hw-mul\libc.a(lib_a-__call_atexit.o)
 .debug_aranges
                0x0000000000000270       0x20 c:/intelfpga_lite/18.1/nios2eds/bin/gnu/h-x86_64-mingw32/bin/../lib/gcc/nios2-elf/5.3.0/mno-hw-mul\libgcc.a(lib2-mul.o)
 .debug_aranges
                0x0000000000000290       0x20 ../TestProcessor_bsp/\libhal_bsp.a(alt_exit.o)

.debug_pubnames
 *(.debug_pubnames)

.debug_info     0x0000000000000000     0x3a41
 *(.debug_info .gnu.linkonce.wi.*)
 .debug_info    0x0000000000000000       0x7a ../TestProcessor_bsp//obj/HAL/src/crt0.o
 .debug_info    0x000000000000007a       0xcc obj/default/main.o
 .debug_info    0x0000000000000146      0x145 ../TestProcessor_bsp/\libhal_bsp.a(alt_load.o)
 .debug_info    0x000000000000028b      0x157 ../TestProcessor_bsp/\libhal_bsp.a(alt_main.o)
 .debug_info    0x00000000000003e2       0xfa ../TestProcessor_bsp/\libhal_bsp.a(alt_sys_init.o)
 .debug_info    0x00000000000004dc      0x321 ../TestProcessor_bsp/\libhal_bsp.a(alt_close.o)
 .debug_info    0x00000000000007fd       0x92 ../TestProcessor_bsp/\libhal_bsp.a(alt_dcache_flush_all.o)
 .debug_info    0x000000000000088f      0x49c ../TestProcessor_bsp/\libhal_bsp.a(alt_dev.o)
 .debug_info    0x0000000000000d2b       0x83 ../TestProcessor_bsp/\libhal_bsp.a(alt_do_ctors.o)
 .debug_info    0x0000000000000dae       0x83 ../TestProcessor_bsp/\libhal_bsp.a(alt_do_dtors.o)
 .debug_info    0x0000000000000e31       0xa6 ../TestProcessor_bsp/\libhal_bsp.a(alt_errno.o)
 .debug_info    0x0000000000000ed7       0x92 ../TestProcessor_bsp/\libhal_bsp.a(alt_icache_flush_all.o)
 .debug_info    0x0000000000000f69      0x2b0 ../TestProcessor_bsp/\libhal_bsp.a(alt_release_fd.o)
 .debug_info    0x0000000000001219       0xb8 ../TestProcessor_bsp/\libhal_bsp.a(altera_nios2_gen2_irq.o)
 .debug_info    0x00000000000012d1       0xfe c:/intelfpga_lite/18.1/nios2eds/bin/gnu/h-x86_64-mingw32/bin/../lib/gcc/nios2-elf/5.3.0/../../../../../H-x86_64-mingw32/nios2-elf/lib/mno-hw-mul\libc.a(lib_a-atexit.o)
 .debug_info    0x00000000000013cf      0x8e4 c:/intelfpga_lite/18.1/nios2eds/bin/gnu/h-x86_64-mingw32/bin/../lib/gcc/nios2-elf/5.3.0/../../../../../H-x86_64-mingw32/nios2-elf/lib/mno-hw-mul\libc.a(lib_a-exit.o)
 .debug_info    0x0000000000001cb3      0x8a1 c:/intelfpga_lite/18.1/nios2eds/bin/gnu/h-x86_64-mingw32/bin/../lib/gcc/nios2-elf/5.3.0/../../../../../H-x86_64-mingw32/nios2-elf/lib/mno-hw-mul\libc.a(lib_a-impure.o)
 .debug_info    0x0000000000002554       0x8a c:/intelfpga_lite/18.1/nios2eds/bin/gnu/h-x86_64-mingw32/bin/../lib/gcc/nios2-elf/5.3.0/../../../../../H-x86_64-mingw32/nios2-elf/lib/mno-hw-mul\libc.a(lib_a-int_errno.o)
 .debug_info    0x00000000000025de      0x934 c:/intelfpga_lite/18.1/nios2eds/bin/gnu/h-x86_64-mingw32/bin/../lib/gcc/nios2-elf/5.3.0/../../../../../H-x86_64-mingw32/nios2-elf/lib/mno-hw-mul\libc.a(lib_a-__atexit.o)
 .debug_info    0x0000000000002f12      0x965 c:/intelfpga_lite/18.1/nios2eds/bin/gnu/h-x86_64-mingw32/bin/../lib/gcc/nios2-elf/5.3.0/../../../../../H-x86_64-mingw32/nios2-elf/lib/mno-hw-mul\libc.a(lib_a-__call_atexit.o)
 .debug_info    0x0000000000003877       0xb4 c:/intelfpga_lite/18.1/nios2eds/bin/gnu/h-x86_64-mingw32/bin/../lib/gcc/nios2-elf/5.3.0/mno-hw-mul\libgcc.a(lib2-mul.o)
 .debug_info    0x000000000000392b      0x116 ../TestProcessor_bsp/\libhal_bsp.a(alt_exit.o)

.debug_abbrev   0x0000000000000000     0x1184
 *(.debug_abbrev)
 .debug_abbrev  0x0000000000000000       0x12 ../TestProcessor_bsp//obj/HAL/src/crt0.o
 .debug_abbrev  0x0000000000000012       0x69 obj/default/main.o
 .debug_abbrev  0x000000000000007b       0x9f ../TestProcessor_bsp/\libhal_bsp.a(alt_load.o)
 .debug_abbrev  0x000000000000011a       0xc1 ../TestProcessor_bsp/\libhal_bsp.a(alt_main.o)
 .debug_abbrev  0x00000000000001db       0xbc ../TestProcessor_bsp/\libhal_bsp.a(alt_sys_init.o)
 .debug_abbrev  0x0000000000000297      0x11f ../TestProcessor_bsp/\libhal_bsp.a(alt_close.o)
 .debug_abbrev  0x00000000000003b6       0x42 ../TestProcessor_bsp/\libhal_bsp.a(alt_dcache_flush_all.o)
 .debug_abbrev  0x00000000000003f8       0xd9 ../TestProcessor_bsp/\libhal_bsp.a(alt_dev.o)
 .debug_abbrev  0x00000000000004d1       0x79 ../TestProcessor_bsp/\libhal_bsp.a(alt_do_ctors.o)
 .debug_abbrev  0x000000000000054a       0x79 ../TestProcessor_bsp/\libhal_bsp.a(alt_do_dtors.o)
 .debug_abbrev  0x00000000000005c3       0x5a ../TestProcessor_bsp/\libhal_bsp.a(alt_errno.o)
 .debug_abbrev  0x000000000000061d       0x42 ../TestProcessor_bsp/\libhal_bsp.a(alt_icache_flush_all.o)
 .debug_abbrev  0x000000000000065f       0xde ../TestProcessor_bsp/\libhal_bsp.a(alt_release_fd.o)
 .debug_abbrev  0x000000000000073d       0x67 ../TestProcessor_bsp/\libhal_bsp.a(altera_nios2_gen2_irq.o)
 .debug_abbrev  0x00000000000007a4       0xaa c:/intelfpga_lite/18.1/nios2eds/bin/gnu/h-x86_64-mingw32/bin/../lib/gcc/nios2-elf/5.3.0/../../../../../H-x86_64-mingw32/nios2-elf/lib/mno-hw-mul\libc.a(lib_a-atexit.o)
 .debug_abbrev  0x000000000000084e      0x1e5 c:/intelfpga_lite/18.1/nios2eds/bin/gnu/h-x86_64-mingw32/bin/../lib/gcc/nios2-elf/5.3.0/../../../../../H-x86_64-mingw32/nios2-elf/lib/mno-hw-mul\libc.a(lib_a-exit.o)
 .debug_abbrev  0x0000000000000a33      0x18f c:/intelfpga_lite/18.1/nios2eds/bin/gnu/h-x86_64-mingw32/bin/../lib/gcc/nios2-elf/5.3.0/../../../../../H-x86_64-mingw32/nios2-elf/lib/mno-hw-mul\libc.a(lib_a-impure.o)
 .debug_abbrev  0x0000000000000bc2       0x37 c:/intelfpga_lite/18.1/nios2eds/bin/gnu/h-x86_64-mingw32/bin/../lib/gcc/nios2-elf/5.3.0/../../../../../H-x86_64-mingw32/nios2-elf/lib/mno-hw-mul\libc.a(lib_a-int_errno.o)
 .debug_abbrev  0x0000000000000bf9      0x21e c:/intelfpga_lite/18.1/nios2eds/bin/gnu/h-x86_64-mingw32/bin/../lib/gcc/nios2-elf/5.3.0/../../../../../H-x86_64-mingw32/nios2-elf/lib/mno-hw-mul\libc.a(lib_a-__atexit.o)
 .debug_abbrev  0x0000000000000e17      0x22e c:/intelfpga_lite/18.1/nios2eds/bin/gnu/h-x86_64-mingw32/bin/../lib/gcc/nios2-elf/5.3.0/../../../../../H-x86_64-mingw32/nios2-elf/lib/mno-hw-mul\libc.a(lib_a-__call_atexit.o)
 .debug_abbrev  0x0000000000001045       0x6f c:/intelfpga_lite/18.1/nios2eds/bin/gnu/h-x86_64-mingw32/bin/../lib/gcc/nios2-elf/5.3.0/mno-hw-mul\libgcc.a(lib2-mul.o)
 .debug_abbrev  0x00000000000010b4       0xd0 ../TestProcessor_bsp/\libhal_bsp.a(alt_exit.o)

.debug_line     0x0000000000000000     0x1248
 *(.debug_line)
 .debug_line    0x0000000000000000       0x66 ../TestProcessor_bsp//obj/HAL/src/crt0.o
 .debug_line    0x0000000000000066       0x7b obj/default/main.o
 .debug_line    0x00000000000000e1       0x8e ../TestProcessor_bsp/\libhal_bsp.a(alt_load.o)
 .debug_line    0x000000000000016f       0xcd ../TestProcessor_bsp/\libhal_bsp.a(alt_main.o)
 .debug_line    0x000000000000023c       0xa7 ../TestProcessor_bsp/\libhal_bsp.a(alt_sys_init.o)
 .debug_line    0x00000000000002e3      0x165 ../TestProcessor_bsp/\libhal_bsp.a(alt_close.o)
 .debug_line    0x0000000000000448       0x51 ../TestProcessor_bsp/\libhal_bsp.a(alt_dcache_flush_all.o)
 .debug_line    0x0000000000000499       0xf8 ../TestProcessor_bsp/\libhal_bsp.a(alt_dev.o)
 .debug_line    0x0000000000000591       0x59 ../TestProcessor_bsp/\libhal_bsp.a(alt_do_ctors.o)
 .debug_line    0x00000000000005ea       0x59 ../TestProcessor_bsp/\libhal_bsp.a(alt_do_dtors.o)
 .debug_line    0x0000000000000643       0x51 ../TestProcessor_bsp/\libhal_bsp.a(alt_errno.o)
 .debug_line    0x0000000000000694       0x4f ../TestProcessor_bsp/\libhal_bsp.a(alt_icache_flush_all.o)
 .debug_line    0x00000000000006e3       0xb0 ../TestProcessor_bsp/\libhal_bsp.a(alt_release_fd.o)
 .debug_line    0x0000000000000793       0x8d ../TestProcessor_bsp/\libhal_bsp.a(altera_nios2_gen2_irq.o)
 .debug_line    0x0000000000000820       0xe7 c:/intelfpga_lite/18.1/nios2eds/bin/gnu/h-x86_64-mingw32/bin/../lib/gcc/nios2-elf/5.3.0/../../../../../H-x86_64-mingw32/nios2-elf/lib/mno-hw-mul\libc.a(lib_a-atexit.o)
 .debug_line    0x0000000000000907      0x1fc c:/intelfpga_lite/18.1/nios2eds/bin/gnu/h-x86_64-mingw32/bin/../lib/gcc/nios2-elf/5.3.0/../../../../../H-x86_64-mingw32/nios2-elf/lib/mno-hw-mul\libc.a(lib_a-exit.o)
 .debug_line    0x0000000000000b03      0x160 c:/intelfpga_lite/18.1/nios2eds/bin/gnu/h-x86_64-mingw32/bin/../lib/gcc/nios2-elf/5.3.0/../../../../../H-x86_64-mingw32/nios2-elf/lib/mno-hw-mul\libc.a(lib_a-impure.o)
 .debug_line    0x0000000000000c63       0x5f c:/intelfpga_lite/18.1/nios2eds/bin/gnu/h-x86_64-mingw32/bin/../lib/gcc/nios2-elf/5.3.0/../../../../../H-x86_64-mingw32/nios2-elf/lib/mno-hw-mul\libc.a(lib_a-int_errno.o)
 .debug_line    0x0000000000000cc2      0x21f c:/intelfpga_lite/18.1/nios2eds/bin/gnu/h-x86_64-mingw32/bin/../lib/gcc/nios2-elf/5.3.0/../../../../../H-x86_64-mingw32/nios2-elf/lib/mno-hw-mul\libc.a(lib_a-__atexit.o)
 .debug_line    0x0000000000000ee1      0x23a c:/intelfpga_lite/18.1/nios2eds/bin/gnu/h-x86_64-mingw32/bin/../lib/gcc/nios2-elf/5.3.0/../../../../../H-x86_64-mingw32/nios2-elf/lib/mno-hw-mul\libc.a(lib_a-__call_atexit.o)
 .debug_line    0x000000000000111b       0x80 c:/intelfpga_lite/18.1/nios2eds/bin/gnu/h-x86_64-mingw32/bin/../lib/gcc/nios2-elf/5.3.0/mno-hw-mul\libgcc.a(lib2-mul.o)
 .debug_line    0x000000000000119b       0xad ../TestProcessor_bsp/\libhal_bsp.a(alt_exit.o)

.debug_frame    0x0000000000000000      0x40c
 *(.debug_frame)
 .debug_frame   0x0000000000000000       0x2c obj/default/main.o
 .debug_frame   0x000000000000002c       0x5c ../TestProcessor_bsp/\libhal_bsp.a(alt_load.o)
 .debug_frame   0x0000000000000088       0x2c ../TestProcessor_bsp/\libhal_bsp.a(alt_main.o)
 .debug_frame   0x00000000000000b4       0x5c ../TestProcessor_bsp/\libhal_bsp.a(alt_sys_init.o)
 .debug_frame   0x0000000000000110       0x60 ../TestProcessor_bsp/\libhal_bsp.a(alt_close.o)
 .debug_frame   0x0000000000000170       0x34 ../TestProcessor_bsp/\libhal_bsp.a(alt_dcache_flush_all.o)
 .debug_frame   0x00000000000001a4       0x34 ../TestProcessor_bsp/\libhal_bsp.a(alt_dev.o)
 .debug_frame   0x00000000000001d8       0x38 ../TestProcessor_bsp/\libhal_bsp.a(alt_do_ctors.o)
 .debug_frame   0x0000000000000210       0x38 ../TestProcessor_bsp/\libhal_bsp.a(alt_do_dtors.o)
 .debug_frame   0x0000000000000248       0x34 ../TestProcessor_bsp/\libhal_bsp.a(alt_icache_flush_all.o)
 .debug_frame   0x000000000000027c       0x3c ../TestProcessor_bsp/\libhal_bsp.a(alt_release_fd.o)
 .debug_frame   0x00000000000002b8       0x34 ../TestProcessor_bsp/\libhal_bsp.a(altera_nios2_gen2_irq.o)
 .debug_frame   0x00000000000002ec       0x20 c:/intelfpga_lite/18.1/nios2eds/bin/gnu/h-x86_64-mingw32/bin/../lib/gcc/nios2-elf/5.3.0/../../../../../H-x86_64-mingw32/nios2-elf/lib/mno-hw-mul\libc.a(lib_a-atexit.o)
 .debug_frame   0x000000000000030c       0x28 c:/intelfpga_lite/18.1/nios2eds/bin/gnu/h-x86_64-mingw32/bin/../lib/gcc/nios2-elf/5.3.0/../../../../../H-x86_64-mingw32/nios2-elf/lib/mno-hw-mul\libc.a(lib_a-exit.o)
 .debug_frame   0x0000000000000334       0x38 c:/intelfpga_lite/18.1/nios2eds/bin/gnu/h-x86_64-mingw32/bin/../lib/gcc/nios2-elf/5.3.0/../../../../../H-x86_64-mingw32/nios2-elf/lib/mno-hw-mul\libc.a(lib_a-__atexit.o)
 .debug_frame   0x000000000000036c       0x54 c:/intelfpga_lite/18.1/nios2eds/bin/gnu/h-x86_64-mingw32/bin/../lib/gcc/nios2-elf/5.3.0/../../../../../H-x86_64-mingw32/nios2-elf/lib/mno-hw-mul\libc.a(lib_a-__call_atexit.o)
 .debug_frame   0x00000000000003c0       0x20 c:/intelfpga_lite/18.1/nios2eds/bin/gnu/h-x86_64-mingw32/bin/../lib/gcc/nios2-elf/5.3.0/mno-hw-mul\libgcc.a(lib2-mul.o)
 .debug_frame   0x00000000000003e0       0x2c ../TestProcessor_bsp/\libhal_bsp.a(alt_exit.o)

.debug_str      0x0000000000000000      0xec6
 *(.debug_str)
 .debug_str     0x0000000000000000      0x102 obj/default/main.o
                                        0x135 (size before relaxing)
 .debug_str     0x0000000000000102      0x14c ../TestProcessor_bsp/\libhal_bsp.a(alt_load.o)
                                        0x21e (size before relaxing)
 .debug_str     0x000000000000024e       0x91 ../TestProcessor_bsp/\libhal_bsp.a(alt_main.o)
                                        0x1d2 (size before relaxing)
 .debug_str     0x00000000000002df       0x47 ../TestProcessor_bsp/\libhal_bsp.a(alt_sys_init.o)
                                        0x1a2 (size before relaxing)
 .debug_str     0x0000000000000326       0x90 ../TestProcessor_bsp/\libhal_bsp.a(alt_close.o)
                                        0x217 (size before relaxing)
 .debug_str     0x00000000000003b6       0x34 ../TestProcessor_bsp/\libhal_bsp.a(alt_dcache_flush_all.o)
                                        0x161 (size before relaxing)
 .debug_str     0x00000000000003ea      0x120 ../TestProcessor_bsp/\libhal_bsp.a(alt_dev.o)
                                        0x311 (size before relaxing)
 .debug_str     0x000000000000050a       0x48 ../TestProcessor_bsp/\libhal_bsp.a(alt_do_ctors.o)
                                         0xdc (size before relaxing)
 .debug_str     0x0000000000000552       0x4c ../TestProcessor_bsp/\libhal_bsp.a(alt_do_dtors.o)
                                         0xdb (size before relaxing)
 .debug_str     0x000000000000059e       0x14 ../TestProcessor_bsp/\libhal_bsp.a(alt_errno.o)
                                        0x151 (size before relaxing)
 .debug_str     0x00000000000005b2       0x34 ../TestProcessor_bsp/\libhal_bsp.a(alt_icache_flush_all.o)
                                        0x161 (size before relaxing)
 .debug_str     0x00000000000005e6       0x28 ../TestProcessor_bsp/\libhal_bsp.a(alt_release_fd.o)
                                        0x1df (size before relaxing)
 .debug_str     0x000000000000060e       0x3b ../TestProcessor_bsp/\libhal_bsp.a(altera_nios2_gen2_irq.o)
                                        0x191 (size before relaxing)
 .debug_str     0x0000000000000649      0x17c c:/intelfpga_lite/18.1/nios2eds/bin/gnu/h-x86_64-mingw32/bin/../lib/gcc/nios2-elf/5.3.0/../../../../../H-x86_64-mingw32/nios2-elf/lib/mno-hw-mul\libc.a(lib_a-atexit.o)
                                        0x221 (size before relaxing)
 .debug_str     0x00000000000007c5      0x3d6 c:/intelfpga_lite/18.1/nios2eds/bin/gnu/h-x86_64-mingw32/bin/../lib/gcc/nios2-elf/5.3.0/../../../../../H-x86_64-mingw32/nios2-elf/lib/mno-hw-mul\libc.a(lib_a-exit.o)
                                        0x5be (size before relaxing)
 .debug_str     0x0000000000000b9b       0xd6 c:/intelfpga_lite/18.1/nios2eds/bin/gnu/h-x86_64-mingw32/bin/../lib/gcc/nios2-elf/5.3.0/../../../../../H-x86_64-mingw32/nios2-elf/lib/mno-hw-mul\libc.a(lib_a-impure.o)
                                        0x5b5 (size before relaxing)
 .debug_str     0x0000000000000c71       0x3f c:/intelfpga_lite/18.1/nios2eds/bin/gnu/h-x86_64-mingw32/bin/../lib/gcc/nios2-elf/5.3.0/../../../../../H-x86_64-mingw32/nios2-elf/lib/mno-hw-mul\libc.a(lib_a-int_errno.o)
                                        0x1dd (size before relaxing)
 .debug_str     0x0000000000000cb0       0x3f c:/intelfpga_lite/18.1/nios2eds/bin/gnu/h-x86_64-mingw32/bin/../lib/gcc/nios2-elf/5.3.0/../../../../../H-x86_64-mingw32/nios2-elf/lib/mno-hw-mul\libc.a(lib_a-__atexit.o)
                                        0x5f6 (size before relaxing)
 .debug_str     0x0000000000000cef       0x65 c:/intelfpga_lite/18.1/nios2eds/bin/gnu/h-x86_64-mingw32/bin/../lib/gcc/nios2-elf/5.3.0/../../../../../H-x86_64-mingw32/nios2-elf/lib/mno-hw-mul\libc.a(lib_a-__call_atexit.o)
                                        0x5e2 (size before relaxing)
 .debug_str     0x0000000000000d54      0x148 c:/intelfpga_lite/18.1/nios2eds/bin/gnu/h-x86_64-mingw32/bin/../lib/gcc/nios2-elf/5.3.0/mno-hw-mul\libgcc.a(lib2-mul.o)
                                        0x193 (size before relaxing)
 .debug_str     0x0000000000000e9c       0x2a ../TestProcessor_bsp/\libhal_bsp.a(alt_exit.o)
                                        0x186 (size before relaxing)

.debug_loc      0x0000000000000000      0x430
 *(.debug_loc)
 .debug_loc     0x0000000000000000       0x2c c:/intelfpga_lite/18.1/nios2eds/bin/gnu/h-x86_64-mingw32/bin/../lib/gcc/nios2-elf/5.3.0/../../../../../H-x86_64-mingw32/nios2-elf/lib/mno-hw-mul\libc.a(lib_a-atexit.o)
 .debug_loc     0x000000000000002c       0x1e c:/intelfpga_lite/18.1/nios2eds/bin/gnu/h-x86_64-mingw32/bin/../lib/gcc/nios2-elf/5.3.0/../../../../../H-x86_64-mingw32/nios2-elf/lib/mno-hw-mul\libc.a(lib_a-exit.o)
 .debug_loc     0x000000000000004a      0x185 c:/intelfpga_lite/18.1/nios2eds/bin/gnu/h-x86_64-mingw32/bin/../lib/gcc/nios2-elf/5.3.0/../../../../../H-x86_64-mingw32/nios2-elf/lib/mno-hw-mul\libc.a(lib_a-__atexit.o)
 .debug_loc     0x00000000000001cf      0x1ce c:/intelfpga_lite/18.1/nios2eds/bin/gnu/h-x86_64-mingw32/bin/../lib/gcc/nios2-elf/5.3.0/../../../../../H-x86_64-mingw32/nios2-elf/lib/mno-hw-mul\libc.a(lib_a-__call_atexit.o)
 .debug_loc     0x000000000000039d       0x93 c:/intelfpga_lite/18.1/nios2eds/bin/gnu/h-x86_64-mingw32/bin/../lib/gcc/nios2-elf/5.3.0/mno-hw-mul\libgcc.a(lib2-mul.o)

.debug_macinfo
 *(.debug_macinfo)

.debug_weaknames
 *(.debug_weaknames)

.debug_funcnames
 *(.debug_funcnames)

.debug_typenames
 *(.debug_typenames)

.debug_varnames
 *(.debug_varnames)

.debug_alt_sim_info
                0x0000000000000000       0x10
 *(.debug_alt_sim_info)
 .debug_alt_sim_info
                0x0000000000000000       0x10 ../TestProcessor_bsp//obj/HAL/src/crt0.o
                0x0000000000004000                __alt_data_end = 0x4000
                0x0000000000004000                PROVIDE (__alt_stack_pointer, __alt_data_end)
                [!provide]                        PROVIDE (__alt_stack_limit, __alt_stack_base)
                [!provide]                        PROVIDE (__alt_heap_start, end)
                [!provide]                        PROVIDE (__alt_heap_limit, 0x4000)
OUTPUT(TestProcessor.elf elf32-littlenios2)

.debug_ranges   0x0000000000000000       0x80
 .debug_ranges  0x0000000000000000       0x20 ../TestProcessor_bsp//obj/HAL/src/crt0.o
 .debug_ranges  0x0000000000000020       0x10 c:/intelfpga_lite/18.1/nios2eds/bin/gnu/h-x86_64-mingw32/bin/../lib/gcc/nios2-elf/5.3.0/../../../../../H-x86_64-mingw32/nios2-elf/lib/mno-hw-mul\libc.a(lib_a-atexit.o)
 .debug_ranges  0x0000000000000030       0x10 c:/intelfpga_lite/18.1/nios2eds/bin/gnu/h-x86_64-mingw32/bin/../lib/gcc/nios2-elf/5.3.0/../../../../../H-x86_64-mingw32/nios2-elf/lib/mno-hw-mul\libc.a(lib_a-exit.o)
 .debug_ranges  0x0000000000000040       0x10 c:/intelfpga_lite/18.1/nios2eds/bin/gnu/h-x86_64-mingw32/bin/../lib/gcc/nios2-elf/5.3.0/../../../../../H-x86_64-mingw32/nios2-elf/lib/mno-hw-mul\libc.a(lib_a-__atexit.o)
 .debug_ranges  0x0000000000000050       0x30 c:/intelfpga_lite/18.1/nios2eds/bin/gnu/h-x86_64-mingw32/bin/../lib/gcc/nios2-elf/5.3.0/../../../../../H-x86_64-mingw32/nios2-elf/lib/mno-hw-mul\libc.a(lib_a-__call_atexit.o)
