Archive member included to satisfy reference by file (symbol)

c:/intelfpga_lite/18.1/nios2eds/bin/gnu/h-x86_64-mingw32/bin/../lib/gcc/nios2-elf/5.3.0/mno-hw-mul\libgcc.a(lib2-mul.o)
                              obj/default/main.o (__mulsi3)
../nios2_processor_bsp/\libhal_bsp.a(alt_load.o)
                              ../nios2_processor_bsp//obj/HAL/src/crt0.o (alt_load)
../nios2_processor_bsp/\libhal_bsp.a(alt_main.o)
                              ../nios2_processor_bsp//obj/HAL/src/crt0.o (alt_main)
../nios2_processor_bsp/\libhal_bsp.a(alt_sys_init.o)
                              ../nios2_processor_bsp/\libhal_bsp.a(alt_main.o) (alt_irq_init)
../nios2_processor_bsp/\libhal_bsp.a(alt_close.o)
                              ../nios2_processor_bsp/\libhal_bsp.a(alt_main.o) (close)
../nios2_processor_bsp/\libhal_bsp.a(alt_dcache_flush_all.o)
                              ../nios2_processor_bsp/\libhal_bsp.a(alt_load.o) (alt_dcache_flush_all)
../nios2_processor_bsp/\libhal_bsp.a(alt_dev.o)
                              ../nios2_processor_bsp/\libhal_bsp.a(alt_close.o) (alt_fd_list)
../nios2_processor_bsp/\libhal_bsp.a(alt_do_ctors.o)
                              ../nios2_processor_bsp/\libhal_bsp.a(alt_main.o) (_do_ctors)
../nios2_processor_bsp/\libhal_bsp.a(alt_do_dtors.o)
                              ../nios2_processor_bsp/\libhal_bsp.a(alt_main.o) (_do_dtors)
../nios2_processor_bsp/\libhal_bsp.a(alt_errno.o)
                              ../nios2_processor_bsp/\libhal_bsp.a(alt_close.o) (alt_errno)
../nios2_processor_bsp/\libhal_bsp.a(alt_icache_flush_all.o)
                              ../nios2_processor_bsp/\libhal_bsp.a(alt_load.o) (alt_icache_flush_all)
../nios2_processor_bsp/\libhal_bsp.a(alt_release_fd.o)
                              ../nios2_processor_bsp/\libhal_bsp.a(alt_close.o) (alt_release_fd)
../nios2_processor_bsp/\libhal_bsp.a(altera_nios2_gen2_irq.o)
                              ../nios2_processor_bsp/\libhal_bsp.a(alt_sys_init.o) (altera_nios2_gen2_irq_init)
c:/intelfpga_lite/18.1/nios2eds/bin/gnu/h-x86_64-mingw32/bin/../lib/gcc/nios2-elf/5.3.0/../../../../../H-x86_64-mingw32/nios2-elf/lib/mno-hw-mul\libc.a(lib_a-atexit.o)
                              ../nios2_processor_bsp/\libhal_bsp.a(alt_main.o) (atexit)
c:/intelfpga_lite/18.1/nios2eds/bin/gnu/h-x86_64-mingw32/bin/../lib/gcc/nios2-elf/5.3.0/../../../../../H-x86_64-mingw32/nios2-elf/lib/mno-hw-mul\libc.a(lib_a-exit.o)
                              ../nios2_processor_bsp/\libhal_bsp.a(alt_main.o) (exit)
c:/intelfpga_lite/18.1/nios2eds/bin/gnu/h-x86_64-mingw32/bin/../lib/gcc/nios2-elf/5.3.0/../../../../../H-x86_64-mingw32/nios2-elf/lib/mno-hw-mul\libc.a(lib_a-impure.o)
                              c:/intelfpga_lite/18.1/nios2eds/bin/gnu/h-x86_64-mingw32/bin/../lib/gcc/nios2-elf/5.3.0/../../../../../H-x86_64-mingw32/nios2-elf/lib/mno-hw-mul\libc.a(lib_a-exit.o) (_global_impure_ptr)
c:/intelfpga_lite/18.1/nios2eds/bin/gnu/h-x86_64-mingw32/bin/../lib/gcc/nios2-elf/5.3.0/../../../../../H-x86_64-mingw32/nios2-elf/lib/mno-hw-mul\libc.a(lib_a-int_errno.o)
                              ../nios2_processor_bsp/\libhal_bsp.a(alt_close.o) (errno)
c:/intelfpga_lite/18.1/nios2eds/bin/gnu/h-x86_64-mingw32/bin/../lib/gcc/nios2-elf/5.3.0/../../../../../H-x86_64-mingw32/nios2-elf/lib/mno-hw-mul\libc.a(lib_a-__atexit.o)
                              c:/intelfpga_lite/18.1/nios2eds/bin/gnu/h-x86_64-mingw32/bin/../lib/gcc/nios2-elf/5.3.0/../../../../../H-x86_64-mingw32/nios2-elf/lib/mno-hw-mul\libc.a(lib_a-atexit.o) (__register_exitproc)
c:/intelfpga_lite/18.1/nios2eds/bin/gnu/h-x86_64-mingw32/bin/../lib/gcc/nios2-elf/5.3.0/../../../../../H-x86_64-mingw32/nios2-elf/lib/mno-hw-mul\libc.a(lib_a-__call_atexit.o)
                              c:/intelfpga_lite/18.1/nios2eds/bin/gnu/h-x86_64-mingw32/bin/../lib/gcc/nios2-elf/5.3.0/../../../../../H-x86_64-mingw32/nios2-elf/lib/mno-hw-mul\libc.a(lib_a-exit.o) (__call_exitprocs)
../nios2_processor_bsp/\libhal_bsp.a(alt_exit.o)
                              c:/intelfpga_lite/18.1/nios2eds/bin/gnu/h-x86_64-mingw32/bin/../lib/gcc/nios2-elf/5.3.0/../../../../../H-x86_64-mingw32/nios2-elf/lib/mno-hw-mul\libc.a(lib_a-exit.o) (_exit)

Allocating common symbols
Common symbol       size              file

errno               0x4               c:/intelfpga_lite/18.1/nios2eds/bin/gnu/h-x86_64-mingw32/bin/../lib/gcc/nios2-elf/5.3.0/../../../../../H-x86_64-mingw32/nios2-elf/lib/mno-hw-mul\libc.a(lib_a-int_errno.o)

Memory Configuration

Name             Origin             Length             Attributes
reset            0x0000000000004000 0x0000000000000020
ram_data         0x0000000000004020 0x0000000000003fe0
*default*        0x0000000000000000 0xffffffffffffffff

Linker script and memory map

LOAD ../nios2_processor_bsp//obj/HAL/src/crt0.o
LOAD obj/default/main.o
LOAD c:/intelfpga_lite/18.1/nios2eds/bin/gnu/h-x86_64-mingw32/bin/../lib/gcc/nios2-elf/5.3.0/../../../../../H-x86_64-mingw32/nios2-elf/lib/mno-hw-mul\libstdc++.a
LOAD c:/intelfpga_lite/18.1/nios2eds/bin/gnu/h-x86_64-mingw32/bin/../lib/gcc/nios2-elf/5.3.0/../../../../../H-x86_64-mingw32/nios2-elf/lib/mno-hw-mul\libm.a
LOAD c:/intelfpga_lite/18.1/nios2eds/bin/gnu/h-x86_64-mingw32/bin/../lib/gcc/nios2-elf/5.3.0/mno-hw-mul\libgcc.a
START GROUP
LOAD c:/intelfpga_lite/18.1/nios2eds/bin/gnu/h-x86_64-mingw32/bin/../lib/gcc/nios2-elf/5.3.0/../../../../../H-x86_64-mingw32/nios2-elf/lib/mno-hw-mul\libc.a
LOAD c:/intelfpga_lite/18.1/nios2eds/bin/gnu/h-x86_64-mingw32/bin/../lib/gcc/nios2-elf/5.3.0/mno-hw-mul\libgcc.a
LOAD ../nios2_processor_bsp/\libhal_bsp.a
LOAD c:/intelfpga_lite/18.1/nios2eds/bin/gnu/h-x86_64-mingw32/bin/../lib/gcc/nios2-elf/5.3.0/../../../../../H-x86_64-mingw32/nios2-elf/lib/mno-hw-mul\libm.a
END GROUP
LOAD c:/intelfpga_lite/18.1/nios2eds/bin/gnu/h-x86_64-mingw32/bin/../lib/gcc/nios2-elf/5.3.0/mno-hw-mul\libgcc.a
                0x0000000000004000                __alt_mem_ram_data = 0x4000

.entry          0x0000000000004000       0x20
 *(.entry)
 .entry         0x0000000000004000       0x20 ../nios2_processor_bsp//obj/HAL/src/crt0.o
                0x0000000000004000                __reset

.exceptions     0x0000000000004020        0x0
                0x0000000000004020                PROVIDE (__ram_exceptions_start, ABSOLUTE (.))
                0x0000000000004020                . = ALIGN (0x20)
 *(.irq)
 *(.exceptions.entry.label)
 *(.exceptions.entry.user)
 *(.exceptions.entry.ecc_fatal)
 *(.exceptions.entry)
 *(.exceptions.irqtest.user)
 *(.exceptions.irqtest)
 *(.exceptions.irqhandler.user)
 *(.exceptions.irqhandler)
 *(.exceptions.irqreturn.user)
 *(.exceptions.irqreturn)
 *(.exceptions.notirq.label)
 *(.exceptions.notirq.user)
 *(.exceptions.notirq)
 *(.exceptions.soft.user)
 *(.exceptions.soft)
 *(.exceptions.unknown.user)
 *(.exceptions.unknown)
 *(.exceptions.exit.label)
 *(.exceptions.exit.user)
 *(.exceptions.exit)
 *(.exceptions)
                0x0000000000004020                PROVIDE (__ram_exceptions_end, ABSOLUTE (.))
                0x0000000000004020                PROVIDE (__flash_exceptions_start, LOADADDR (.exceptions))

.text           0x0000000000004020      0xc40
                [!provide]                        PROVIDE (stext, ABSOLUTE (.))
 *(.interp)
 *(.hash)
 *(.dynsym)
 *(.dynstr)
 *(.gnu.version)
 *(.gnu.version_d)
 *(.gnu.version_r)
 *(.rel.init)
 *(.rela.init)
 *(.rel.text .rel.text.* .rel.gnu.linkonce.t.*)
 *(.rela.text .rela.text.* .rela.gnu.linkonce.t.*)
 *(.rel.fini)
 *(.rela.fini)
 *(.rel.rodata .rel.rodata.* .rel.gnu.linkonce.r.*)
 *(.rela.rodata .rela.rodata.* .rela.gnu.linkonce.r.*)
 *(.rel.data .rel.data.* .rel.gnu.linkonce.d.*)
 *(.rela.data .rela.data.* .rela.gnu.linkonce.d.*)
 *(.rel.tdata .rel.tdata.* .rel.gnu.linkonce.td.*)
 *(.rela.tdata .rela.tdata.* .rela.gnu.linkonce.td.*)
 *(.rel.tbss .rel.tbss.* .rel.gnu.linkonce.tb.*)
 *(.rela.tbss .rela.tbss.* .rela.gnu.linkonce.tb.*)
 *(.rel.ctors)
 *(.rela.ctors)
 *(.rel.dtors)
 *(.rela.dtors)
 *(.rel.got)
 *(.rela.got)
 *(.rel.sdata .rel.sdata.* .rel.gnu.linkonce.s.*)
 *(.rela.sdata .rela.sdata.* .rela.gnu.linkonce.s.*)
 *(.rel.sbss .rel.sbss.* .rel.gnu.linkonce.sb.*)
 *(.rela.sbss .rela.sbss.* .rela.gnu.linkonce.sb.*)
 *(.rel.sdata2 .rel.sdata2.* .rel.gnu.linkonce.s2.*)
 *(.rela.sdata2 .rela.sdata2.* .rela.gnu.linkonce.s2.*)
 *(.rel.sbss2 .rel.sbss2.* .rel.gnu.linkonce.sb2.*)
 *(.rela.sbss2 .rela.sbss2.* .rela.gnu.linkonce.sb2.*)
 *(.rel.bss .rel.bss.* .rel.gnu.linkonce.b.*)
 *(.rela.bss .rela.bss.* .rela.gnu.linkonce.b.*)
 *(.rel.plt)
 *(.rela.plt)
 *(.rel.dyn)
 *(.init)
 *(.plt)
 *(.text .stub .text.* .gnu.linkonce.t.*)
 .text          0x0000000000004020       0x3c ../nios2_processor_bsp//obj/HAL/src/crt0.o
                0x0000000000004020                _start
 .text          0x000000000000405c      0x438 obj/default/main.o
                0x000000000000405c                build_sprite_reg
                0x00000000000040b0                send_sprites_to_composer
                0x000000000000420c                main
 .text          0x0000000000004494       0x28 c:/intelfpga_lite/18.1/nios2eds/bin/gnu/h-x86_64-mingw32/bin/../lib/gcc/nios2-elf/5.3.0/mno-hw-mul\libgcc.a(lib2-mul.o)
                0x0000000000004494                __mulsi3
 .text          0x00000000000044bc       0xec ../nios2_processor_bsp/\libhal_bsp.a(alt_load.o)
                0x0000000000004524                alt_load
 .text          0x00000000000045a8       0x60 ../nios2_processor_bsp/\libhal_bsp.a(alt_main.o)
                0x00000000000045a8                alt_main
 .text          0x0000000000004608       0x58 ../nios2_processor_bsp/\libhal_bsp.a(alt_sys_init.o)
                0x0000000000004608                alt_irq_init
                0x0000000000004640                alt_sys_init
 .text          0x0000000000004660      0x114 ../nios2_processor_bsp/\libhal_bsp.a(alt_close.o)
                0x000000000000469c                close
 .text          0x0000000000004774       0x20 ../nios2_processor_bsp/\libhal_bsp.a(alt_dcache_flush_all.o)
                0x0000000000004774                alt_dcache_flush_all
 .text          0x0000000000004794       0x2c ../nios2_processor_bsp/\libhal_bsp.a(alt_dev.o)
 .text          0x00000000000047c0       0x60 ../nios2_processor_bsp/\libhal_bsp.a(alt_do_ctors.o)
                0x00000000000047c0                _do_ctors
 .text          0x0000000000004820       0x60 ../nios2_processor_bsp/\libhal_bsp.a(alt_do_dtors.o)
                0x0000000000004820                _do_dtors
 .text          0x0000000000004880        0x0 ../nios2_processor_bsp/\libhal_bsp.a(alt_errno.o)
 .text          0x0000000000004880       0x20 ../nios2_processor_bsp/\libhal_bsp.a(alt_icache_flush_all.o)
                0x0000000000004880                alt_icache_flush_all
 .text          0x00000000000048a0       0x84 ../nios2_processor_bsp/\libhal_bsp.a(alt_release_fd.o)
                0x00000000000048a0                alt_release_fd
 .text          0x0000000000004924       0x24 ../nios2_processor_bsp/\libhal_bsp.a(altera_nios2_gen2_irq.o)
                0x0000000000004924                altera_nios2_gen2_irq_init
 .text          0x0000000000004948        0x0 c:/intelfpga_lite/18.1/nios2eds/bin/gnu/h-x86_64-mingw32/bin/../lib/gcc/nios2-elf/5.3.0/../../../../../H-x86_64-mingw32/nios2-elf/lib/mno-hw-mul\libc.a(lib_a-atexit.o)
 .text.atexit   0x0000000000004948       0x14 c:/intelfpga_lite/18.1/nios2eds/bin/gnu/h-x86_64-mingw32/bin/../lib/gcc/nios2-elf/5.3.0/../../../../../H-x86_64-mingw32/nios2-elf/lib/mno-hw-mul\libc.a(lib_a-atexit.o)
                0x0000000000004948                atexit
 .text          0x000000000000495c        0x0 c:/intelfpga_lite/18.1/nios2eds/bin/gnu/h-x86_64-mingw32/bin/../lib/gcc/nios2-elf/5.3.0/../../../../../H-x86_64-mingw32/nios2-elf/lib/mno-hw-mul\libc.a(lib_a-exit.o)
 .text.exit     0x000000000000495c       0x38 c:/intelfpga_lite/18.1/nios2eds/bin/gnu/h-x86_64-mingw32/bin/../lib/gcc/nios2-elf/5.3.0/../../../../../H-x86_64-mingw32/nios2-elf/lib/mno-hw-mul\libc.a(lib_a-exit.o)
                0x000000000000495c                exit
 .text          0x0000000000004994        0x0 c:/intelfpga_lite/18.1/nios2eds/bin/gnu/h-x86_64-mingw32/bin/../lib/gcc/nios2-elf/5.3.0/../../../../../H-x86_64-mingw32/nios2-elf/lib/mno-hw-mul\libc.a(lib_a-impure.o)
 .text          0x0000000000004994        0x0 c:/intelfpga_lite/18.1/nios2eds/bin/gnu/h-x86_64-mingw32/bin/../lib/gcc/nios2-elf/5.3.0/../../../../../H-x86_64-mingw32/nios2-elf/lib/mno-hw-mul\libc.a(lib_a-int_errno.o)
 .text          0x0000000000004994        0x0 c:/intelfpga_lite/18.1/nios2eds/bin/gnu/h-x86_64-mingw32/bin/../lib/gcc/nios2-elf/5.3.0/../../../../../H-x86_64-mingw32/nios2-elf/lib/mno-hw-mul\libc.a(lib_a-__atexit.o)
 .text.__register_exitproc
                0x0000000000004994      0x118 c:/intelfpga_lite/18.1/nios2eds/bin/gnu/h-x86_64-mingw32/bin/../lib/gcc/nios2-elf/5.3.0/../../../../../H-x86_64-mingw32/nios2-elf/lib/mno-hw-mul\libc.a(lib_a-__atexit.o)
                0x0000000000004994                __register_exitproc
 .text          0x0000000000004aac        0x0 c:/intelfpga_lite/18.1/nios2eds/bin/gnu/h-x86_64-mingw32/bin/../lib/gcc/nios2-elf/5.3.0/../../../../../H-x86_64-mingw32/nios2-elf/lib/mno-hw-mul\libc.a(lib_a-__call_atexit.o)
 .text.__call_exitprocs
                0x0000000000004aac      0x180 c:/intelfpga_lite/18.1/nios2eds/bin/gnu/h-x86_64-mingw32/bin/../lib/gcc/nios2-elf/5.3.0/../../../../../H-x86_64-mingw32/nios2-elf/lib/mno-hw-mul\libc.a(lib_a-__call_atexit.o)
                0x0000000000004aac                __call_exitprocs
 .text          0x0000000000004c2c       0x34 ../nios2_processor_bsp/\libhal_bsp.a(alt_exit.o)
                0x0000000000004c2c                _exit
 *(.gnu.warning.*)
 *(.fini)
                [!provide]                        PROVIDE (__etext, ABSOLUTE (.))
                [!provide]                        PROVIDE (_etext, ABSOLUTE (.))
                [!provide]                        PROVIDE (etext, ABSOLUTE (.))
 *(.eh_frame_hdr)
                0x0000000000004c60                . = ALIGN (0x4)
                [!provide]                        PROVIDE (__preinit_array_start, ABSOLUTE (.))
 *(.preinit_array)
                [!provide]                        PROVIDE (__preinit_array_end, ABSOLUTE (.))
                [!provide]                        PROVIDE (__init_array_start, ABSOLUTE (.))
 *(.init_array)
                [!provide]                        PROVIDE (__init_array_end, ABSOLUTE (.))
                [!provide]                        PROVIDE (__fini_array_start, ABSOLUTE (.))
 *(.fini_array)
                [!provide]                        PROVIDE (__fini_array_end, ABSOLUTE (.))
 *(.eh_frame)
 *(.gcc_except_table .gcc_except_table.*)
 *(.dynamic)
                0x0000000000004c60                PROVIDE (__CTOR_LIST__, ABSOLUTE (.))
 *(.ctors)
 *(SORT(.ctors.*))
                0x0000000000004c60                PROVIDE (__CTOR_END__, ABSOLUTE (.))
                0x0000000000004c60                PROVIDE (__DTOR_LIST__, ABSOLUTE (.))
 *(.dtors)
 *(SORT(.dtors.*))
                0x0000000000004c60                PROVIDE (__DTOR_END__, ABSOLUTE (.))
 *(.jcr)
                0x0000000000004c60                . = ALIGN (0x4)

.rodata         0x0000000000004c60       0x10
                0x0000000000004c60                PROVIDE (__ram_rodata_start, ABSOLUTE (.))
                0x0000000000004c60                . = ALIGN (0x4)
 *(.rodata .rodata.* .gnu.linkonce.r.*)
 .rodata        0x0000000000004c60        0xa ../nios2_processor_bsp/\libhal_bsp.a(alt_dev.o)
 *fill*         0x0000000000004c6a        0x2 
 .rodata.str1.4
                0x0000000000004c6c        0x4 c:/intelfpga_lite/18.1/nios2eds/bin/gnu/h-x86_64-mingw32/bin/../lib/gcc/nios2-elf/5.3.0/../../../../../H-x86_64-mingw32/nios2-elf/lib/mno-hw-mul\libc.a(lib_a-impure.o)
                                          0x2 (size before relaxing)
 *(.rodata1)
                0x0000000000004c70                . = ALIGN (0x4)
                0x0000000000004c70                PROVIDE (__ram_rodata_end, ABSOLUTE (.))
                0x0000000000004c60                PROVIDE (__flash_rodata_start, LOADADDR (.rodata))

.rwdata         0x0000000000004c70      0x5ec load address 0x000000000000525c
                0x0000000000004c70                PROVIDE (__ram_rwdata_start, ABSOLUTE (.))
                0x0000000000004c70                . = ALIGN (0x4)
 *(.got.plt)
 *(.got)
 *(.data1)
 *(.data .data.* .gnu.linkonce.d.*)
 .data          0x0000000000004c70        0x0 ../nios2_processor_bsp//obj/HAL/src/crt0.o
 .data          0x0000000000004c70        0x0 obj/default/main.o
 .data          0x0000000000004c70        0x0 c:/intelfpga_lite/18.1/nios2eds/bin/gnu/h-x86_64-mingw32/bin/../lib/gcc/nios2-elf/5.3.0/mno-hw-mul\libgcc.a(lib2-mul.o)
 .data          0x0000000000004c70        0x0 ../nios2_processor_bsp/\libhal_bsp.a(alt_load.o)
 .data          0x0000000000004c70        0x0 ../nios2_processor_bsp/\libhal_bsp.a(alt_main.o)
 .data          0x0000000000004c70        0x0 ../nios2_processor_bsp/\libhal_bsp.a(alt_sys_init.o)
 .data          0x0000000000004c70        0x0 ../nios2_processor_bsp/\libhal_bsp.a(alt_close.o)
 .data          0x0000000000004c70        0x0 ../nios2_processor_bsp/\libhal_bsp.a(alt_dcache_flush_all.o)
 .data          0x0000000000004c70      0x1a8 ../nios2_processor_bsp/\libhal_bsp.a(alt_dev.o)
                0x0000000000004c70                alt_dev_null
                0x0000000000004c98                alt_fd_list
 .data          0x0000000000004e18        0x0 ../nios2_processor_bsp/\libhal_bsp.a(alt_do_ctors.o)
 .data          0x0000000000004e18        0x0 ../nios2_processor_bsp/\libhal_bsp.a(alt_do_dtors.o)
 .data          0x0000000000004e18        0x0 ../nios2_processor_bsp/\libhal_bsp.a(alt_errno.o)
 .data          0x0000000000004e18        0x0 ../nios2_processor_bsp/\libhal_bsp.a(alt_icache_flush_all.o)
 .data          0x0000000000004e18        0x0 ../nios2_processor_bsp/\libhal_bsp.a(alt_release_fd.o)
 .data          0x0000000000004e18        0x0 ../nios2_processor_bsp/\libhal_bsp.a(altera_nios2_gen2_irq.o)
 .data          0x0000000000004e18        0x0 c:/intelfpga_lite/18.1/nios2eds/bin/gnu/h-x86_64-mingw32/bin/../lib/gcc/nios2-elf/5.3.0/../../../../../H-x86_64-mingw32/nios2-elf/lib/mno-hw-mul\libc.a(lib_a-atexit.o)
 .data          0x0000000000004e18        0x0 c:/intelfpga_lite/18.1/nios2eds/bin/gnu/h-x86_64-mingw32/bin/../lib/gcc/nios2-elf/5.3.0/../../../../../H-x86_64-mingw32/nios2-elf/lib/mno-hw-mul\libc.a(lib_a-exit.o)
 .data          0x0000000000004e18        0x0 c:/intelfpga_lite/18.1/nios2eds/bin/gnu/h-x86_64-mingw32/bin/../lib/gcc/nios2-elf/5.3.0/../../../../../H-x86_64-mingw32/nios2-elf/lib/mno-hw-mul\libc.a(lib_a-impure.o)
 .data.impure_data
                0x0000000000004e18      0x424 c:/intelfpga_lite/18.1/nios2eds/bin/gnu/h-x86_64-mingw32/bin/../lib/gcc/nios2-elf/5.3.0/../../../../../H-x86_64-mingw32/nios2-elf/lib/mno-hw-mul\libc.a(lib_a-impure.o)
 .data          0x000000000000523c        0x0 c:/intelfpga_lite/18.1/nios2eds/bin/gnu/h-x86_64-mingw32/bin/../lib/gcc/nios2-elf/5.3.0/../../../../../H-x86_64-mingw32/nios2-elf/lib/mno-hw-mul\libc.a(lib_a-int_errno.o)
 .data          0x000000000000523c        0x0 c:/intelfpga_lite/18.1/nios2eds/bin/gnu/h-x86_64-mingw32/bin/../lib/gcc/nios2-elf/5.3.0/../../../../../H-x86_64-mingw32/nios2-elf/lib/mno-hw-mul\libc.a(lib_a-__atexit.o)
 .data          0x000000000000523c        0x0 c:/intelfpga_lite/18.1/nios2eds/bin/gnu/h-x86_64-mingw32/bin/../lib/gcc/nios2-elf/5.3.0/../../../../../H-x86_64-mingw32/nios2-elf/lib/mno-hw-mul\libc.a(lib_a-__call_atexit.o)
 .data          0x000000000000523c        0x0 ../nios2_processor_bsp/\libhal_bsp.a(alt_exit.o)
                0x000000000000d23c                _gp = ABSOLUTE ((. + 0x8000))
                [!provide]                        PROVIDE (gp, _gp)
 *(.rwdata .rwdata.*)
 *(.sdata .sdata.* .gnu.linkonce.s.*)
 .sdata         0x000000000000523c       0x14 ../nios2_processor_bsp/\libhal_bsp.a(alt_dev.o)
                0x000000000000523c                alt_fs_list
                0x0000000000005244                alt_dev_list
                0x000000000000524c                alt_max_fd
 .sdata         0x0000000000005250        0x4 ../nios2_processor_bsp/\libhal_bsp.a(alt_errno.o)
                0x0000000000005250                alt_errno
 .sdata._global_impure_ptr
                0x0000000000005254        0x4 c:/intelfpga_lite/18.1/nios2eds/bin/gnu/h-x86_64-mingw32/bin/../lib/gcc/nios2-elf/5.3.0/../../../../../H-x86_64-mingw32/nios2-elf/lib/mno-hw-mul\libc.a(lib_a-impure.o)
                0x0000000000005254                _global_impure_ptr
 .sdata._impure_ptr
                0x0000000000005258        0x4 c:/intelfpga_lite/18.1/nios2eds/bin/gnu/h-x86_64-mingw32/bin/../lib/gcc/nios2-elf/5.3.0/../../../../../H-x86_64-mingw32/nios2-elf/lib/mno-hw-mul\libc.a(lib_a-impure.o)
                0x0000000000005258                _impure_ptr
 *(.sdata2 .sdata2.* .gnu.linkonce.s2.*)
                0x000000000000525c                . = ALIGN (0x4)
                0x000000000000525c                _edata = ABSOLUTE (.)
                [!provide]                        PROVIDE (edata, ABSOLUTE (.))
                0x000000000000525c                PROVIDE (__ram_rwdata_end, ABSOLUTE (.))
                0x000000000000525c                PROVIDE (__flash_rwdata_start, LOADADDR (.rwdata))

.bss            0x0000000000005848       0x18
                0x0000000000005848                __bss_start = ABSOLUTE (.)
                [!provide]                        PROVIDE (__sbss_start, ABSOLUTE (.))
                [!provide]                        PROVIDE (___sbss_start, ABSOLUTE (.))
 *(.dynsbss)
 *(.sbss .sbss.* .gnu.linkonce.sb.*)
 .sbss          0x0000000000005848        0x8 obj/default/main.o
                0x0000000000005848                offset_x
                0x000000000000584c                offset_y
 .sbss          0x0000000000005850        0xc ../nios2_processor_bsp/\libhal_bsp.a(alt_main.o)
                0x0000000000005850                alt_argc
                0x0000000000005854                alt_argv
                0x0000000000005858                alt_envp
 .sbss          0x000000000000585c        0x4 c:/intelfpga_lite/18.1/nios2eds/bin/gnu/h-x86_64-mingw32/bin/../lib/gcc/nios2-elf/5.3.0/../../../../../H-x86_64-mingw32/nios2-elf/lib/mno-hw-mul\libc.a(lib_a-int_errno.o)
                0x000000000000585c                errno
 *(.sbss2 .sbss2.* .gnu.linkonce.sb2.*)
 *(.scommon)
                [!provide]                        PROVIDE (__sbss_end, ABSOLUTE (.))
                [!provide]                        PROVIDE (___sbss_end, ABSOLUTE (.))
 *(.dynbss)
 *(.bss .bss.* .gnu.linkonce.b.*)
 .bss           0x0000000000005860        0x0 ../nios2_processor_bsp//obj/HAL/src/crt0.o
 .bss           0x0000000000005860        0x0 obj/default/main.o
 .bss           0x0000000000005860        0x0 c:/intelfpga_lite/18.1/nios2eds/bin/gnu/h-x86_64-mingw32/bin/../lib/gcc/nios2-elf/5.3.0/mno-hw-mul\libgcc.a(lib2-mul.o)
 .bss           0x0000000000005860        0x0 ../nios2_processor_bsp/\libhal_bsp.a(alt_load.o)
 .bss           0x0000000000005860        0x0 ../nios2_processor_bsp/\libhal_bsp.a(alt_main.o)
 .bss           0x0000000000005860        0x0 ../nios2_processor_bsp/\libhal_bsp.a(alt_sys_init.o)
 .bss           0x0000000000005860        0x0 ../nios2_processor_bsp/\libhal_bsp.a(alt_close.o)
 .bss           0x0000000000005860        0x0 ../nios2_processor_bsp/\libhal_bsp.a(alt_dcache_flush_all.o)
 .bss           0x0000000000005860        0x0 ../nios2_processor_bsp/\libhal_bsp.a(alt_dev.o)
 .bss           0x0000000000005860        0x0 ../nios2_processor_bsp/\libhal_bsp.a(alt_do_ctors.o)
 .bss           0x0000000000005860        0x0 ../nios2_processor_bsp/\libhal_bsp.a(alt_do_dtors.o)
 .bss           0x0000000000005860        0x0 ../nios2_processor_bsp/\libhal_bsp.a(alt_errno.o)
 .bss           0x0000000000005860        0x0 ../nios2_processor_bsp/\libhal_bsp.a(alt_icache_flush_all.o)
 .bss           0x0000000000005860        0x0 ../nios2_processor_bsp/\libhal_bsp.a(alt_release_fd.o)
 .bss           0x0000000000005860        0x0 ../nios2_processor_bsp/\libhal_bsp.a(altera_nios2_gen2_irq.o)
 .bss           0x0000000000005860        0x0 c:/intelfpga_lite/18.1/nios2eds/bin/gnu/h-x86_64-mingw32/bin/../lib/gcc/nios2-elf/5.3.0/../../../../../H-x86_64-mingw32/nios2-elf/lib/mno-hw-mul\libc.a(lib_a-atexit.o)
 .bss           0x0000000000005860        0x0 c:/intelfpga_lite/18.1/nios2eds/bin/gnu/h-x86_64-mingw32/bin/../lib/gcc/nios2-elf/5.3.0/../../../../../H-x86_64-mingw32/nios2-elf/lib/mno-hw-mul\libc.a(lib_a-exit.o)
 .bss           0x0000000000005860        0x0 c:/intelfpga_lite/18.1/nios2eds/bin/gnu/h-x86_64-mingw32/bin/../lib/gcc/nios2-elf/5.3.0/../../../../../H-x86_64-mingw32/nios2-elf/lib/mno-hw-mul\libc.a(lib_a-impure.o)
 .bss           0x0000000000005860        0x0 c:/intelfpga_lite/18.1/nios2eds/bin/gnu/h-x86_64-mingw32/bin/../lib/gcc/nios2-elf/5.3.0/../../../../../H-x86_64-mingw32/nios2-elf/lib/mno-hw-mul\libc.a(lib_a-int_errno.o)
 .bss           0x0000000000005860        0x0 c:/intelfpga_lite/18.1/nios2eds/bin/gnu/h-x86_64-mingw32/bin/../lib/gcc/nios2-elf/5.3.0/../../../../../H-x86_64-mingw32/nios2-elf/lib/mno-hw-mul\libc.a(lib_a-__atexit.o)
 .bss           0x0000000000005860        0x0 c:/intelfpga_lite/18.1/nios2eds/bin/gnu/h-x86_64-mingw32/bin/../lib/gcc/nios2-elf/5.3.0/../../../../../H-x86_64-mingw32/nios2-elf/lib/mno-hw-mul\libc.a(lib_a-__call_atexit.o)
 .bss           0x0000000000005860        0x0 ../nios2_processor_bsp/\libhal_bsp.a(alt_exit.o)
 *(COMMON)
                0x0000000000005860                . = ALIGN (0x4)
                0x0000000000005860                __bss_end = ABSOLUTE (.)

.ram_data       0x0000000000005860        0x0
                [!provide]                        PROVIDE (_alt_partition_ram_data_start, ABSOLUTE (.))
 *(.ram_data .ram_data. ram_data.*)
                0x0000000000005860                . = ALIGN (0x4)
                [!provide]                        PROVIDE (_alt_partition_ram_data_end, ABSOLUTE (.))
                0x0000000000005860                _end = ABSOLUTE (.)
                0x0000000000005860                end = ABSOLUTE (.)
                0x0000000000005860                __alt_stack_base = ABSOLUTE (.)
                [!provide]                        PROVIDE (_alt_partition_ram_data_load_addr, LOADADDR (.ram_data))

.stab
 *(.stab)

.stabstr
 *(.stabstr)

.stab.excl
 *(.stab.excl)

.stab.exclstr
 *(.stab.exclstr)

.stab.index
 *(.stab.index)

.stab.indexstr
 *(.stab.indexstr)

.comment        0x0000000000000000       0x23
 *(.comment)
 .comment       0x0000000000000000       0x23 obj/default/main.o
                                         0x24 (size before relaxing)
 .comment       0x0000000000000023       0x24 c:/intelfpga_lite/18.1/nios2eds/bin/gnu/h-x86_64-mingw32/bin/../lib/gcc/nios2-elf/5.3.0/mno-hw-mul\libgcc.a(lib2-mul.o)
 .comment       0x0000000000000023       0x24 ../nios2_processor_bsp/\libhal_bsp.a(alt_load.o)
 .comment       0x0000000000000023       0x24 ../nios2_processor_bsp/\libhal_bsp.a(alt_main.o)
 .comment       0x0000000000000023       0x24 ../nios2_processor_bsp/\libhal_bsp.a(alt_sys_init.o)
 .comment       0x0000000000000023       0x24 ../nios2_processor_bsp/\libhal_bsp.a(alt_close.o)
 .comment       0x0000000000000023       0x24 ../nios2_processor_bsp/\libhal_bsp.a(alt_dcache_flush_all.o)
 .comment       0x0000000000000023       0x24 ../nios2_processor_bsp/\libhal_bsp.a(alt_dev.o)
 .comment       0x0000000000000023       0x24 ../nios2_processor_bsp/\libhal_bsp.a(alt_do_ctors.o)
 .comment       0x0000000000000023       0x24 ../nios2_processor_bsp/\libhal_bsp.a(alt_do_dtors.o)
 .comment       0x0000000000000023       0x24 ../nios2_processor_bsp/\libhal_bsp.a(alt_errno.o)
 .comment       0x0000000000000023       0x24 ../nios2_processor_bsp/\libhal_bsp.a(alt_icache_flush_all.o)
 .comment       0x0000000000000023       0x24 ../nios2_processor_bsp/\libhal_bsp.a(alt_release_fd.o)
 .comment       0x0000000000000023       0x24 ../nios2_processor_bsp/\libhal_bsp.a(altera_nios2_gen2_irq.o)
 .comment       0x0000000000000023       0x24 c:/intelfpga_lite/18.1/nios2eds/bin/gnu/h-x86_64-mingw32/bin/../lib/gcc/nios2-elf/5.3.0/../../../../../H-x86_64-mingw32/nios2-elf/lib/mno-hw-mul\libc.a(lib_a-atexit.o)
 .comment       0x0000000000000023       0x24 c:/intelfpga_lite/18.1/nios2eds/bin/gnu/h-x86_64-mingw32/bin/../lib/gcc/nios2-elf/5.3.0/../../../../../H-x86_64-mingw32/nios2-elf/lib/mno-hw-mul\libc.a(lib_a-exit.o)
 .comment       0x0000000000000023       0x24 c:/intelfpga_lite/18.1/nios2eds/bin/gnu/h-x86_64-mingw32/bin/../lib/gcc/nios2-elf/5.3.0/../../../../../H-x86_64-mingw32/nios2-elf/lib/mno-hw-mul\libc.a(lib_a-impure.o)
 .comment       0x0000000000000023       0x24 c:/intelfpga_lite/18.1/nios2eds/bin/gnu/h-x86_64-mingw32/bin/../lib/gcc/nios2-elf/5.3.0/../../../../../H-x86_64-mingw32/nios2-elf/lib/mno-hw-mul\libc.a(lib_a-int_errno.o)
 .comment       0x0000000000000023       0x24 c:/intelfpga_lite/18.1/nios2eds/bin/gnu/h-x86_64-mingw32/bin/../lib/gcc/nios2-elf/5.3.0/../../../../../H-x86_64-mingw32/nios2-elf/lib/mno-hw-mul\libc.a(lib_a-__atexit.o)
 .comment       0x0000000000000023       0x24 c:/intelfpga_lite/18.1/nios2eds/bin/gnu/h-x86_64-mingw32/bin/../lib/gcc/nios2-elf/5.3.0/../../../../../H-x86_64-mingw32/nios2-elf/lib/mno-hw-mul\libc.a(lib_a-__call_atexit.o)
 .comment       0x0000000000000023       0x24 ../nios2_processor_bsp/\libhal_bsp.a(alt_exit.o)

.debug
 *(.debug)

.line
 *(.line)

.debug_srcinfo
 *(.debug_srcinfo)

.debug_sfnames
 *(.debug_sfnames)

.debug_aranges  0x0000000000000000      0x2b0
 *(.debug_aranges)
 .debug_aranges
                0x0000000000000000       0x28 ../nios2_processor_bsp//obj/HAL/src/crt0.o
 .debug_aranges
                0x0000000000000028       0x20 obj/default/main.o
 .debug_aranges
                0x0000000000000048       0x20 c:/intelfpga_lite/18.1/nios2eds/bin/gnu/h-x86_64-mingw32/bin/../lib/gcc/nios2-elf/5.3.0/mno-hw-mul\libgcc.a(lib2-mul.o)
 .debug_aranges
                0x0000000000000068       0x20 ../nios2_processor_bsp/\libhal_bsp.a(alt_load.o)
 .debug_aranges
                0x0000000000000088       0x20 ../nios2_processor_bsp/\libhal_bsp.a(alt_main.o)
 .debug_aranges
                0x00000000000000a8       0x20 ../nios2_processor_bsp/\libhal_bsp.a(alt_sys_init.o)
 .debug_aranges
                0x00000000000000c8       0x20 ../nios2_processor_bsp/\libhal_bsp.a(alt_close.o)
 .debug_aranges
                0x00000000000000e8       0x20 ../nios2_processor_bsp/\libhal_bsp.a(alt_dcache_flush_all.o)
 .debug_aranges
                0x0000000000000108       0x20 ../nios2_processor_bsp/\libhal_bsp.a(alt_dev.o)
 .debug_aranges
                0x0000000000000128       0x20 ../nios2_processor_bsp/\libhal_bsp.a(alt_do_ctors.o)
 .debug_aranges
                0x0000000000000148       0x20 ../nios2_processor_bsp/\libhal_bsp.a(alt_do_dtors.o)
 .debug_aranges
                0x0000000000000168       0x18 ../nios2_processor_bsp/\libhal_bsp.a(alt_errno.o)
 .debug_aranges
                0x0000000000000180       0x20 ../nios2_processor_bsp/\libhal_bsp.a(alt_icache_flush_all.o)
 .debug_aranges
                0x00000000000001a0       0x20 ../nios2_processor_bsp/\libhal_bsp.a(alt_release_fd.o)
 .debug_aranges
                0x00000000000001c0       0x20 ../nios2_processor_bsp/\libhal_bsp.a(altera_nios2_gen2_irq.o)
 .debug_aranges
                0x00000000000001e0       0x20 c:/intelfpga_lite/18.1/nios2eds/bin/gnu/h-x86_64-mingw32/bin/../lib/gcc/nios2-elf/5.3.0/../../../../../H-x86_64-mingw32/nios2-elf/lib/mno-hw-mul\libc.a(lib_a-atexit.o)
 .debug_aranges
                0x0000000000000200       0x20 c:/intelfpga_lite/18.1/nios2eds/bin/gnu/h-x86_64-mingw32/bin/../lib/gcc/nios2-elf/5.3.0/../../../../../H-x86_64-mingw32/nios2-elf/lib/mno-hw-mul\libc.a(lib_a-exit.o)
 .debug_aranges
                0x0000000000000220       0x18 c:/intelfpga_lite/18.1/nios2eds/bin/gnu/h-x86_64-mingw32/bin/../lib/gcc/nios2-elf/5.3.0/../../../../../H-x86_64-mingw32/nios2-elf/lib/mno-hw-mul\libc.a(lib_a-impure.o)
 .debug_aranges
                0x0000000000000238       0x18 c:/intelfpga_lite/18.1/nios2eds/bin/gnu/h-x86_64-mingw32/bin/../lib/gcc/nios2-elf/5.3.0/../../../../../H-x86_64-mingw32/nios2-elf/lib/mno-hw-mul\libc.a(lib_a-int_errno.o)
 .debug_aranges
                0x0000000000000250       0x20 c:/intelfpga_lite/18.1/nios2eds/bin/gnu/h-x86_64-mingw32/bin/../lib/gcc/nios2-elf/5.3.0/../../../../../H-x86_64-mingw32/nios2-elf/lib/mno-hw-mul\libc.a(lib_a-__atexit.o)
 .debug_aranges
                0x0000000000000270       0x20 c:/intelfpga_lite/18.1/nios2eds/bin/gnu/h-x86_64-mingw32/bin/../lib/gcc/nios2-elf/5.3.0/../../../../../H-x86_64-mingw32/nios2-elf/lib/mno-hw-mul\libc.a(lib_a-__call_atexit.o)
 .debug_aranges
                0x0000000000000290       0x20 ../nios2_processor_bsp/\libhal_bsp.a(alt_exit.o)

.debug_pubnames
 *(.debug_pubnames)

.debug_info     0x0000000000000000     0x3bcd
 *(.debug_info .gnu.linkonce.wi.*)
 .debug_info    0x0000000000000000       0x7c ../nios2_processor_bsp//obj/HAL/src/crt0.o
 .debug_info    0x000000000000007c      0x256 obj/default/main.o
 .debug_info    0x00000000000002d2       0xb4 c:/intelfpga_lite/18.1/nios2eds/bin/gnu/h-x86_64-mingw32/bin/../lib/gcc/nios2-elf/5.3.0/mno-hw-mul\libgcc.a(lib2-mul.o)
 .debug_info    0x0000000000000386      0x145 ../nios2_processor_bsp/\libhal_bsp.a(alt_load.o)
 .debug_info    0x00000000000004cb      0x157 ../nios2_processor_bsp/\libhal_bsp.a(alt_main.o)
 .debug_info    0x0000000000000622       0xfa ../nios2_processor_bsp/\libhal_bsp.a(alt_sys_init.o)
 .debug_info    0x000000000000071c      0x321 ../nios2_processor_bsp/\libhal_bsp.a(alt_close.o)
 .debug_info    0x0000000000000a3d       0x92 ../nios2_processor_bsp/\libhal_bsp.a(alt_dcache_flush_all.o)
 .debug_info    0x0000000000000acf      0x49c ../nios2_processor_bsp/\libhal_bsp.a(alt_dev.o)
 .debug_info    0x0000000000000f6b       0x83 ../nios2_processor_bsp/\libhal_bsp.a(alt_do_ctors.o)
 .debug_info    0x0000000000000fee       0x83 ../nios2_processor_bsp/\libhal_bsp.a(alt_do_dtors.o)
 .debug_info    0x0000000000001071       0xa6 ../nios2_processor_bsp/\libhal_bsp.a(alt_errno.o)
 .debug_info    0x0000000000001117       0x92 ../nios2_processor_bsp/\libhal_bsp.a(alt_icache_flush_all.o)
 .debug_info    0x00000000000011a9      0x2b0 ../nios2_processor_bsp/\libhal_bsp.a(alt_release_fd.o)
 .debug_info    0x0000000000001459       0xb8 ../nios2_processor_bsp/\libhal_bsp.a(altera_nios2_gen2_irq.o)
 .debug_info    0x0000000000001511       0xfe c:/intelfpga_lite/18.1/nios2eds/bin/gnu/h-x86_64-mingw32/bin/../lib/gcc/nios2-elf/5.3.0/../../../../../H-x86_64-mingw32/nios2-elf/lib/mno-hw-mul\libc.a(lib_a-atexit.o)
 .debug_info    0x000000000000160f      0x8e4 c:/intelfpga_lite/18.1/nios2eds/bin/gnu/h-x86_64-mingw32/bin/../lib/gcc/nios2-elf/5.3.0/../../../../../H-x86_64-mingw32/nios2-elf/lib/mno-hw-mul\libc.a(lib_a-exit.o)
 .debug_info    0x0000000000001ef3      0x8a1 c:/intelfpga_lite/18.1/nios2eds/bin/gnu/h-x86_64-mingw32/bin/../lib/gcc/nios2-elf/5.3.0/../../../../../H-x86_64-mingw32/nios2-elf/lib/mno-hw-mul\libc.a(lib_a-impure.o)
 .debug_info    0x0000000000002794       0x8a c:/intelfpga_lite/18.1/nios2eds/bin/gnu/h-x86_64-mingw32/bin/../lib/gcc/nios2-elf/5.3.0/../../../../../H-x86_64-mingw32/nios2-elf/lib/mno-hw-mul\libc.a(lib_a-int_errno.o)
 .debug_info    0x000000000000281e      0x934 c:/intelfpga_lite/18.1/nios2eds/bin/gnu/h-x86_64-mingw32/bin/../lib/gcc/nios2-elf/5.3.0/../../../../../H-x86_64-mingw32/nios2-elf/lib/mno-hw-mul\libc.a(lib_a-__atexit.o)
 .debug_info    0x0000000000003152      0x965 c:/intelfpga_lite/18.1/nios2eds/bin/gnu/h-x86_64-mingw32/bin/../lib/gcc/nios2-elf/5.3.0/../../../../../H-x86_64-mingw32/nios2-elf/lib/mno-hw-mul\libc.a(lib_a-__call_atexit.o)
 .debug_info    0x0000000000003ab7      0x116 ../nios2_processor_bsp/\libhal_bsp.a(alt_exit.o)

.debug_abbrev   0x0000000000000000     0x122b
 *(.debug_abbrev)
 .debug_abbrev  0x0000000000000000       0x12 ../nios2_processor_bsp//obj/HAL/src/crt0.o
 .debug_abbrev  0x0000000000000012      0x110 obj/default/main.o
 .debug_abbrev  0x0000000000000122       0x6f c:/intelfpga_lite/18.1/nios2eds/bin/gnu/h-x86_64-mingw32/bin/../lib/gcc/nios2-elf/5.3.0/mno-hw-mul\libgcc.a(lib2-mul.o)
 .debug_abbrev  0x0000000000000191       0x9f ../nios2_processor_bsp/\libhal_bsp.a(alt_load.o)
 .debug_abbrev  0x0000000000000230       0xc1 ../nios2_processor_bsp/\libhal_bsp.a(alt_main.o)
 .debug_abbrev  0x00000000000002f1       0xbc ../nios2_processor_bsp/\libhal_bsp.a(alt_sys_init.o)
 .debug_abbrev  0x00000000000003ad      0x11f ../nios2_processor_bsp/\libhal_bsp.a(alt_close.o)
 .debug_abbrev  0x00000000000004cc       0x42 ../nios2_processor_bsp/\libhal_bsp.a(alt_dcache_flush_all.o)
 .debug_abbrev  0x000000000000050e       0xd9 ../nios2_processor_bsp/\libhal_bsp.a(alt_dev.o)
 .debug_abbrev  0x00000000000005e7       0x79 ../nios2_processor_bsp/\libhal_bsp.a(alt_do_ctors.o)
 .debug_abbrev  0x0000000000000660       0x79 ../nios2_processor_bsp/\libhal_bsp.a(alt_do_dtors.o)
 .debug_abbrev  0x00000000000006d9       0x5a ../nios2_processor_bsp/\libhal_bsp.a(alt_errno.o)
 .debug_abbrev  0x0000000000000733       0x42 ../nios2_processor_bsp/\libhal_bsp.a(alt_icache_flush_all.o)
 .debug_abbrev  0x0000000000000775       0xde ../nios2_processor_bsp/\libhal_bsp.a(alt_release_fd.o)
 .debug_abbrev  0x0000000000000853       0x67 ../nios2_processor_bsp/\libhal_bsp.a(altera_nios2_gen2_irq.o)
 .debug_abbrev  0x00000000000008ba       0xaa c:/intelfpga_lite/18.1/nios2eds/bin/gnu/h-x86_64-mingw32/bin/../lib/gcc/nios2-elf/5.3.0/../../../../../H-x86_64-mingw32/nios2-elf/lib/mno-hw-mul\libc.a(lib_a-atexit.o)
 .debug_abbrev  0x0000000000000964      0x1e5 c:/intelfpga_lite/18.1/nios2eds/bin/gnu/h-x86_64-mingw32/bin/../lib/gcc/nios2-elf/5.3.0/../../../../../H-x86_64-mingw32/nios2-elf/lib/mno-hw-mul\libc.a(lib_a-exit.o)
 .debug_abbrev  0x0000000000000b49      0x18f c:/intelfpga_lite/18.1/nios2eds/bin/gnu/h-x86_64-mingw32/bin/../lib/gcc/nios2-elf/5.3.0/../../../../../H-x86_64-mingw32/nios2-elf/lib/mno-hw-mul\libc.a(lib_a-impure.o)
 .debug_abbrev  0x0000000000000cd8       0x37 c:/intelfpga_lite/18.1/nios2eds/bin/gnu/h-x86_64-mingw32/bin/../lib/gcc/nios2-elf/5.3.0/../../../../../H-x86_64-mingw32/nios2-elf/lib/mno-hw-mul\libc.a(lib_a-int_errno.o)
 .debug_abbrev  0x0000000000000d0f      0x21e c:/intelfpga_lite/18.1/nios2eds/bin/gnu/h-x86_64-mingw32/bin/../lib/gcc/nios2-elf/5.3.0/../../../../../H-x86_64-mingw32/nios2-elf/lib/mno-hw-mul\libc.a(lib_a-__atexit.o)
 .debug_abbrev  0x0000000000000f2d      0x22e c:/intelfpga_lite/18.1/nios2eds/bin/gnu/h-x86_64-mingw32/bin/../lib/gcc/nios2-elf/5.3.0/../../../../../H-x86_64-mingw32/nios2-elf/lib/mno-hw-mul\libc.a(lib_a-__call_atexit.o)
 .debug_abbrev  0x000000000000115b       0xd0 ../nios2_processor_bsp/\libhal_bsp.a(alt_exit.o)

.debug_line     0x0000000000000000     0x1389
 *(.debug_line)
 .debug_line    0x0000000000000000       0x66 ../nios2_processor_bsp//obj/HAL/src/crt0.o
 .debug_line    0x0000000000000066      0x1bc obj/default/main.o
 .debug_line    0x0000000000000222       0x80 c:/intelfpga_lite/18.1/nios2eds/bin/gnu/h-x86_64-mingw32/bin/../lib/gcc/nios2-elf/5.3.0/mno-hw-mul\libgcc.a(lib2-mul.o)
 .debug_line    0x00000000000002a2       0x8e ../nios2_processor_bsp/\libhal_bsp.a(alt_load.o)
 .debug_line    0x0000000000000330       0xcd ../nios2_processor_bsp/\libhal_bsp.a(alt_main.o)
 .debug_line    0x00000000000003fd       0xa7 ../nios2_processor_bsp/\libhal_bsp.a(alt_sys_init.o)
 .debug_line    0x00000000000004a4      0x165 ../nios2_processor_bsp/\libhal_bsp.a(alt_close.o)
 .debug_line    0x0000000000000609       0x51 ../nios2_processor_bsp/\libhal_bsp.a(alt_dcache_flush_all.o)
 .debug_line    0x000000000000065a       0xf8 ../nios2_processor_bsp/\libhal_bsp.a(alt_dev.o)
 .debug_line    0x0000000000000752       0x59 ../nios2_processor_bsp/\libhal_bsp.a(alt_do_ctors.o)
 .debug_line    0x00000000000007ab       0x59 ../nios2_processor_bsp/\libhal_bsp.a(alt_do_dtors.o)
 .debug_line    0x0000000000000804       0x51 ../nios2_processor_bsp/\libhal_bsp.a(alt_errno.o)
 .debug_line    0x0000000000000855       0x4f ../nios2_processor_bsp/\libhal_bsp.a(alt_icache_flush_all.o)
 .debug_line    0x00000000000008a4       0xb0 ../nios2_processor_bsp/\libhal_bsp.a(alt_release_fd.o)
 .debug_line    0x0000000000000954       0x8d ../nios2_processor_bsp/\libhal_bsp.a(altera_nios2_gen2_irq.o)
 .debug_line    0x00000000000009e1       0xe7 c:/intelfpga_lite/18.1/nios2eds/bin/gnu/h-x86_64-mingw32/bin/../lib/gcc/nios2-elf/5.3.0/../../../../../H-x86_64-mingw32/nios2-elf/lib/mno-hw-mul\libc.a(lib_a-atexit.o)
 .debug_line    0x0000000000000ac8      0x1fc c:/intelfpga_lite/18.1/nios2eds/bin/gnu/h-x86_64-mingw32/bin/../lib/gcc/nios2-elf/5.3.0/../../../../../H-x86_64-mingw32/nios2-elf/lib/mno-hw-mul\libc.a(lib_a-exit.o)
 .debug_line    0x0000000000000cc4      0x160 c:/intelfpga_lite/18.1/nios2eds/bin/gnu/h-x86_64-mingw32/bin/../lib/gcc/nios2-elf/5.3.0/../../../../../H-x86_64-mingw32/nios2-elf/lib/mno-hw-mul\libc.a(lib_a-impure.o)
 .debug_line    0x0000000000000e24       0x5f c:/intelfpga_lite/18.1/nios2eds/bin/gnu/h-x86_64-mingw32/bin/../lib/gcc/nios2-elf/5.3.0/../../../../../H-x86_64-mingw32/nios2-elf/lib/mno-hw-mul\libc.a(lib_a-int_errno.o)
 .debug_line    0x0000000000000e83      0x21f c:/intelfpga_lite/18.1/nios2eds/bin/gnu/h-x86_64-mingw32/bin/../lib/gcc/nios2-elf/5.3.0/../../../../../H-x86_64-mingw32/nios2-elf/lib/mno-hw-mul\libc.a(lib_a-__atexit.o)
 .debug_line    0x00000000000010a2      0x23a c:/intelfpga_lite/18.1/nios2eds/bin/gnu/h-x86_64-mingw32/bin/../lib/gcc/nios2-elf/5.3.0/../../../../../H-x86_64-mingw32/nios2-elf/lib/mno-hw-mul\libc.a(lib_a-__call_atexit.o)
 .debug_line    0x00000000000012dc       0xad ../nios2_processor_bsp/\libhal_bsp.a(alt_exit.o)

.debug_frame    0x0000000000000000      0x468
 *(.debug_frame)
 .debug_frame   0x0000000000000000       0x88 obj/default/main.o
 .debug_frame   0x0000000000000088       0x20 c:/intelfpga_lite/18.1/nios2eds/bin/gnu/h-x86_64-mingw32/bin/../lib/gcc/nios2-elf/5.3.0/mno-hw-mul\libgcc.a(lib2-mul.o)
 .debug_frame   0x00000000000000a8       0x5c ../nios2_processor_bsp/\libhal_bsp.a(alt_load.o)
 .debug_frame   0x0000000000000104       0x2c ../nios2_processor_bsp/\libhal_bsp.a(alt_main.o)
 .debug_frame   0x0000000000000130       0x5c ../nios2_processor_bsp/\libhal_bsp.a(alt_sys_init.o)
 .debug_frame   0x000000000000018c       0x60 ../nios2_processor_bsp/\libhal_bsp.a(alt_close.o)
 .debug_frame   0x00000000000001ec       0x34 ../nios2_processor_bsp/\libhal_bsp.a(alt_dcache_flush_all.o)
 .debug_frame   0x0000000000000220       0x34 ../nios2_processor_bsp/\libhal_bsp.a(alt_dev.o)
 .debug_frame   0x0000000000000254       0x38 ../nios2_processor_bsp/\libhal_bsp.a(alt_do_ctors.o)
 .debug_frame   0x000000000000028c       0x38 ../nios2_processor_bsp/\libhal_bsp.a(alt_do_dtors.o)
 .debug_frame   0x00000000000002c4       0x34 ../nios2_processor_bsp/\libhal_bsp.a(alt_icache_flush_all.o)
 .debug_frame   0x00000000000002f8       0x3c ../nios2_processor_bsp/\libhal_bsp.a(alt_release_fd.o)
 .debug_frame   0x0000000000000334       0x34 ../nios2_processor_bsp/\libhal_bsp.a(altera_nios2_gen2_irq.o)
 .debug_frame   0x0000000000000368       0x20 c:/intelfpga_lite/18.1/nios2eds/bin/gnu/h-x86_64-mingw32/bin/../lib/gcc/nios2-elf/5.3.0/../../../../../H-x86_64-mingw32/nios2-elf/lib/mno-hw-mul\libc.a(lib_a-atexit.o)
 .debug_frame   0x0000000000000388       0x28 c:/intelfpga_lite/18.1/nios2eds/bin/gnu/h-x86_64-mingw32/bin/../lib/gcc/nios2-elf/5.3.0/../../../../../H-x86_64-mingw32/nios2-elf/lib/mno-hw-mul\libc.a(lib_a-exit.o)
 .debug_frame   0x00000000000003b0       0x38 c:/intelfpga_lite/18.1/nios2eds/bin/gnu/h-x86_64-mingw32/bin/../lib/gcc/nios2-elf/5.3.0/../../../../../H-x86_64-mingw32/nios2-elf/lib/mno-hw-mul\libc.a(lib_a-__atexit.o)
 .debug_frame   0x00000000000003e8       0x54 c:/intelfpga_lite/18.1/nios2eds/bin/gnu/h-x86_64-mingw32/bin/../lib/gcc/nios2-elf/5.3.0/../../../../../H-x86_64-mingw32/nios2-elf/lib/mno-hw-mul\libc.a(lib_a-__call_atexit.o)
 .debug_frame   0x000000000000043c       0x2c ../nios2_processor_bsp/\libhal_bsp.a(alt_exit.o)

.debug_str      0x0000000000000000      0xf3e
 *(.debug_str)
 .debug_str     0x0000000000000000      0x181 obj/default/main.o
                                        0x1e9 (size before relaxing)
 .debug_str     0x0000000000000181      0x148 c:/intelfpga_lite/18.1/nios2eds/bin/gnu/h-x86_64-mingw32/bin/../lib/gcc/nios2-elf/5.3.0/mno-hw-mul\libgcc.a(lib2-mul.o)
                                        0x193 (size before relaxing)
 .debug_str     0x00000000000002c9      0x145 ../nios2_processor_bsp/\libhal_bsp.a(alt_load.o)
                                        0x220 (size before relaxing)
 .debug_str     0x000000000000040e       0x91 ../nios2_processor_bsp/\libhal_bsp.a(alt_main.o)
                                        0x1d4 (size before relaxing)
 .debug_str     0x000000000000049f       0x47 ../nios2_processor_bsp/\libhal_bsp.a(alt_sys_init.o)
                                        0x1a4 (size before relaxing)
 .debug_str     0x00000000000004e6       0x90 ../nios2_processor_bsp/\libhal_bsp.a(alt_close.o)
                                        0x219 (size before relaxing)
 .debug_str     0x0000000000000576       0x34 ../nios2_processor_bsp/\libhal_bsp.a(alt_dcache_flush_all.o)
                                        0x163 (size before relaxing)
 .debug_str     0x00000000000005aa      0x120 ../nios2_processor_bsp/\libhal_bsp.a(alt_dev.o)
                                        0x313 (size before relaxing)
 .debug_str     0x00000000000006ca       0x48 ../nios2_processor_bsp/\libhal_bsp.a(alt_do_ctors.o)
                                         0xde (size before relaxing)
 .debug_str     0x0000000000000712       0x4c ../nios2_processor_bsp/\libhal_bsp.a(alt_do_dtors.o)
                                         0xdd (size before relaxing)
 .debug_str     0x000000000000075e       0x14 ../nios2_processor_bsp/\libhal_bsp.a(alt_errno.o)
                                        0x153 (size before relaxing)
 .debug_str     0x0000000000000772       0x34 ../nios2_processor_bsp/\libhal_bsp.a(alt_icache_flush_all.o)
                                        0x163 (size before relaxing)
 .debug_str     0x00000000000007a6       0x28 ../nios2_processor_bsp/\libhal_bsp.a(alt_release_fd.o)
                                        0x1e1 (size before relaxing)
 .debug_str     0x00000000000007ce       0x3b ../nios2_processor_bsp/\libhal_bsp.a(altera_nios2_gen2_irq.o)
                                        0x193 (size before relaxing)
 .debug_str     0x0000000000000809      0x17c c:/intelfpga_lite/18.1/nios2eds/bin/gnu/h-x86_64-mingw32/bin/../lib/gcc/nios2-elf/5.3.0/../../../../../H-x86_64-mingw32/nios2-elf/lib/mno-hw-mul\libc.a(lib_a-atexit.o)
                                        0x221 (size before relaxing)
 .debug_str     0x0000000000000985      0x3d6 c:/intelfpga_lite/18.1/nios2eds/bin/gnu/h-x86_64-mingw32/bin/../lib/gcc/nios2-elf/5.3.0/../../../../../H-x86_64-mingw32/nios2-elf/lib/mno-hw-mul\libc.a(lib_a-exit.o)
                                        0x5be (size before relaxing)
 .debug_str     0x0000000000000d5b       0xd6 c:/intelfpga_lite/18.1/nios2eds/bin/gnu/h-x86_64-mingw32/bin/../lib/gcc/nios2-elf/5.3.0/../../../../../H-x86_64-mingw32/nios2-elf/lib/mno-hw-mul\libc.a(lib_a-impure.o)
                                        0x5b5 (size before relaxing)
 .debug_str     0x0000000000000e31       0x3f c:/intelfpga_lite/18.1/nios2eds/bin/gnu/h-x86_64-mingw32/bin/../lib/gcc/nios2-elf/5.3.0/../../../../../H-x86_64-mingw32/nios2-elf/lib/mno-hw-mul\libc.a(lib_a-int_errno.o)
                                        0x1dd (size before relaxing)
 .debug_str     0x0000000000000e70       0x3f c:/intelfpga_lite/18.1/nios2eds/bin/gnu/h-x86_64-mingw32/bin/../lib/gcc/nios2-elf/5.3.0/../../../../../H-x86_64-mingw32/nios2-elf/lib/mno-hw-mul\libc.a(lib_a-__atexit.o)
                                        0x5f6 (size before relaxing)
 .debug_str     0x0000000000000eaf       0x65 c:/intelfpga_lite/18.1/nios2eds/bin/gnu/h-x86_64-mingw32/bin/../lib/gcc/nios2-elf/5.3.0/../../../../../H-x86_64-mingw32/nios2-elf/lib/mno-hw-mul\libc.a(lib_a-__call_atexit.o)
                                        0x5e2 (size before relaxing)
 .debug_str     0x0000000000000f14       0x2a ../nios2_processor_bsp/\libhal_bsp.a(alt_exit.o)
                                        0x188 (size before relaxing)

.debug_loc      0x0000000000000000      0x430
 *(.debug_loc)
 .debug_loc     0x0000000000000000       0x93 c:/intelfpga_lite/18.1/nios2eds/bin/gnu/h-x86_64-mingw32/bin/../lib/gcc/nios2-elf/5.3.0/mno-hw-mul\libgcc.a(lib2-mul.o)
 .debug_loc     0x0000000000000093       0x2c c:/intelfpga_lite/18.1/nios2eds/bin/gnu/h-x86_64-mingw32/bin/../lib/gcc/nios2-elf/5.3.0/../../../../../H-x86_64-mingw32/nios2-elf/lib/mno-hw-mul\libc.a(lib_a-atexit.o)
 .debug_loc     0x00000000000000bf       0x1e c:/intelfpga_lite/18.1/nios2eds/bin/gnu/h-x86_64-mingw32/bin/../lib/gcc/nios2-elf/5.3.0/../../../../../H-x86_64-mingw32/nios2-elf/lib/mno-hw-mul\libc.a(lib_a-exit.o)
 .debug_loc     0x00000000000000dd      0x185 c:/intelfpga_lite/18.1/nios2eds/bin/gnu/h-x86_64-mingw32/bin/../lib/gcc/nios2-elf/5.3.0/../../../../../H-x86_64-mingw32/nios2-elf/lib/mno-hw-mul\libc.a(lib_a-__atexit.o)
 .debug_loc     0x0000000000000262      0x1ce c:/intelfpga_lite/18.1/nios2eds/bin/gnu/h-x86_64-mingw32/bin/../lib/gcc/nios2-elf/5.3.0/../../../../../H-x86_64-mingw32/nios2-elf/lib/mno-hw-mul\libc.a(lib_a-__call_atexit.o)

.debug_macinfo
 *(.debug_macinfo)

.debug_weaknames
 *(.debug_weaknames)

.debug_funcnames
 *(.debug_funcnames)

.debug_typenames
 *(.debug_typenames)

.debug_varnames
 *(.debug_varnames)

.debug_alt_sim_info
                0x0000000000000000       0x10
 *(.debug_alt_sim_info)
 .debug_alt_sim_info
                0x0000000000000000       0x10 ../nios2_processor_bsp//obj/HAL/src/crt0.o
                0x0000000000008000                __alt_data_end = 0x8000
                0x0000000000008000                PROVIDE (__alt_stack_pointer, __alt_data_end)
                [!provide]                        PROVIDE (__alt_stack_limit, __alt_stack_base)
                [!provide]                        PROVIDE (__alt_heap_start, end)
                [!provide]                        PROVIDE (__alt_heap_limit, 0x8000)
OUTPUT(nios2_processor.elf elf32-littlenios2)

.debug_ranges   0x0000000000000000       0x80
 .debug_ranges  0x0000000000000000       0x20 ../nios2_processor_bsp//obj/HAL/src/crt0.o
 .debug_ranges  0x0000000000000020       0x10 c:/intelfpga_lite/18.1/nios2eds/bin/gnu/h-x86_64-mingw32/bin/../lib/gcc/nios2-elf/5.3.0/../../../../../H-x86_64-mingw32/nios2-elf/lib/mno-hw-mul\libc.a(lib_a-atexit.o)
 .debug_ranges  0x0000000000000030       0x10 c:/intelfpga_lite/18.1/nios2eds/bin/gnu/h-x86_64-mingw32/bin/../lib/gcc/nios2-elf/5.3.0/../../../../../H-x86_64-mingw32/nios2-elf/lib/mno-hw-mul\libc.a(lib_a-exit.o)
 .debug_ranges  0x0000000000000040       0x10 c:/intelfpga_lite/18.1/nios2eds/bin/gnu/h-x86_64-mingw32/bin/../lib/gcc/nios2-elf/5.3.0/../../../../../H-x86_64-mingw32/nios2-elf/lib/mno-hw-mul\libc.a(lib_a-__atexit.o)
 .debug_ranges  0x0000000000000050       0x30 c:/intelfpga_lite/18.1/nios2eds/bin/gnu/h-x86_64-mingw32/bin/../lib/gcc/nios2-elf/5.3.0/../../../../../H-x86_64-mingw32/nios2-elf/lib/mno-hw-mul\libc.a(lib_a-__call_atexit.o)
