Archive member included to satisfy reference by file (symbol)

c:/intelfpga_lite/18.1/nios2eds/bin/gnu/h-x86_64-mingw32/bin/../lib/gcc/nios2-elf/5.3.0/mno-hw-mul\libgcc.a(lib2-divmod.o)
                              obj/default/hello_world.o (__modsi3)
c:/intelfpga_lite/18.1/nios2eds/bin/gnu/h-x86_64-mingw32/bin/../lib/gcc/nios2-elf/5.3.0/../../../../../H-x86_64-mingw32/nios2-elf/lib/mno-hw-mul\libc.a(lib_a-rand.o)
                              obj/default/hello_world.o (srand)
c:/intelfpga_lite/18.1/nios2eds/bin/gnu/h-x86_64-mingw32/bin/../lib/gcc/nios2-elf/5.3.0/../../../../../H-x86_64-mingw32/nios2-elf/lib/mno-hw-mul\libc.a(lib_a-impure.o)
                              c:/intelfpga_lite/18.1/nios2eds/bin/gnu/h-x86_64-mingw32/bin/../lib/gcc/nios2-elf/5.3.0/../../../../../H-x86_64-mingw32/nios2-elf/lib/mno-hw-mul\libc.a(lib_a-rand.o) (_impure_ptr)
c:/intelfpga_lite/18.1/nios2eds/bin/gnu/h-x86_64-mingw32/bin/../lib/gcc/nios2-elf/5.3.0/mno-hw-mul\libgcc.a(_muldi3.o)
                              c:/intelfpga_lite/18.1/nios2eds/bin/gnu/h-x86_64-mingw32/bin/../lib/gcc/nios2-elf/5.3.0/../../../../../H-x86_64-mingw32/nios2-elf/lib/mno-hw-mul\libc.a(lib_a-rand.o) (__muldi3)
c:/intelfpga_lite/18.1/nios2eds/bin/gnu/h-x86_64-mingw32/bin/../lib/gcc/nios2-elf/5.3.0/mno-hw-mul\libgcc.a(lib2-mul.o)
                              c:/intelfpga_lite/18.1/nios2eds/bin/gnu/h-x86_64-mingw32/bin/../lib/gcc/nios2-elf/5.3.0/mno-hw-mul\libgcc.a(_muldi3.o) (__mulsi3)
../processador_bsp/\libhal_bsp.a(alt_irq_register.o)
                              obj/default/hello_world.o (alt_irq_register)
../processador_bsp/\libhal_bsp.a(alt_irq_vars.o)
                              ../processador_bsp/\libhal_bsp.a(alt_irq_register.o) (alt_irq_active)
../processador_bsp/\libhal_bsp.a(alt_load.o)
                              ../processador_bsp//obj/HAL/src/crt0.o (alt_load)
../processador_bsp/\libhal_bsp.a(alt_main.o)
                              ../processador_bsp//obj/HAL/src/crt0.o (alt_main)
../processador_bsp/\libhal_bsp.a(alt_usleep.o)
                              obj/default/hello_world.o (usleep)
../processador_bsp/\libhal_bsp.a(alt_sys_init.o)
                              ../processador_bsp/\libhal_bsp.a(alt_main.o) (alt_irq_init)
../processador_bsp/\libhal_bsp.a(alt_busy_sleep.o)
                              ../processador_bsp/\libhal_bsp.a(alt_usleep.o) (alt_busy_sleep)
../processador_bsp/\libhal_bsp.a(alt_close.o)
                              ../processador_bsp/\libhal_bsp.a(alt_main.o) (close)
../processador_bsp/\libhal_bsp.a(alt_dcache_flush_all.o)
                              ../processador_bsp/\libhal_bsp.a(alt_load.o) (alt_dcache_flush_all)
../processador_bsp/\libhal_bsp.a(alt_dev.o)
                              ../processador_bsp/\libhal_bsp.a(alt_close.o) (alt_fd_list)
../processador_bsp/\libhal_bsp.a(alt_do_ctors.o)
                              ../processador_bsp/\libhal_bsp.a(alt_main.o) (_do_ctors)
../processador_bsp/\libhal_bsp.a(alt_do_dtors.o)
                              ../processador_bsp/\libhal_bsp.a(alt_main.o) (_do_dtors)
../processador_bsp/\libhal_bsp.a(alt_errno.o)
                              ../processador_bsp/\libhal_bsp.a(alt_close.o) (alt_errno)
../processador_bsp/\libhal_bsp.a(alt_icache_flush_all.o)
                              ../processador_bsp/\libhal_bsp.a(alt_load.o) (alt_icache_flush_all)
../processador_bsp/\libhal_bsp.a(alt_irq_entry.o)
                              ../processador_bsp/\libhal_bsp.a(alt_irq_register.o) (alt_irq_entry)
../processador_bsp/\libhal_bsp.a(alt_irq_handler.o)
                              ../processador_bsp/\libhal_bsp.a(alt_irq_register.o) (alt_irq)
../processador_bsp/\libhal_bsp.a(alt_release_fd.o)
                              ../processador_bsp/\libhal_bsp.a(alt_close.o) (alt_release_fd)
../processador_bsp/\libhal_bsp.a(altera_nios2_gen2_irq.o)
                              ../processador_bsp/\libhal_bsp.a(alt_sys_init.o) (altera_nios2_gen2_irq_init)
../processador_bsp/\libhal_bsp.a(alt_exception_entry.o)
                              ../processador_bsp/\libhal_bsp.a(alt_irq_entry.o) (alt_exception)
../processador_bsp/\libhal_bsp.a(alt_instruction_exception_entry.o)
                              ../processador_bsp/\libhal_bsp.a(alt_exception_entry.o) (alt_instruction_exception_entry)
c:/intelfpga_lite/18.1/nios2eds/bin/gnu/h-x86_64-mingw32/bin/../lib/gcc/nios2-elf/5.3.0/../../../../../H-x86_64-mingw32/nios2-elf/lib/mno-hw-mul\libc.a(lib_a-atexit.o)
                              ../processador_bsp/\libhal_bsp.a(alt_main.o) (atexit)
c:/intelfpga_lite/18.1/nios2eds/bin/gnu/h-x86_64-mingw32/bin/../lib/gcc/nios2-elf/5.3.0/../../../../../H-x86_64-mingw32/nios2-elf/lib/mno-hw-mul\libc.a(lib_a-exit.o)
                              ../processador_bsp/\libhal_bsp.a(alt_main.o) (exit)
c:/intelfpga_lite/18.1/nios2eds/bin/gnu/h-x86_64-mingw32/bin/../lib/gcc/nios2-elf/5.3.0/../../../../../H-x86_64-mingw32/nios2-elf/lib/mno-hw-mul\libc.a(lib_a-int_errno.o)
                              ../processador_bsp/\libhal_bsp.a(alt_close.o) (errno)
c:/intelfpga_lite/18.1/nios2eds/bin/gnu/h-x86_64-mingw32/bin/../lib/gcc/nios2-elf/5.3.0/../../../../../H-x86_64-mingw32/nios2-elf/lib/mno-hw-mul\libc.a(lib_a-__atexit.o)
                              c:/intelfpga_lite/18.1/nios2eds/bin/gnu/h-x86_64-mingw32/bin/../lib/gcc/nios2-elf/5.3.0/../../../../../H-x86_64-mingw32/nios2-elf/lib/mno-hw-mul\libc.a(lib_a-atexit.o) (__register_exitproc)
c:/intelfpga_lite/18.1/nios2eds/bin/gnu/h-x86_64-mingw32/bin/../lib/gcc/nios2-elf/5.3.0/../../../../../H-x86_64-mingw32/nios2-elf/lib/mno-hw-mul\libc.a(lib_a-__call_atexit.o)
                              c:/intelfpga_lite/18.1/nios2eds/bin/gnu/h-x86_64-mingw32/bin/../lib/gcc/nios2-elf/5.3.0/../../../../../H-x86_64-mingw32/nios2-elf/lib/mno-hw-mul\libc.a(lib_a-exit.o) (__call_exitprocs)
../processador_bsp/\libhal_bsp.a(alt_exit.o)
                              c:/intelfpga_lite/18.1/nios2eds/bin/gnu/h-x86_64-mingw32/bin/../lib/gcc/nios2-elf/5.3.0/../../../../../H-x86_64-mingw32/nios2-elf/lib/mno-hw-mul\libc.a(lib_a-exit.o) (_exit)

Allocating common symbols
Common symbol       size              file

alt_irq             0x100             ../processador_bsp/\libhal_bsp.a(alt_irq_handler.o)
errno               0x4               c:/intelfpga_lite/18.1/nios2eds/bin/gnu/h-x86_64-mingw32/bin/../lib/gcc/nios2-elf/5.3.0/../../../../../H-x86_64-mingw32/nios2-elf/lib/mno-hw-mul\libc.a(lib_a-int_errno.o)

Memory Configuration

Name             Origin             Length             Attributes
reset            0x0000000008210000 0x0000000000000020
ram_data         0x0000000008210020 0x000000000000ffe0
*default*        0x0000000000000000 0xffffffffffffffff

Linker script and memory map

LOAD ../processador_bsp//obj/HAL/src/crt0.o
LOAD obj/default/hello_world.o
LOAD c:/intelfpga_lite/18.1/nios2eds/bin/gnu/h-x86_64-mingw32/bin/../lib/gcc/nios2-elf/5.3.0/../../../../../H-x86_64-mingw32/nios2-elf/lib/mno-hw-mul\libstdc++.a
LOAD c:/intelfpga_lite/18.1/nios2eds/bin/gnu/h-x86_64-mingw32/bin/../lib/gcc/nios2-elf/5.3.0/../../../../../H-x86_64-mingw32/nios2-elf/lib/mno-hw-mul\libm.a
LOAD c:/intelfpga_lite/18.1/nios2eds/bin/gnu/h-x86_64-mingw32/bin/../lib/gcc/nios2-elf/5.3.0/mno-hw-mul\libgcc.a
START GROUP
LOAD c:/intelfpga_lite/18.1/nios2eds/bin/gnu/h-x86_64-mingw32/bin/../lib/gcc/nios2-elf/5.3.0/../../../../../H-x86_64-mingw32/nios2-elf/lib/mno-hw-mul\libc.a
LOAD c:/intelfpga_lite/18.1/nios2eds/bin/gnu/h-x86_64-mingw32/bin/../lib/gcc/nios2-elf/5.3.0/mno-hw-mul\libgcc.a
LOAD ../processador_bsp/\libhal_bsp.a
LOAD c:/intelfpga_lite/18.1/nios2eds/bin/gnu/h-x86_64-mingw32/bin/../lib/gcc/nios2-elf/5.3.0/../../../../../H-x86_64-mingw32/nios2-elf/lib/mno-hw-mul\libm.a
END GROUP
LOAD c:/intelfpga_lite/18.1/nios2eds/bin/gnu/h-x86_64-mingw32/bin/../lib/gcc/nios2-elf/5.3.0/mno-hw-mul\libgcc.a
                0x0000000008210000                __alt_mem_ram_data = 0x8210000

.entry          0x0000000008210000       0x20
 *(.entry)
 .entry         0x0000000008210000       0x20 ../processador_bsp//obj/HAL/src/crt0.o
                0x0000000008210000                __reset

.exceptions     0x0000000008210020      0x210
                0x0000000008210020                PROVIDE (__ram_exceptions_start, ABSOLUTE (.))
                0x0000000008210020                . = ALIGN (0x20)
 *(.irq)
 *(.exceptions.entry.label)
 .exceptions.entry.label
                0x0000000008210020        0x0 ../processador_bsp/\libhal_bsp.a(alt_irq_entry.o)
                0x0000000008210020                alt_irq_entry
 .exceptions.entry.label
                0x0000000008210020        0x0 ../processador_bsp/\libhal_bsp.a(alt_exception_entry.o)
                0x0000000008210020                alt_exception
 *(.exceptions.entry.user)
 *(.exceptions.entry.ecc_fatal)
 *(.exceptions.entry)
 .exceptions.entry
                0x0000000008210020       0x54 ../processador_bsp/\libhal_bsp.a(alt_exception_entry.o)
 *(.exceptions.irqtest.user)
 *(.exceptions.irqtest)
 .exceptions.irqtest
                0x0000000008210074       0x10 ../processador_bsp/\libhal_bsp.a(alt_irq_entry.o)
 *(.exceptions.irqhandler.user)
 *(.exceptions.irqhandler)
 .exceptions.irqhandler
                0x0000000008210084        0x4 ../processador_bsp/\libhal_bsp.a(alt_irq_entry.o)
 *(.exceptions.irqreturn.user)
 *(.exceptions.irqreturn)
 .exceptions.irqreturn
                0x0000000008210088        0x4 ../processador_bsp/\libhal_bsp.a(alt_irq_entry.o)
 *(.exceptions.notirq.label)
 .exceptions.notirq.label
                0x000000000821008c        0x0 ../processador_bsp/\libhal_bsp.a(alt_irq_entry.o)
 *(.exceptions.notirq.user)
 *(.exceptions.notirq)
 .exceptions.notirq
                0x000000000821008c        0x8 ../processador_bsp/\libhal_bsp.a(alt_exception_entry.o)
 *(.exceptions.soft.user)
 *(.exceptions.soft)
 *(.exceptions.unknown.user)
 *(.exceptions.unknown)
 .exceptions.unknown
                0x0000000008210094       0x14 ../processador_bsp/\libhal_bsp.a(alt_exception_entry.o)
 *(.exceptions.exit.label)
 .exceptions.exit.label
                0x00000000082100a8        0x0 ../processador_bsp/\libhal_bsp.a(alt_irq_entry.o)
 .exceptions.exit.label
                0x00000000082100a8        0x0 ../processador_bsp/\libhal_bsp.a(alt_exception_entry.o)
 *(.exceptions.exit.user)
 *(.exceptions.exit)
 .exceptions.exit
                0x00000000082100a8       0x54 ../processador_bsp/\libhal_bsp.a(alt_exception_entry.o)
 *(.exceptions)
 .exceptions    0x00000000082100fc       0xd4 ../processador_bsp/\libhal_bsp.a(alt_irq_handler.o)
                0x00000000082100fc                alt_irq_handler
 .exceptions    0x00000000082101d0       0x60 ../processador_bsp/\libhal_bsp.a(alt_instruction_exception_entry.o)
                0x00000000082101d0                alt_instruction_exception_entry
                0x0000000008210230                PROVIDE (__ram_exceptions_end, ABSOLUTE (.))
                0x0000000008210020                PROVIDE (__flash_exceptions_start, LOADADDR (.exceptions))

.text           0x0000000008210230     0x247c
                [!provide]                        PROVIDE (stext, ABSOLUTE (.))
 *(.interp)
 *(.hash)
 *(.dynsym)
 *(.dynstr)
 *(.gnu.version)
 *(.gnu.version_d)
 *(.gnu.version_r)
 *(.rel.init)
 *(.rela.init)
 *(.rel.text .rel.text.* .rel.gnu.linkonce.t.*)
 *(.rela.text .rela.text.* .rela.gnu.linkonce.t.*)
 *(.rel.fini)
 *(.rela.fini)
 *(.rel.rodata .rel.rodata.* .rel.gnu.linkonce.r.*)
 *(.rela.rodata .rela.rodata.* .rela.gnu.linkonce.r.*)
 *(.rel.data .rel.data.* .rel.gnu.linkonce.d.*)
 *(.rela.data .rela.data.* .rela.gnu.linkonce.d.*)
 *(.rel.tdata .rel.tdata.* .rel.gnu.linkonce.td.*)
 *(.rela.tdata .rela.tdata.* .rela.gnu.linkonce.td.*)
 *(.rel.tbss .rel.tbss.* .rel.gnu.linkonce.tb.*)
 *(.rela.tbss .rela.tbss.* .rela.gnu.linkonce.tb.*)
 *(.rel.ctors)
 *(.rela.ctors)
 *(.rel.dtors)
 *(.rela.dtors)
 *(.rel.got)
 *(.rela.got)
 *(.rel.sdata .rel.sdata.* .rel.gnu.linkonce.s.*)
 *(.rela.sdata .rela.sdata.* .rela.gnu.linkonce.s.*)
 *(.rel.sbss .rel.sbss.* .rel.gnu.linkonce.sb.*)
 *(.rela.sbss .rela.sbss.* .rela.gnu.linkonce.sb.*)
 *(.rel.sdata2 .rel.sdata2.* .rel.gnu.linkonce.s2.*)
 *(.rela.sdata2 .rela.sdata2.* .rela.gnu.linkonce.s2.*)
 *(.rel.sbss2 .rel.sbss2.* .rel.gnu.linkonce.sb2.*)
 *(.rela.sbss2 .rela.sbss2.* .rela.gnu.linkonce.sb2.*)
 *(.rel.bss .rel.bss.* .rel.gnu.linkonce.b.*)
 *(.rela.bss .rela.bss.* .rela.gnu.linkonce.b.*)
 *(.rel.plt)
 *(.rela.plt)
 *(.rel.dyn)
 *(.init)
 *(.plt)
 *(.text .stub .text.* .gnu.linkonce.t.*)
 .text          0x0000000008210230       0x3c ../processador_bsp//obj/HAL/src/crt0.o
                0x0000000008210230                _start
 .text          0x000000000821026c     0x1594 obj/default/hello_world.o
                0x000000000821026c                build_sprite_reg
                0x00000000082102c0                send_sprites_to_composer
                0x0000000008210464                is_pressed
                0x00000000082104a4                check_colision_objects
                0x0000000008210564                check_colision_sprites
                0x00000000082105dc                move_sprite
                0x00000000082106ac                load_background
                0x00000000082106f4                _helper_player_sprite
                0x000000000821078c                walk_player
                0x0000000008210a10                get_burguer_component
                0x0000000008210a98                deliver_food
                0x0000000008210bd0                handle_burguer_sprite
                0x0000000008210df8                new_frame_isr
                0x0000000008210e34                init_pio_interrupt
                0x0000000008210e90                main
 .text          0x0000000008211800      0x1b4 c:/intelfpga_lite/18.1/nios2eds/bin/gnu/h-x86_64-mingw32/bin/../lib/gcc/nios2-elf/5.3.0/mno-hw-mul\libgcc.a(lib2-divmod.o)
                0x0000000008211800                __divsi3
                0x0000000008211884                __modsi3
                0x00000000082118f8                __udivsi3
                0x000000000821195c                __umodsi3
 .text          0x00000000082119b4        0x0 c:/intelfpga_lite/18.1/nios2eds/bin/gnu/h-x86_64-mingw32/bin/../lib/gcc/nios2-elf/5.3.0/../../../../../H-x86_64-mingw32/nios2-elf/lib/mno-hw-mul\libc.a(lib_a-rand.o)
 .text.srand    0x00000000082119b4       0x18 c:/intelfpga_lite/18.1/nios2eds/bin/gnu/h-x86_64-mingw32/bin/../lib/gcc/nios2-elf/5.3.0/../../../../../H-x86_64-mingw32/nios2-elf/lib/mno-hw-mul\libc.a(lib_a-rand.o)
                0x00000000082119b4                srand
 .text.rand     0x00000000082119cc       0x64 c:/intelfpga_lite/18.1/nios2eds/bin/gnu/h-x86_64-mingw32/bin/../lib/gcc/nios2-elf/5.3.0/../../../../../H-x86_64-mingw32/nios2-elf/lib/mno-hw-mul\libc.a(lib_a-rand.o)
                0x00000000082119cc                rand
 .text          0x0000000008211a30        0x0 c:/intelfpga_lite/18.1/nios2eds/bin/gnu/h-x86_64-mingw32/bin/../lib/gcc/nios2-elf/5.3.0/../../../../../H-x86_64-mingw32/nios2-elf/lib/mno-hw-mul\libc.a(lib_a-impure.o)
 .text          0x0000000008211a30      0x10c c:/intelfpga_lite/18.1/nios2eds/bin/gnu/h-x86_64-mingw32/bin/../lib/gcc/nios2-elf/5.3.0/mno-hw-mul\libgcc.a(_muldi3.o)
                0x0000000008211a30                __muldi3
 .text          0x0000000008211b3c       0x28 c:/intelfpga_lite/18.1/nios2eds/bin/gnu/h-x86_64-mingw32/bin/../lib/gcc/nios2-elf/5.3.0/mno-hw-mul\libgcc.a(lib2-mul.o)
                0x0000000008211b3c                __mulsi3
 .text          0x0000000008211b64      0x180 ../processador_bsp/\libhal_bsp.a(alt_irq_register.o)
                0x0000000008211b64                alt_irq_register
 .text          0x0000000008211ce4        0x0 ../processador_bsp/\libhal_bsp.a(alt_irq_vars.o)
 .text          0x0000000008211ce4       0xec ../processador_bsp/\libhal_bsp.a(alt_load.o)
                0x0000000008211d4c                alt_load
 .text          0x0000000008211dd0       0x60 ../processador_bsp/\libhal_bsp.a(alt_main.o)
                0x0000000008211dd0                alt_main
 .text          0x0000000008211e30       0x30 ../processador_bsp/\libhal_bsp.a(alt_usleep.o)
                0x0000000008211e30                usleep
 .text          0x0000000008211e60       0x58 ../processador_bsp/\libhal_bsp.a(alt_sys_init.o)
                0x0000000008211e60                alt_irq_init
                0x0000000008211e98                alt_sys_init
 .text          0x0000000008211eb8      0x158 ../processador_bsp/\libhal_bsp.a(alt_busy_sleep.o)
                0x0000000008211eb8                alt_busy_sleep
 .text          0x0000000008212010      0x114 ../processador_bsp/\libhal_bsp.a(alt_close.o)
                0x000000000821204c                close
 .text          0x0000000008212124       0x20 ../processador_bsp/\libhal_bsp.a(alt_dcache_flush_all.o)
                0x0000000008212124                alt_dcache_flush_all
 .text          0x0000000008212144       0x2c ../processador_bsp/\libhal_bsp.a(alt_dev.o)
 .text          0x0000000008212170       0x60 ../processador_bsp/\libhal_bsp.a(alt_do_ctors.o)
                0x0000000008212170                _do_ctors
 .text          0x00000000082121d0       0x60 ../processador_bsp/\libhal_bsp.a(alt_do_dtors.o)
                0x00000000082121d0                _do_dtors
 .text          0x0000000008212230        0x0 ../processador_bsp/\libhal_bsp.a(alt_errno.o)
 .text          0x0000000008212230       0x20 ../processador_bsp/\libhal_bsp.a(alt_icache_flush_all.o)
                0x0000000008212230                alt_icache_flush_all
 .text          0x0000000008212250        0x0 ../processador_bsp/\libhal_bsp.a(alt_irq_entry.o)
 .text          0x0000000008212250        0x0 ../processador_bsp/\libhal_bsp.a(alt_irq_handler.o)
 .text          0x0000000008212250       0x84 ../processador_bsp/\libhal_bsp.a(alt_release_fd.o)
                0x0000000008212250                alt_release_fd
 .text          0x00000000082122d4       0x24 ../processador_bsp/\libhal_bsp.a(altera_nios2_gen2_irq.o)
                0x00000000082122d4                altera_nios2_gen2_irq_init
 .text          0x00000000082122f8        0x0 ../processador_bsp/\libhal_bsp.a(alt_exception_entry.o)
 .text          0x00000000082122f8       0x9c ../processador_bsp/\libhal_bsp.a(alt_instruction_exception_entry.o)
                0x00000000082122f8                alt_exception_cause_generated_bad_addr
 .text          0x0000000008212394        0x0 c:/intelfpga_lite/18.1/nios2eds/bin/gnu/h-x86_64-mingw32/bin/../lib/gcc/nios2-elf/5.3.0/../../../../../H-x86_64-mingw32/nios2-elf/lib/mno-hw-mul\libc.a(lib_a-atexit.o)
 .text.atexit   0x0000000008212394       0x14 c:/intelfpga_lite/18.1/nios2eds/bin/gnu/h-x86_64-mingw32/bin/../lib/gcc/nios2-elf/5.3.0/../../../../../H-x86_64-mingw32/nios2-elf/lib/mno-hw-mul\libc.a(lib_a-atexit.o)
                0x0000000008212394                atexit
 .text          0x00000000082123a8        0x0 c:/intelfpga_lite/18.1/nios2eds/bin/gnu/h-x86_64-mingw32/bin/../lib/gcc/nios2-elf/5.3.0/../../../../../H-x86_64-mingw32/nios2-elf/lib/mno-hw-mul\libc.a(lib_a-exit.o)
 .text.exit     0x00000000082123a8       0x38 c:/intelfpga_lite/18.1/nios2eds/bin/gnu/h-x86_64-mingw32/bin/../lib/gcc/nios2-elf/5.3.0/../../../../../H-x86_64-mingw32/nios2-elf/lib/mno-hw-mul\libc.a(lib_a-exit.o)
                0x00000000082123a8                exit
 .text          0x00000000082123e0        0x0 c:/intelfpga_lite/18.1/nios2eds/bin/gnu/h-x86_64-mingw32/bin/../lib/gcc/nios2-elf/5.3.0/../../../../../H-x86_64-mingw32/nios2-elf/lib/mno-hw-mul\libc.a(lib_a-int_errno.o)
 .text          0x00000000082123e0        0x0 c:/intelfpga_lite/18.1/nios2eds/bin/gnu/h-x86_64-mingw32/bin/../lib/gcc/nios2-elf/5.3.0/../../../../../H-x86_64-mingw32/nios2-elf/lib/mno-hw-mul\libc.a(lib_a-__atexit.o)
 .text.__register_exitproc
                0x00000000082123e0      0x118 c:/intelfpga_lite/18.1/nios2eds/bin/gnu/h-x86_64-mingw32/bin/../lib/gcc/nios2-elf/5.3.0/../../../../../H-x86_64-mingw32/nios2-elf/lib/mno-hw-mul\libc.a(lib_a-__atexit.o)
                0x00000000082123e0                __register_exitproc
 .text          0x00000000082124f8        0x0 c:/intelfpga_lite/18.1/nios2eds/bin/gnu/h-x86_64-mingw32/bin/../lib/gcc/nios2-elf/5.3.0/../../../../../H-x86_64-mingw32/nios2-elf/lib/mno-hw-mul\libc.a(lib_a-__call_atexit.o)
 .text.__call_exitprocs
                0x00000000082124f8      0x180 c:/intelfpga_lite/18.1/nios2eds/bin/gnu/h-x86_64-mingw32/bin/../lib/gcc/nios2-elf/5.3.0/../../../../../H-x86_64-mingw32/nios2-elf/lib/mno-hw-mul\libc.a(lib_a-__call_atexit.o)
                0x00000000082124f8                __call_exitprocs
 .text          0x0000000008212678       0x34 ../processador_bsp/\libhal_bsp.a(alt_exit.o)
                0x0000000008212678                _exit
 *(.gnu.warning.*)
 *(.fini)
                [!provide]                        PROVIDE (__etext, ABSOLUTE (.))
                [!provide]                        PROVIDE (_etext, ABSOLUTE (.))
                [!provide]                        PROVIDE (etext, ABSOLUTE (.))
 *(.eh_frame_hdr)
                0x00000000082126ac                . = ALIGN (0x4)
                [!provide]                        PROVIDE (__preinit_array_start, ABSOLUTE (.))
 *(.preinit_array)
                [!provide]                        PROVIDE (__preinit_array_end, ABSOLUTE (.))
                [!provide]                        PROVIDE (__init_array_start, ABSOLUTE (.))
 *(.init_array)
                [!provide]                        PROVIDE (__init_array_end, ABSOLUTE (.))
                [!provide]                        PROVIDE (__fini_array_start, ABSOLUTE (.))
 *(.fini_array)
                [!provide]                        PROVIDE (__fini_array_end, ABSOLUTE (.))
 *(.eh_frame)
 *(.gcc_except_table .gcc_except_table.*)
 *(.dynamic)
                0x00000000082126ac                PROVIDE (__CTOR_LIST__, ABSOLUTE (.))
 *(.ctors)
 *(SORT(.ctors.*))
                0x00000000082126ac                PROVIDE (__CTOR_END__, ABSOLUTE (.))
                0x00000000082126ac                PROVIDE (__DTOR_LIST__, ABSOLUTE (.))
 *(.dtors)
 *(SORT(.dtors.*))
                0x00000000082126ac                PROVIDE (__DTOR_END__, ABSOLUTE (.))
 *(.jcr)
                0x00000000082126ac                . = ALIGN (0x4)

.rodata         0x00000000082126ac       0x10
                0x00000000082126ac                PROVIDE (__ram_rodata_start, ABSOLUTE (.))
                0x00000000082126ac                . = ALIGN (0x4)
 *(.rodata .rodata.* .gnu.linkonce.r.*)
 .rodata.str1.4
                0x00000000082126ac        0x4 c:/intelfpga_lite/18.1/nios2eds/bin/gnu/h-x86_64-mingw32/bin/../lib/gcc/nios2-elf/5.3.0/../../../../../H-x86_64-mingw32/nios2-elf/lib/mno-hw-mul\libc.a(lib_a-impure.o)
                                          0x2 (size before relaxing)
 .rodata        0x00000000082126b0        0xa ../processador_bsp/\libhal_bsp.a(alt_dev.o)
 *(.rodata1)
                0x00000000082126bc                . = ALIGN (0x4)
 *fill*         0x00000000082126ba        0x2 
                0x00000000082126bc                PROVIDE (__ram_rodata_end, ABSOLUTE (.))
                0x00000000082126ac                PROVIDE (__flash_rodata_start, LOADADDR (.rodata))

.rwdata         0x00000000082126bc      0x5f0 load address 0x0000000008212cac
                0x00000000082126bc                PROVIDE (__ram_rwdata_start, ABSOLUTE (.))
                0x00000000082126bc                . = ALIGN (0x4)
 *(.got.plt)
 *(.got)
 *(.data1)
 *(.data .data.* .gnu.linkonce.d.*)
 .data          0x00000000082126bc        0x0 ../processador_bsp//obj/HAL/src/crt0.o
 .data          0x00000000082126bc        0x0 obj/default/hello_world.o
 .data          0x00000000082126bc        0x0 c:/intelfpga_lite/18.1/nios2eds/bin/gnu/h-x86_64-mingw32/bin/../lib/gcc/nios2-elf/5.3.0/mno-hw-mul\libgcc.a(lib2-divmod.o)
 .data          0x00000000082126bc        0x0 c:/intelfpga_lite/18.1/nios2eds/bin/gnu/h-x86_64-mingw32/bin/../lib/gcc/nios2-elf/5.3.0/../../../../../H-x86_64-mingw32/nios2-elf/lib/mno-hw-mul\libc.a(lib_a-rand.o)
 .data          0x00000000082126bc        0x0 c:/intelfpga_lite/18.1/nios2eds/bin/gnu/h-x86_64-mingw32/bin/../lib/gcc/nios2-elf/5.3.0/../../../../../H-x86_64-mingw32/nios2-elf/lib/mno-hw-mul\libc.a(lib_a-impure.o)
 .data.impure_data
                0x00000000082126bc      0x424 c:/intelfpga_lite/18.1/nios2eds/bin/gnu/h-x86_64-mingw32/bin/../lib/gcc/nios2-elf/5.3.0/../../../../../H-x86_64-mingw32/nios2-elf/lib/mno-hw-mul\libc.a(lib_a-impure.o)
 .data          0x0000000008212ae0        0x0 c:/intelfpga_lite/18.1/nios2eds/bin/gnu/h-x86_64-mingw32/bin/../lib/gcc/nios2-elf/5.3.0/mno-hw-mul\libgcc.a(_muldi3.o)
 .data          0x0000000008212ae0        0x0 c:/intelfpga_lite/18.1/nios2eds/bin/gnu/h-x86_64-mingw32/bin/../lib/gcc/nios2-elf/5.3.0/mno-hw-mul\libgcc.a(lib2-mul.o)
 .data          0x0000000008212ae0        0x0 ../processador_bsp/\libhal_bsp.a(alt_irq_register.o)
 .data          0x0000000008212ae0        0x0 ../processador_bsp/\libhal_bsp.a(alt_irq_vars.o)
 .data          0x0000000008212ae0        0x0 ../processador_bsp/\libhal_bsp.a(alt_load.o)
 .data          0x0000000008212ae0        0x0 ../processador_bsp/\libhal_bsp.a(alt_main.o)
 .data          0x0000000008212ae0        0x0 ../processador_bsp/\libhal_bsp.a(alt_usleep.o)
 .data          0x0000000008212ae0        0x0 ../processador_bsp/\libhal_bsp.a(alt_sys_init.o)
 .data          0x0000000008212ae0        0x0 ../processador_bsp/\libhal_bsp.a(alt_busy_sleep.o)
 .data          0x0000000008212ae0        0x0 ../processador_bsp/\libhal_bsp.a(alt_close.o)
 .data          0x0000000008212ae0        0x0 ../processador_bsp/\libhal_bsp.a(alt_dcache_flush_all.o)
 .data          0x0000000008212ae0      0x1a8 ../processador_bsp/\libhal_bsp.a(alt_dev.o)
                0x0000000008212ae0                alt_dev_null
                0x0000000008212b08                alt_fd_list
 .data          0x0000000008212c88        0x0 ../processador_bsp/\libhal_bsp.a(alt_do_ctors.o)
 .data          0x0000000008212c88        0x0 ../processador_bsp/\libhal_bsp.a(alt_do_dtors.o)
 .data          0x0000000008212c88        0x0 ../processador_bsp/\libhal_bsp.a(alt_errno.o)
 .data          0x0000000008212c88        0x0 ../processador_bsp/\libhal_bsp.a(alt_icache_flush_all.o)
 .data          0x0000000008212c88        0x0 ../processador_bsp/\libhal_bsp.a(alt_irq_entry.o)
 .data          0x0000000008212c88        0x0 ../processador_bsp/\libhal_bsp.a(alt_irq_handler.o)
 .data          0x0000000008212c88        0x0 ../processador_bsp/\libhal_bsp.a(alt_release_fd.o)
 .data          0x0000000008212c88        0x0 ../processador_bsp/\libhal_bsp.a(altera_nios2_gen2_irq.o)
 .data          0x0000000008212c88        0x0 ../processador_bsp/\libhal_bsp.a(alt_exception_entry.o)
 .data          0x0000000008212c88        0x0 ../processador_bsp/\libhal_bsp.a(alt_instruction_exception_entry.o)
 .data          0x0000000008212c88        0x0 c:/intelfpga_lite/18.1/nios2eds/bin/gnu/h-x86_64-mingw32/bin/../lib/gcc/nios2-elf/5.3.0/../../../../../H-x86_64-mingw32/nios2-elf/lib/mno-hw-mul\libc.a(lib_a-atexit.o)
 .data          0x0000000008212c88        0x0 c:/intelfpga_lite/18.1/nios2eds/bin/gnu/h-x86_64-mingw32/bin/../lib/gcc/nios2-elf/5.3.0/../../../../../H-x86_64-mingw32/nios2-elf/lib/mno-hw-mul\libc.a(lib_a-exit.o)
 .data          0x0000000008212c88        0x0 c:/intelfpga_lite/18.1/nios2eds/bin/gnu/h-x86_64-mingw32/bin/../lib/gcc/nios2-elf/5.3.0/../../../../../H-x86_64-mingw32/nios2-elf/lib/mno-hw-mul\libc.a(lib_a-int_errno.o)
 .data          0x0000000008212c88        0x0 c:/intelfpga_lite/18.1/nios2eds/bin/gnu/h-x86_64-mingw32/bin/../lib/gcc/nios2-elf/5.3.0/../../../../../H-x86_64-mingw32/nios2-elf/lib/mno-hw-mul\libc.a(lib_a-__atexit.o)
 .data          0x0000000008212c88        0x0 c:/intelfpga_lite/18.1/nios2eds/bin/gnu/h-x86_64-mingw32/bin/../lib/gcc/nios2-elf/5.3.0/../../../../../H-x86_64-mingw32/nios2-elf/lib/mno-hw-mul\libc.a(lib_a-__call_atexit.o)
 .data          0x0000000008212c88        0x0 ../processador_bsp/\libhal_bsp.a(alt_exit.o)
                0x000000000821ac88                _gp = ABSOLUTE ((. + 0x8000))
                [!provide]                        PROVIDE (gp, _gp)
 *(.rwdata .rwdata.*)
 *(.sdata .sdata.* .gnu.linkonce.s.*)
 .sdata._global_impure_ptr
                0x0000000008212c88        0x4 c:/intelfpga_lite/18.1/nios2eds/bin/gnu/h-x86_64-mingw32/bin/../lib/gcc/nios2-elf/5.3.0/../../../../../H-x86_64-mingw32/nios2-elf/lib/mno-hw-mul\libc.a(lib_a-impure.o)
                0x0000000008212c88                _global_impure_ptr
 .sdata._impure_ptr
                0x0000000008212c8c        0x4 c:/intelfpga_lite/18.1/nios2eds/bin/gnu/h-x86_64-mingw32/bin/../lib/gcc/nios2-elf/5.3.0/../../../../../H-x86_64-mingw32/nios2-elf/lib/mno-hw-mul\libc.a(lib_a-impure.o)
                0x0000000008212c8c                _impure_ptr
 .sdata         0x0000000008212c90        0x4 ../processador_bsp/\libhal_bsp.a(alt_irq_vars.o)
                0x0000000008212c90                alt_priority_mask
 .sdata         0x0000000008212c94       0x14 ../processador_bsp/\libhal_bsp.a(alt_dev.o)
                0x0000000008212c94                alt_fs_list
                0x0000000008212c9c                alt_dev_list
                0x0000000008212ca4                alt_max_fd
 .sdata         0x0000000008212ca8        0x4 ../processador_bsp/\libhal_bsp.a(alt_errno.o)
                0x0000000008212ca8                alt_errno
 *(.sdata2 .sdata2.* .gnu.linkonce.s2.*)
                0x0000000008212cac                . = ALIGN (0x4)
                0x0000000008212cac                _edata = ABSOLUTE (.)
                [!provide]                        PROVIDE (edata, ABSOLUTE (.))
                0x0000000008212cac                PROVIDE (__ram_rwdata_end, ABSOLUTE (.))
                0x0000000008212cac                PROVIDE (__flash_rwdata_start, LOADADDR (.rwdata))

.bss            0x000000000821329c      0x12c
                0x000000000821329c                __bss_start = ABSOLUTE (.)
                [!provide]                        PROVIDE (__sbss_start, ABSOLUTE (.))
                [!provide]                        PROVIDE (___sbss_start, ABSOLUTE (.))
 *(.dynsbss)
 *(.sbss .sbss.* .gnu.linkonce.sb.*)
 .sbss          0x000000000821329c       0x14 obj/default/hello_world.o
                0x000000000821329c                prev_head_x
                0x00000000082132a0                prev_head_y
                0x00000000082132a4                prev_body_x
                0x00000000082132a8                prev_body_y
                0x00000000082132ac                frame_flag
 .sbss          0x00000000082132b0        0x4 ../processador_bsp/\libhal_bsp.a(alt_irq_vars.o)
                0x00000000082132b0                alt_irq_active
 .sbss          0x00000000082132b4        0xc ../processador_bsp/\libhal_bsp.a(alt_main.o)
                0x00000000082132b4                alt_argc
                0x00000000082132b8                alt_argv
                0x00000000082132bc                alt_envp
 .sbss          0x00000000082132c0        0x4 ../processador_bsp/\libhal_bsp.a(alt_instruction_exception_entry.o)
                0x00000000082132c0                alt_instruction_exception_handler
 .sbss          0x00000000082132c4        0x4 c:/intelfpga_lite/18.1/nios2eds/bin/gnu/h-x86_64-mingw32/bin/../lib/gcc/nios2-elf/5.3.0/../../../../../H-x86_64-mingw32/nios2-elf/lib/mno-hw-mul\libc.a(lib_a-int_errno.o)
                0x00000000082132c4                errno
 *(.sbss2 .sbss2.* .gnu.linkonce.sb2.*)
 *(.scommon)
                [!provide]                        PROVIDE (__sbss_end, ABSOLUTE (.))
                [!provide]                        PROVIDE (___sbss_end, ABSOLUTE (.))
 *(.dynbss)
 *(.bss .bss.* .gnu.linkonce.b.*)
 .bss           0x00000000082132c8        0x0 ../processador_bsp//obj/HAL/src/crt0.o
 .bss           0x00000000082132c8        0x0 obj/default/hello_world.o
 .bss           0x00000000082132c8        0x0 c:/intelfpga_lite/18.1/nios2eds/bin/gnu/h-x86_64-mingw32/bin/../lib/gcc/nios2-elf/5.3.0/mno-hw-mul\libgcc.a(lib2-divmod.o)
 .bss           0x00000000082132c8        0x0 c:/intelfpga_lite/18.1/nios2eds/bin/gnu/h-x86_64-mingw32/bin/../lib/gcc/nios2-elf/5.3.0/../../../../../H-x86_64-mingw32/nios2-elf/lib/mno-hw-mul\libc.a(lib_a-rand.o)
 .bss           0x00000000082132c8        0x0 c:/intelfpga_lite/18.1/nios2eds/bin/gnu/h-x86_64-mingw32/bin/../lib/gcc/nios2-elf/5.3.0/../../../../../H-x86_64-mingw32/nios2-elf/lib/mno-hw-mul\libc.a(lib_a-impure.o)
 .bss           0x00000000082132c8        0x0 c:/intelfpga_lite/18.1/nios2eds/bin/gnu/h-x86_64-mingw32/bin/../lib/gcc/nios2-elf/5.3.0/mno-hw-mul\libgcc.a(_muldi3.o)
 .bss           0x00000000082132c8        0x0 c:/intelfpga_lite/18.1/nios2eds/bin/gnu/h-x86_64-mingw32/bin/../lib/gcc/nios2-elf/5.3.0/mno-hw-mul\libgcc.a(lib2-mul.o)
 .bss           0x00000000082132c8        0x0 ../processador_bsp/\libhal_bsp.a(alt_irq_register.o)
 .bss           0x00000000082132c8        0x0 ../processador_bsp/\libhal_bsp.a(alt_irq_vars.o)
 .bss           0x00000000082132c8        0x0 ../processador_bsp/\libhal_bsp.a(alt_load.o)
 .bss           0x00000000082132c8        0x0 ../processador_bsp/\libhal_bsp.a(alt_main.o)
 .bss           0x00000000082132c8        0x0 ../processador_bsp/\libhal_bsp.a(alt_usleep.o)
 .bss           0x00000000082132c8        0x0 ../processador_bsp/\libhal_bsp.a(alt_sys_init.o)
 .bss           0x00000000082132c8        0x0 ../processador_bsp/\libhal_bsp.a(alt_busy_sleep.o)
 .bss           0x00000000082132c8        0x0 ../processador_bsp/\libhal_bsp.a(alt_close.o)
 .bss           0x00000000082132c8        0x0 ../processador_bsp/\libhal_bsp.a(alt_dcache_flush_all.o)
 .bss           0x00000000082132c8        0x0 ../processador_bsp/\libhal_bsp.a(alt_dev.o)
 .bss           0x00000000082132c8        0x0 ../processador_bsp/\libhal_bsp.a(alt_do_ctors.o)
 .bss           0x00000000082132c8        0x0 ../processador_bsp/\libhal_bsp.a(alt_do_dtors.o)
 .bss           0x00000000082132c8        0x0 ../processador_bsp/\libhal_bsp.a(alt_errno.o)
 .bss           0x00000000082132c8        0x0 ../processador_bsp/\libhal_bsp.a(alt_icache_flush_all.o)
 .bss           0x00000000082132c8        0x0 ../processador_bsp/\libhal_bsp.a(alt_irq_entry.o)
 .bss           0x00000000082132c8        0x0 ../processador_bsp/\libhal_bsp.a(alt_irq_handler.o)
 .bss           0x00000000082132c8        0x0 ../processador_bsp/\libhal_bsp.a(alt_release_fd.o)
 .bss           0x00000000082132c8        0x0 ../processador_bsp/\libhal_bsp.a(altera_nios2_gen2_irq.o)
 .bss           0x00000000082132c8        0x0 ../processador_bsp/\libhal_bsp.a(alt_exception_entry.o)
 .bss           0x00000000082132c8        0x0 ../processador_bsp/\libhal_bsp.a(alt_instruction_exception_entry.o)
 .bss           0x00000000082132c8        0x0 c:/intelfpga_lite/18.1/nios2eds/bin/gnu/h-x86_64-mingw32/bin/../lib/gcc/nios2-elf/5.3.0/../../../../../H-x86_64-mingw32/nios2-elf/lib/mno-hw-mul\libc.a(lib_a-atexit.o)
 .bss           0x00000000082132c8        0x0 c:/intelfpga_lite/18.1/nios2eds/bin/gnu/h-x86_64-mingw32/bin/../lib/gcc/nios2-elf/5.3.0/../../../../../H-x86_64-mingw32/nios2-elf/lib/mno-hw-mul\libc.a(lib_a-exit.o)
 .bss           0x00000000082132c8        0x0 c:/intelfpga_lite/18.1/nios2eds/bin/gnu/h-x86_64-mingw32/bin/../lib/gcc/nios2-elf/5.3.0/../../../../../H-x86_64-mingw32/nios2-elf/lib/mno-hw-mul\libc.a(lib_a-int_errno.o)
 .bss           0x00000000082132c8        0x0 c:/intelfpga_lite/18.1/nios2eds/bin/gnu/h-x86_64-mingw32/bin/../lib/gcc/nios2-elf/5.3.0/../../../../../H-x86_64-mingw32/nios2-elf/lib/mno-hw-mul\libc.a(lib_a-__atexit.o)
 .bss           0x00000000082132c8        0x0 c:/intelfpga_lite/18.1/nios2eds/bin/gnu/h-x86_64-mingw32/bin/../lib/gcc/nios2-elf/5.3.0/../../../../../H-x86_64-mingw32/nios2-elf/lib/mno-hw-mul\libc.a(lib_a-__call_atexit.o)
 .bss           0x00000000082132c8        0x0 ../processador_bsp/\libhal_bsp.a(alt_exit.o)
 *(COMMON)
 COMMON         0x00000000082132c8      0x100 ../processador_bsp/\libhal_bsp.a(alt_irq_handler.o)
                0x00000000082132c8                alt_irq
                0x00000000082133c8                . = ALIGN (0x4)
                0x00000000082133c8                __bss_end = ABSOLUTE (.)

.ram_data       0x00000000082133c8        0x0
                [!provide]                        PROVIDE (_alt_partition_ram_data_start, ABSOLUTE (.))
 *(.ram_data .ram_data. ram_data.*)
                0x00000000082133c8                . = ALIGN (0x4)
                [!provide]                        PROVIDE (_alt_partition_ram_data_end, ABSOLUTE (.))
                0x00000000082133c8                _end = ABSOLUTE (.)
                0x00000000082133c8                end = ABSOLUTE (.)
                0x00000000082133c8                __alt_stack_base = ABSOLUTE (.)
                [!provide]                        PROVIDE (_alt_partition_ram_data_load_addr, LOADADDR (.ram_data))

.stab
 *(.stab)

.stabstr
 *(.stabstr)

.stab.excl
 *(.stab.excl)

.stab.exclstr
 *(.stab.exclstr)

.stab.index
 *(.stab.index)

.stab.indexstr
 *(.stab.indexstr)

.comment        0x0000000000000000       0x23
 *(.comment)
 .comment       0x0000000000000000       0x23 obj/default/hello_world.o
                                         0x24 (size before relaxing)
 .comment       0x0000000000000023       0x24 c:/intelfpga_lite/18.1/nios2eds/bin/gnu/h-x86_64-mingw32/bin/../lib/gcc/nios2-elf/5.3.0/mno-hw-mul\libgcc.a(lib2-divmod.o)
 .comment       0x0000000000000023       0x24 c:/intelfpga_lite/18.1/nios2eds/bin/gnu/h-x86_64-mingw32/bin/../lib/gcc/nios2-elf/5.3.0/../../../../../H-x86_64-mingw32/nios2-elf/lib/mno-hw-mul\libc.a(lib_a-rand.o)
 .comment       0x0000000000000023       0x24 c:/intelfpga_lite/18.1/nios2eds/bin/gnu/h-x86_64-mingw32/bin/../lib/gcc/nios2-elf/5.3.0/../../../../../H-x86_64-mingw32/nios2-elf/lib/mno-hw-mul\libc.a(lib_a-impure.o)
 .comment       0x0000000000000023       0x24 c:/intelfpga_lite/18.1/nios2eds/bin/gnu/h-x86_64-mingw32/bin/../lib/gcc/nios2-elf/5.3.0/mno-hw-mul\libgcc.a(_muldi3.o)
 .comment       0x0000000000000023       0x24 c:/intelfpga_lite/18.1/nios2eds/bin/gnu/h-x86_64-mingw32/bin/../lib/gcc/nios2-elf/5.3.0/mno-hw-mul\libgcc.a(lib2-mul.o)
 .comment       0x0000000000000023       0x24 ../processador_bsp/\libhal_bsp.a(alt_irq_register.o)
 .comment       0x0000000000000023       0x24 ../processador_bsp/\libhal_bsp.a(alt_irq_vars.o)
 .comment       0x0000000000000023       0x24 ../processador_bsp/\libhal_bsp.a(alt_load.o)
 .comment       0x0000000000000023       0x24 ../processador_bsp/\libhal_bsp.a(alt_main.o)
 .comment       0x0000000000000023       0x24 ../processador_bsp/\libhal_bsp.a(alt_usleep.o)
 .comment       0x0000000000000023       0x24 ../processador_bsp/\libhal_bsp.a(alt_sys_init.o)
 .comment       0x0000000000000023       0x24 ../processador_bsp/\libhal_bsp.a(alt_busy_sleep.o)
 .comment       0x0000000000000023       0x24 ../processador_bsp/\libhal_bsp.a(alt_close.o)
 .comment       0x0000000000000023       0x24 ../processador_bsp/\libhal_bsp.a(alt_dcache_flush_all.o)
 .comment       0x0000000000000023       0x24 ../processador_bsp/\libhal_bsp.a(alt_dev.o)
 .comment       0x0000000000000023       0x24 ../processador_bsp/\libhal_bsp.a(alt_do_ctors.o)
 .comment       0x0000000000000023       0x24 ../processador_bsp/\libhal_bsp.a(alt_do_dtors.o)
 .comment       0x0000000000000023       0x24 ../processador_bsp/\libhal_bsp.a(alt_errno.o)
 .comment       0x0000000000000023       0x24 ../processador_bsp/\libhal_bsp.a(alt_icache_flush_all.o)
 .comment       0x0000000000000023       0x24 ../processador_bsp/\libhal_bsp.a(alt_irq_handler.o)
 .comment       0x0000000000000023       0x24 ../processador_bsp/\libhal_bsp.a(alt_release_fd.o)
 .comment       0x0000000000000023       0x24 ../processador_bsp/\libhal_bsp.a(altera_nios2_gen2_irq.o)
 .comment       0x0000000000000023       0x24 ../processador_bsp/\libhal_bsp.a(alt_instruction_exception_entry.o)
 .comment       0x0000000000000023       0x24 c:/intelfpga_lite/18.1/nios2eds/bin/gnu/h-x86_64-mingw32/bin/../lib/gcc/nios2-elf/5.3.0/../../../../../H-x86_64-mingw32/nios2-elf/lib/mno-hw-mul\libc.a(lib_a-atexit.o)
 .comment       0x0000000000000023       0x24 c:/intelfpga_lite/18.1/nios2eds/bin/gnu/h-x86_64-mingw32/bin/../lib/gcc/nios2-elf/5.3.0/../../../../../H-x86_64-mingw32/nios2-elf/lib/mno-hw-mul\libc.a(lib_a-exit.o)
 .comment       0x0000000000000023       0x24 c:/intelfpga_lite/18.1/nios2eds/bin/gnu/h-x86_64-mingw32/bin/../lib/gcc/nios2-elf/5.3.0/../../../../../H-x86_64-mingw32/nios2-elf/lib/mno-hw-mul\libc.a(lib_a-int_errno.o)
 .comment       0x0000000000000023       0x24 c:/intelfpga_lite/18.1/nios2eds/bin/gnu/h-x86_64-mingw32/bin/../lib/gcc/nios2-elf/5.3.0/../../../../../H-x86_64-mingw32/nios2-elf/lib/mno-hw-mul\libc.a(lib_a-__atexit.o)
 .comment       0x0000000000000023       0x24 c:/intelfpga_lite/18.1/nios2eds/bin/gnu/h-x86_64-mingw32/bin/../lib/gcc/nios2-elf/5.3.0/../../../../../H-x86_64-mingw32/nios2-elf/lib/mno-hw-mul\libc.a(lib_a-__call_atexit.o)
 .comment       0x0000000000000023       0x24 ../processador_bsp/\libhal_bsp.a(alt_exit.o)

.debug
 *(.debug)

.line
 *(.line)

.debug_srcinfo
 *(.debug_srcinfo)

.debug_sfnames
 *(.debug_sfnames)

.debug_aranges  0x0000000000000000      0x440
 *(.debug_aranges)
 .debug_aranges
                0x0000000000000000       0x28 ../processador_bsp//obj/HAL/src/crt0.o
 .debug_aranges
                0x0000000000000028       0x20 obj/default/hello_world.o
 .debug_aranges
                0x0000000000000048       0x20 c:/intelfpga_lite/18.1/nios2eds/bin/gnu/h-x86_64-mingw32/bin/../lib/gcc/nios2-elf/5.3.0/mno-hw-mul\libgcc.a(lib2-divmod.o)
 .debug_aranges
                0x0000000000000068       0x28 c:/intelfpga_lite/18.1/nios2eds/bin/gnu/h-x86_64-mingw32/bin/../lib/gcc/nios2-elf/5.3.0/../../../../../H-x86_64-mingw32/nios2-elf/lib/mno-hw-mul\libc.a(lib_a-rand.o)
 .debug_aranges
                0x0000000000000090       0x18 c:/intelfpga_lite/18.1/nios2eds/bin/gnu/h-x86_64-mingw32/bin/../lib/gcc/nios2-elf/5.3.0/../../../../../H-x86_64-mingw32/nios2-elf/lib/mno-hw-mul\libc.a(lib_a-impure.o)
 .debug_aranges
                0x00000000000000a8       0x20 c:/intelfpga_lite/18.1/nios2eds/bin/gnu/h-x86_64-mingw32/bin/../lib/gcc/nios2-elf/5.3.0/mno-hw-mul\libgcc.a(_muldi3.o)
 .debug_aranges
                0x00000000000000c8       0x20 c:/intelfpga_lite/18.1/nios2eds/bin/gnu/h-x86_64-mingw32/bin/../lib/gcc/nios2-elf/5.3.0/mno-hw-mul\libgcc.a(lib2-mul.o)
 .debug_aranges
                0x00000000000000e8       0x20 ../processador_bsp/\libhal_bsp.a(alt_irq_register.o)
 .debug_aranges
                0x0000000000000108       0x18 ../processador_bsp/\libhal_bsp.a(alt_irq_vars.o)
 .debug_aranges
                0x0000000000000120       0x20 ../processador_bsp/\libhal_bsp.a(alt_load.o)
 .debug_aranges
                0x0000000000000140       0x20 ../processador_bsp/\libhal_bsp.a(alt_main.o)
 .debug_aranges
                0x0000000000000160       0x20 ../processador_bsp/\libhal_bsp.a(alt_usleep.o)
 .debug_aranges
                0x0000000000000180       0x20 ../processador_bsp/\libhal_bsp.a(alt_sys_init.o)
 .debug_aranges
                0x00000000000001a0       0x20 ../processador_bsp/\libhal_bsp.a(alt_busy_sleep.o)
 .debug_aranges
                0x00000000000001c0       0x20 ../processador_bsp/\libhal_bsp.a(alt_close.o)
 .debug_aranges
                0x00000000000001e0       0x20 ../processador_bsp/\libhal_bsp.a(alt_dcache_flush_all.o)
 .debug_aranges
                0x0000000000000200       0x20 ../processador_bsp/\libhal_bsp.a(alt_dev.o)
 .debug_aranges
                0x0000000000000220       0x20 ../processador_bsp/\libhal_bsp.a(alt_do_ctors.o)
 .debug_aranges
                0x0000000000000240       0x20 ../processador_bsp/\libhal_bsp.a(alt_do_dtors.o)
 .debug_aranges
                0x0000000000000260       0x18 ../processador_bsp/\libhal_bsp.a(alt_errno.o)
 .debug_aranges
                0x0000000000000278       0x20 ../processador_bsp/\libhal_bsp.a(alt_icache_flush_all.o)
 .debug_aranges
                0x0000000000000298       0x30 ../processador_bsp/\libhal_bsp.a(alt_irq_entry.o)
 .debug_aranges
                0x00000000000002c8       0x20 ../processador_bsp/\libhal_bsp.a(alt_irq_handler.o)
 .debug_aranges
                0x00000000000002e8       0x20 ../processador_bsp/\libhal_bsp.a(alt_release_fd.o)
 .debug_aranges
                0x0000000000000308       0x20 ../processador_bsp/\libhal_bsp.a(altera_nios2_gen2_irq.o)
 .debug_aranges
                0x0000000000000328       0x38 ../processador_bsp/\libhal_bsp.a(alt_exception_entry.o)
 .debug_aranges
                0x0000000000000360       0x28 ../processador_bsp/\libhal_bsp.a(alt_instruction_exception_entry.o)
 .debug_aranges
                0x0000000000000388       0x20 c:/intelfpga_lite/18.1/nios2eds/bin/gnu/h-x86_64-mingw32/bin/../lib/gcc/nios2-elf/5.3.0/../../../../../H-x86_64-mingw32/nios2-elf/lib/mno-hw-mul\libc.a(lib_a-atexit.o)
 .debug_aranges
                0x00000000000003a8       0x20 c:/intelfpga_lite/18.1/nios2eds/bin/gnu/h-x86_64-mingw32/bin/../lib/gcc/nios2-elf/5.3.0/../../../../../H-x86_64-mingw32/nios2-elf/lib/mno-hw-mul\libc.a(lib_a-exit.o)
 .debug_aranges
                0x00000000000003c8       0x18 c:/intelfpga_lite/18.1/nios2eds/bin/gnu/h-x86_64-mingw32/bin/../lib/gcc/nios2-elf/5.3.0/../../../../../H-x86_64-mingw32/nios2-elf/lib/mno-hw-mul\libc.a(lib_a-int_errno.o)
 .debug_aranges
                0x00000000000003e0       0x20 c:/intelfpga_lite/18.1/nios2eds/bin/gnu/h-x86_64-mingw32/bin/../lib/gcc/nios2-elf/5.3.0/../../../../../H-x86_64-mingw32/nios2-elf/lib/mno-hw-mul\libc.a(lib_a-__atexit.o)
 .debug_aranges
                0x0000000000000400       0x20 c:/intelfpga_lite/18.1/nios2eds/bin/gnu/h-x86_64-mingw32/bin/../lib/gcc/nios2-elf/5.3.0/../../../../../H-x86_64-mingw32/nios2-elf/lib/mno-hw-mul\libc.a(lib_a-__call_atexit.o)
 .debug_aranges
                0x0000000000000420       0x20 ../processador_bsp/\libhal_bsp.a(alt_exit.o)

.debug_pubnames
 *(.debug_pubnames)

.debug_info     0x0000000000000000     0x59f1
 *(.debug_info .gnu.linkonce.wi.*)
 .debug_info    0x0000000000000000       0xb8 ../processador_bsp//obj/HAL/src/crt0.o
 .debug_info    0x00000000000000b8      0x92b obj/default/hello_world.o
 .debug_info    0x00000000000009e3      0x2c6 c:/intelfpga_lite/18.1/nios2eds/bin/gnu/h-x86_64-mingw32/bin/../lib/gcc/nios2-elf/5.3.0/mno-hw-mul\libgcc.a(lib2-divmod.o)
 .debug_info    0x0000000000000ca9      0x8d7 c:/intelfpga_lite/18.1/nios2eds/bin/gnu/h-x86_64-mingw32/bin/../lib/gcc/nios2-elf/5.3.0/../../../../../H-x86_64-mingw32/nios2-elf/lib/mno-hw-mul\libc.a(lib_a-rand.o)
 .debug_info    0x0000000000001580      0x8a1 c:/intelfpga_lite/18.1/nios2eds/bin/gnu/h-x86_64-mingw32/bin/../lib/gcc/nios2-elf/5.3.0/../../../../../H-x86_64-mingw32/nios2-elf/lib/mno-hw-mul\libc.a(lib_a-impure.o)
 .debug_info    0x0000000000001e21      0x1e9 c:/intelfpga_lite/18.1/nios2eds/bin/gnu/h-x86_64-mingw32/bin/../lib/gcc/nios2-elf/5.3.0/mno-hw-mul\libgcc.a(_muldi3.o)
 .debug_info    0x000000000000200a       0xb4 c:/intelfpga_lite/18.1/nios2eds/bin/gnu/h-x86_64-mingw32/bin/../lib/gcc/nios2-elf/5.3.0/mno-hw-mul\libgcc.a(lib2-mul.o)
 .debug_info    0x00000000000020be      0x324 ../processador_bsp/\libhal_bsp.a(alt_irq_register.o)
 .debug_info    0x00000000000023e2       0x88 ../processador_bsp/\libhal_bsp.a(alt_irq_vars.o)
 .debug_info    0x000000000000246a      0x145 ../processador_bsp/\libhal_bsp.a(alt_load.o)
 .debug_info    0x00000000000025af      0x131 ../processador_bsp/\libhal_bsp.a(alt_main.o)
 .debug_info    0x00000000000026e0       0xb0 ../processador_bsp/\libhal_bsp.a(alt_usleep.o)
 .debug_info    0x0000000000002790       0xd4 ../processador_bsp/\libhal_bsp.a(alt_sys_init.o)
 .debug_info    0x0000000000002864       0xd7 ../processador_bsp/\libhal_bsp.a(alt_busy_sleep.o)
 .debug_info    0x000000000000293b      0x321 ../processador_bsp/\libhal_bsp.a(alt_close.o)
 .debug_info    0x0000000000002c5c       0x92 ../processador_bsp/\libhal_bsp.a(alt_dcache_flush_all.o)
 .debug_info    0x0000000000002cee      0x49c ../processador_bsp/\libhal_bsp.a(alt_dev.o)
 .debug_info    0x000000000000318a       0x83 ../processador_bsp/\libhal_bsp.a(alt_do_ctors.o)
 .debug_info    0x000000000000320d       0x83 ../processador_bsp/\libhal_bsp.a(alt_do_dtors.o)
 .debug_info    0x0000000000003290       0xa6 ../processador_bsp/\libhal_bsp.a(alt_errno.o)
 .debug_info    0x0000000000003336       0x92 ../processador_bsp/\libhal_bsp.a(alt_icache_flush_all.o)
 .debug_info    0x00000000000033c8       0xc1 ../processador_bsp/\libhal_bsp.a(alt_irq_entry.o)
 .debug_info    0x0000000000003489      0x187 ../processador_bsp/\libhal_bsp.a(alt_irq_handler.o)
 .debug_info    0x0000000000003610      0x2b0 ../processador_bsp/\libhal_bsp.a(alt_release_fd.o)
 .debug_info    0x00000000000038c0       0x92 ../processador_bsp/\libhal_bsp.a(altera_nios2_gen2_irq.o)
 .debug_info    0x0000000000003952       0xc7 ../processador_bsp/\libhal_bsp.a(alt_exception_entry.o)
 .debug_info    0x0000000000003a19      0x1e7 ../processador_bsp/\libhal_bsp.a(alt_instruction_exception_entry.o)
 .debug_info    0x0000000000003c00       0xfe c:/intelfpga_lite/18.1/nios2eds/bin/gnu/h-x86_64-mingw32/bin/../lib/gcc/nios2-elf/5.3.0/../../../../../H-x86_64-mingw32/nios2-elf/lib/mno-hw-mul\libc.a(lib_a-atexit.o)
 .debug_info    0x0000000000003cfe      0x8e4 c:/intelfpga_lite/18.1/nios2eds/bin/gnu/h-x86_64-mingw32/bin/../lib/gcc/nios2-elf/5.3.0/../../../../../H-x86_64-mingw32/nios2-elf/lib/mno-hw-mul\libc.a(lib_a-exit.o)
 .debug_info    0x00000000000045e2       0x8a c:/intelfpga_lite/18.1/nios2eds/bin/gnu/h-x86_64-mingw32/bin/../lib/gcc/nios2-elf/5.3.0/../../../../../H-x86_64-mingw32/nios2-elf/lib/mno-hw-mul\libc.a(lib_a-int_errno.o)
 .debug_info    0x000000000000466c      0x934 c:/intelfpga_lite/18.1/nios2eds/bin/gnu/h-x86_64-mingw32/bin/../lib/gcc/nios2-elf/5.3.0/../../../../../H-x86_64-mingw32/nios2-elf/lib/mno-hw-mul\libc.a(lib_a-__atexit.o)
 .debug_info    0x0000000000004fa0      0x965 c:/intelfpga_lite/18.1/nios2eds/bin/gnu/h-x86_64-mingw32/bin/../lib/gcc/nios2-elf/5.3.0/../../../../../H-x86_64-mingw32/nios2-elf/lib/mno-hw-mul\libc.a(lib_a-__call_atexit.o)
 .debug_info    0x0000000000005905       0xec ../processador_bsp/\libhal_bsp.a(alt_exit.o)

.debug_abbrev   0x0000000000000000     0x1b1b
 *(.debug_abbrev)
 .debug_abbrev  0x0000000000000000       0x12 ../processador_bsp//obj/HAL/src/crt0.o
 .debug_abbrev  0x0000000000000012      0x1df obj/default/hello_world.o
 .debug_abbrev  0x00000000000001f1      0x10e c:/intelfpga_lite/18.1/nios2eds/bin/gnu/h-x86_64-mingw32/bin/../lib/gcc/nios2-elf/5.3.0/mno-hw-mul\libgcc.a(lib2-divmod.o)
 .debug_abbrev  0x00000000000002ff      0x1e5 c:/intelfpga_lite/18.1/nios2eds/bin/gnu/h-x86_64-mingw32/bin/../lib/gcc/nios2-elf/5.3.0/../../../../../H-x86_64-mingw32/nios2-elf/lib/mno-hw-mul\libc.a(lib_a-rand.o)
 .debug_abbrev  0x00000000000004e4      0x18f c:/intelfpga_lite/18.1/nios2eds/bin/gnu/h-x86_64-mingw32/bin/../lib/gcc/nios2-elf/5.3.0/../../../../../H-x86_64-mingw32/nios2-elf/lib/mno-hw-mul\libc.a(lib_a-impure.o)
 .debug_abbrev  0x0000000000000673       0xe0 c:/intelfpga_lite/18.1/nios2eds/bin/gnu/h-x86_64-mingw32/bin/../lib/gcc/nios2-elf/5.3.0/mno-hw-mul\libgcc.a(_muldi3.o)
 .debug_abbrev  0x0000000000000753       0x6f c:/intelfpga_lite/18.1/nios2eds/bin/gnu/h-x86_64-mingw32/bin/../lib/gcc/nios2-elf/5.3.0/mno-hw-mul\libgcc.a(lib2-mul.o)
 .debug_abbrev  0x00000000000007c2      0x186 ../processador_bsp/\libhal_bsp.a(alt_irq_register.o)
 .debug_abbrev  0x0000000000000948       0x40 ../processador_bsp/\libhal_bsp.a(alt_irq_vars.o)
 .debug_abbrev  0x0000000000000988       0x9f ../processador_bsp/\libhal_bsp.a(alt_load.o)
 .debug_abbrev  0x0000000000000a27       0xba ../processador_bsp/\libhal_bsp.a(alt_main.o)
 .debug_abbrev  0x0000000000000ae1       0x60 ../processador_bsp/\libhal_bsp.a(alt_usleep.o)
 .debug_abbrev  0x0000000000000b41       0x97 ../processador_bsp/\libhal_bsp.a(alt_sys_init.o)
 .debug_abbrev  0x0000000000000bd8       0x7e ../processador_bsp/\libhal_bsp.a(alt_busy_sleep.o)
 .debug_abbrev  0x0000000000000c56      0x11f ../processador_bsp/\libhal_bsp.a(alt_close.o)
 .debug_abbrev  0x0000000000000d75       0x42 ../processador_bsp/\libhal_bsp.a(alt_dcache_flush_all.o)
 .debug_abbrev  0x0000000000000db7       0xd9 ../processador_bsp/\libhal_bsp.a(alt_dev.o)
 .debug_abbrev  0x0000000000000e90       0x79 ../processador_bsp/\libhal_bsp.a(alt_do_ctors.o)
 .debug_abbrev  0x0000000000000f09       0x79 ../processador_bsp/\libhal_bsp.a(alt_do_dtors.o)
 .debug_abbrev  0x0000000000000f82       0x5a ../processador_bsp/\libhal_bsp.a(alt_errno.o)
 .debug_abbrev  0x0000000000000fdc       0x42 ../processador_bsp/\libhal_bsp.a(alt_icache_flush_all.o)
 .debug_abbrev  0x000000000000101e       0x12 ../processador_bsp/\libhal_bsp.a(alt_irq_entry.o)
 .debug_abbrev  0x0000000000001030      0x122 ../processador_bsp/\libhal_bsp.a(alt_irq_handler.o)
 .debug_abbrev  0x0000000000001152       0xde ../processador_bsp/\libhal_bsp.a(alt_release_fd.o)
 .debug_abbrev  0x0000000000001230       0x42 ../processador_bsp/\libhal_bsp.a(altera_nios2_gen2_irq.o)
 .debug_abbrev  0x0000000000001272       0x12 ../processador_bsp/\libhal_bsp.a(alt_exception_entry.o)
 .debug_abbrev  0x0000000000001284       0xdc ../processador_bsp/\libhal_bsp.a(alt_instruction_exception_entry.o)
 .debug_abbrev  0x0000000000001360       0xaa c:/intelfpga_lite/18.1/nios2eds/bin/gnu/h-x86_64-mingw32/bin/../lib/gcc/nios2-elf/5.3.0/../../../../../H-x86_64-mingw32/nios2-elf/lib/mno-hw-mul\libc.a(lib_a-atexit.o)
 .debug_abbrev  0x000000000000140a      0x1e5 c:/intelfpga_lite/18.1/nios2eds/bin/gnu/h-x86_64-mingw32/bin/../lib/gcc/nios2-elf/5.3.0/../../../../../H-x86_64-mingw32/nios2-elf/lib/mno-hw-mul\libc.a(lib_a-exit.o)
 .debug_abbrev  0x00000000000015ef       0x37 c:/intelfpga_lite/18.1/nios2eds/bin/gnu/h-x86_64-mingw32/bin/../lib/gcc/nios2-elf/5.3.0/../../../../../H-x86_64-mingw32/nios2-elf/lib/mno-hw-mul\libc.a(lib_a-int_errno.o)
 .debug_abbrev  0x0000000000001626      0x21e c:/intelfpga_lite/18.1/nios2eds/bin/gnu/h-x86_64-mingw32/bin/../lib/gcc/nios2-elf/5.3.0/../../../../../H-x86_64-mingw32/nios2-elf/lib/mno-hw-mul\libc.a(lib_a-__atexit.o)
 .debug_abbrev  0x0000000000001844      0x22e c:/intelfpga_lite/18.1/nios2eds/bin/gnu/h-x86_64-mingw32/bin/../lib/gcc/nios2-elf/5.3.0/../../../../../H-x86_64-mingw32/nios2-elf/lib/mno-hw-mul\libc.a(lib_a-__call_atexit.o)
 .debug_abbrev  0x0000000000001a72       0xa9 ../processador_bsp/\libhal_bsp.a(alt_exit.o)

.debug_line     0x0000000000000000     0x1d8b
 *(.debug_line)
 .debug_line    0x0000000000000000       0x66 ../processador_bsp//obj/HAL/src/crt0.o
 .debug_line    0x0000000000000066      0x39c obj/default/hello_world.o
 .debug_line    0x0000000000000402      0x105 c:/intelfpga_lite/18.1/nios2eds/bin/gnu/h-x86_64-mingw32/bin/../lib/gcc/nios2-elf/5.3.0/mno-hw-mul\libgcc.a(lib2-divmod.o)
 .debug_line    0x0000000000000507      0x1f8 c:/intelfpga_lite/18.1/nios2eds/bin/gnu/h-x86_64-mingw32/bin/../lib/gcc/nios2-elf/5.3.0/../../../../../H-x86_64-mingw32/nios2-elf/lib/mno-hw-mul\libc.a(lib_a-rand.o)
 .debug_line    0x00000000000006ff      0x160 c:/intelfpga_lite/18.1/nios2eds/bin/gnu/h-x86_64-mingw32/bin/../lib/gcc/nios2-elf/5.3.0/../../../../../H-x86_64-mingw32/nios2-elf/lib/mno-hw-mul\libc.a(lib_a-impure.o)
 .debug_line    0x000000000000085f       0x91 c:/intelfpga_lite/18.1/nios2eds/bin/gnu/h-x86_64-mingw32/bin/../lib/gcc/nios2-elf/5.3.0/mno-hw-mul\libgcc.a(_muldi3.o)
 .debug_line    0x00000000000008f0       0x80 c:/intelfpga_lite/18.1/nios2eds/bin/gnu/h-x86_64-mingw32/bin/../lib/gcc/nios2-elf/5.3.0/mno-hw-mul\libgcc.a(lib2-mul.o)
 .debug_line    0x0000000000000970      0x155 ../processador_bsp/\libhal_bsp.a(alt_irq_register.o)
 .debug_line    0x0000000000000ac5       0x50 ../processador_bsp/\libhal_bsp.a(alt_irq_vars.o)
 .debug_line    0x0000000000000b15       0x8e ../processador_bsp/\libhal_bsp.a(alt_load.o)
 .debug_line    0x0000000000000ba3       0xa0 ../processador_bsp/\libhal_bsp.a(alt_main.o)
 .debug_line    0x0000000000000c43       0xad ../processador_bsp/\libhal_bsp.a(alt_usleep.o)
 .debug_line    0x0000000000000cf0       0x6b ../processador_bsp/\libhal_bsp.a(alt_sys_init.o)
 .debug_line    0x0000000000000d5b       0xa2 ../processador_bsp/\libhal_bsp.a(alt_busy_sleep.o)
 .debug_line    0x0000000000000dfd      0x165 ../processador_bsp/\libhal_bsp.a(alt_close.o)
 .debug_line    0x0000000000000f62       0x51 ../processador_bsp/\libhal_bsp.a(alt_dcache_flush_all.o)
 .debug_line    0x0000000000000fb3       0xf8 ../processador_bsp/\libhal_bsp.a(alt_dev.o)
 .debug_line    0x00000000000010ab       0x59 ../processador_bsp/\libhal_bsp.a(alt_do_ctors.o)
 .debug_line    0x0000000000001104       0x59 ../processador_bsp/\libhal_bsp.a(alt_do_dtors.o)
 .debug_line    0x000000000000115d       0x51 ../processador_bsp/\libhal_bsp.a(alt_errno.o)
 .debug_line    0x00000000000011ae       0x4f ../processador_bsp/\libhal_bsp.a(alt_icache_flush_all.o)
 .debug_line    0x00000000000011fd       0x6b ../processador_bsp/\libhal_bsp.a(alt_irq_entry.o)
 .debug_line    0x0000000000001268       0xaa ../processador_bsp/\libhal_bsp.a(alt_irq_handler.o)
 .debug_line    0x0000000000001312       0xb0 ../processador_bsp/\libhal_bsp.a(alt_release_fd.o)
 .debug_line    0x00000000000013c2       0x51 ../processador_bsp/\libhal_bsp.a(altera_nios2_gen2_irq.o)
 .debug_line    0x0000000000001413       0xb3 ../processador_bsp/\libhal_bsp.a(alt_exception_entry.o)
 .debug_line    0x00000000000014c6       0xb9 ../processador_bsp/\libhal_bsp.a(alt_instruction_exception_entry.o)
 .debug_line    0x000000000000157f       0xe7 c:/intelfpga_lite/18.1/nios2eds/bin/gnu/h-x86_64-mingw32/bin/../lib/gcc/nios2-elf/5.3.0/../../../../../H-x86_64-mingw32/nios2-elf/lib/mno-hw-mul\libc.a(lib_a-atexit.o)
 .debug_line    0x0000000000001666      0x1fc c:/intelfpga_lite/18.1/nios2eds/bin/gnu/h-x86_64-mingw32/bin/../lib/gcc/nios2-elf/5.3.0/../../../../../H-x86_64-mingw32/nios2-elf/lib/mno-hw-mul\libc.a(lib_a-exit.o)
 .debug_line    0x0000000000001862       0x5f c:/intelfpga_lite/18.1/nios2eds/bin/gnu/h-x86_64-mingw32/bin/../lib/gcc/nios2-elf/5.3.0/../../../../../H-x86_64-mingw32/nios2-elf/lib/mno-hw-mul\libc.a(lib_a-int_errno.o)
 .debug_line    0x00000000000018c1      0x21f c:/intelfpga_lite/18.1/nios2eds/bin/gnu/h-x86_64-mingw32/bin/../lib/gcc/nios2-elf/5.3.0/../../../../../H-x86_64-mingw32/nios2-elf/lib/mno-hw-mul\libc.a(lib_a-__atexit.o)
 .debug_line    0x0000000000001ae0      0x23a c:/intelfpga_lite/18.1/nios2eds/bin/gnu/h-x86_64-mingw32/bin/../lib/gcc/nios2-elf/5.3.0/../../../../../H-x86_64-mingw32/nios2-elf/lib/mno-hw-mul\libc.a(lib_a-__call_atexit.o)
 .debug_line    0x0000000000001d1a       0x71 ../processador_bsp/\libhal_bsp.a(alt_exit.o)

.debug_frame    0x0000000000000000      0x834
 *(.debug_frame)
 .debug_frame   0x0000000000000000      0x234 obj/default/hello_world.o
 .debug_frame   0x0000000000000234       0x50 c:/intelfpga_lite/18.1/nios2eds/bin/gnu/h-x86_64-mingw32/bin/../lib/gcc/nios2-elf/5.3.0/mno-hw-mul\libgcc.a(lib2-divmod.o)
 .debug_frame   0x0000000000000284       0x44 c:/intelfpga_lite/18.1/nios2eds/bin/gnu/h-x86_64-mingw32/bin/../lib/gcc/nios2-elf/5.3.0/../../../../../H-x86_64-mingw32/nios2-elf/lib/mno-hw-mul\libc.a(lib_a-rand.o)
 .debug_frame   0x00000000000002c8       0x54 c:/intelfpga_lite/18.1/nios2eds/bin/gnu/h-x86_64-mingw32/bin/../lib/gcc/nios2-elf/5.3.0/mno-hw-mul\libgcc.a(_muldi3.o)
 .debug_frame   0x000000000000031c       0x20 c:/intelfpga_lite/18.1/nios2eds/bin/gnu/h-x86_64-mingw32/bin/../lib/gcc/nios2-elf/5.3.0/mno-hw-mul\libgcc.a(lib2-mul.o)
 .debug_frame   0x000000000000033c       0x34 ../processador_bsp/\libhal_bsp.a(alt_irq_register.o)
 .debug_frame   0x0000000000000370       0x5c ../processador_bsp/\libhal_bsp.a(alt_load.o)
 .debug_frame   0x00000000000003cc       0x2c ../processador_bsp/\libhal_bsp.a(alt_main.o)
 .debug_frame   0x00000000000003f8       0x38 ../processador_bsp/\libhal_bsp.a(alt_usleep.o)
 .debug_frame   0x0000000000000430       0x5c ../processador_bsp/\libhal_bsp.a(alt_sys_init.o)
 .debug_frame   0x000000000000048c       0x38 ../processador_bsp/\libhal_bsp.a(alt_busy_sleep.o)
 .debug_frame   0x00000000000004c4       0x60 ../processador_bsp/\libhal_bsp.a(alt_close.o)
 .debug_frame   0x0000000000000524       0x34 ../processador_bsp/\libhal_bsp.a(alt_dcache_flush_all.o)
 .debug_frame   0x0000000000000558       0x34 ../processador_bsp/\libhal_bsp.a(alt_dev.o)
 .debug_frame   0x000000000000058c       0x38 ../processador_bsp/\libhal_bsp.a(alt_do_ctors.o)
 .debug_frame   0x00000000000005c4       0x38 ../processador_bsp/\libhal_bsp.a(alt_do_dtors.o)
 .debug_frame   0x00000000000005fc       0x34 ../processador_bsp/\libhal_bsp.a(alt_icache_flush_all.o)
 .debug_frame   0x0000000000000630       0x38 ../processador_bsp/\libhal_bsp.a(alt_irq_handler.o)
 .debug_frame   0x0000000000000668       0x3c ../processador_bsp/\libhal_bsp.a(alt_release_fd.o)
 .debug_frame   0x00000000000006a4       0x34 ../processador_bsp/\libhal_bsp.a(altera_nios2_gen2_irq.o)
 .debug_frame   0x00000000000006d8       0x5c ../processador_bsp/\libhal_bsp.a(alt_instruction_exception_entry.o)
 .debug_frame   0x0000000000000734       0x20 c:/intelfpga_lite/18.1/nios2eds/bin/gnu/h-x86_64-mingw32/bin/../lib/gcc/nios2-elf/5.3.0/../../../../../H-x86_64-mingw32/nios2-elf/lib/mno-hw-mul\libc.a(lib_a-atexit.o)
 .debug_frame   0x0000000000000754       0x28 c:/intelfpga_lite/18.1/nios2eds/bin/gnu/h-x86_64-mingw32/bin/../lib/gcc/nios2-elf/5.3.0/../../../../../H-x86_64-mingw32/nios2-elf/lib/mno-hw-mul\libc.a(lib_a-exit.o)
 .debug_frame   0x000000000000077c       0x38 c:/intelfpga_lite/18.1/nios2eds/bin/gnu/h-x86_64-mingw32/bin/../lib/gcc/nios2-elf/5.3.0/../../../../../H-x86_64-mingw32/nios2-elf/lib/mno-hw-mul\libc.a(lib_a-__atexit.o)
 .debug_frame   0x00000000000007b4       0x54 c:/intelfpga_lite/18.1/nios2eds/bin/gnu/h-x86_64-mingw32/bin/../lib/gcc/nios2-elf/5.3.0/../../../../../H-x86_64-mingw32/nios2-elf/lib/mno-hw-mul\libc.a(lib_a-__call_atexit.o)
 .debug_frame   0x0000000000000808       0x2c ../processador_bsp/\libhal_bsp.a(alt_exit.o)

.debug_str      0x0000000000000000     0x1a88
 *(.debug_str)
 .debug_str     0x0000000000000000      0x574 obj/default/hello_world.o
                                        0x62c (size before relaxing)
 .debug_str     0x0000000000000574      0x187 c:/intelfpga_lite/18.1/nios2eds/bin/gnu/h-x86_64-mingw32/bin/../lib/gcc/nios2-elf/5.3.0/mno-hw-mul\libgcc.a(lib2-divmod.o)
                                        0x1d2 (size before relaxing)
 .debug_str     0x00000000000006fb      0x4ac c:/intelfpga_lite/18.1/nios2eds/bin/gnu/h-x86_64-mingw32/bin/../lib/gcc/nios2-elf/5.3.0/../../../../../H-x86_64-mingw32/nios2-elf/lib/mno-hw-mul\libc.a(lib_a-rand.o)
                                        0x5ac (size before relaxing)
 .debug_str     0x0000000000000ba7       0xe9 c:/intelfpga_lite/18.1/nios2eds/bin/gnu/h-x86_64-mingw32/bin/../lib/gcc/nios2-elf/5.3.0/../../../../../H-x86_64-mingw32/nios2-elf/lib/mno-hw-mul\libc.a(lib_a-impure.o)
                                        0x5b5 (size before relaxing)
 .debug_str     0x0000000000000c90       0x94 c:/intelfpga_lite/18.1/nios2eds/bin/gnu/h-x86_64-mingw32/bin/../lib/gcc/nios2-elf/5.3.0/mno-hw-mul\libgcc.a(_muldi3.o)
                                        0x225 (size before relaxing)
 .debug_str     0x0000000000000d24       0x40 c:/intelfpga_lite/18.1/nios2eds/bin/gnu/h-x86_64-mingw32/bin/../lib/gcc/nios2-elf/5.3.0/mno-hw-mul\libgcc.a(lib2-mul.o)
                                        0x193 (size before relaxing)
 .debug_str     0x0000000000000d64      0x143 ../processador_bsp/\libhal_bsp.a(alt_irq_register.o)
                                        0x252 (size before relaxing)
 .debug_str     0x0000000000000ea7       0x17 ../processador_bsp/\libhal_bsp.a(alt_irq_vars.o)
                                        0x184 (size before relaxing)
 .debug_str     0x0000000000000ebe       0xe9 ../processador_bsp/\libhal_bsp.a(alt_load.o)
                                        0x25c (size before relaxing)
 .debug_str     0x0000000000000fa7       0x70 ../processador_bsp/\libhal_bsp.a(alt_main.o)
                                        0x1e7 (size before relaxing)
 .debug_str     0x0000000000001017       0x27 ../processador_bsp/\libhal_bsp.a(alt_usleep.o)
                                        0x192 (size before relaxing)
 .debug_str     0x000000000000103e       0x47 ../processador_bsp/\libhal_bsp.a(alt_sys_init.o)
                                        0x1b7 (size before relaxing)
 .debug_str     0x0000000000001085       0x42 ../processador_bsp/\libhal_bsp.a(alt_busy_sleep.o)
                                        0x1b5 (size before relaxing)
 .debug_str     0x00000000000010c7       0x90 ../processador_bsp/\libhal_bsp.a(alt_close.o)
                                        0x255 (size before relaxing)
 .debug_str     0x0000000000001157       0x34 ../processador_bsp/\libhal_bsp.a(alt_dcache_flush_all.o)
                                        0x19f (size before relaxing)
 .debug_str     0x000000000000118b      0x119 ../processador_bsp/\libhal_bsp.a(alt_dev.o)
                                        0x34f (size before relaxing)
 .debug_str     0x00000000000012a4       0x48 ../processador_bsp/\libhal_bsp.a(alt_do_ctors.o)
                                        0x11a (size before relaxing)
 .debug_str     0x00000000000012ec       0x4c ../processador_bsp/\libhal_bsp.a(alt_do_dtors.o)
                                        0x119 (size before relaxing)
 .debug_str     0x0000000000001338       0x14 ../processador_bsp/\libhal_bsp.a(alt_errno.o)
                                        0x18f (size before relaxing)
 .debug_str     0x000000000000134c       0x34 ../processador_bsp/\libhal_bsp.a(alt_icache_flush_all.o)
                                        0x19f (size before relaxing)
 .debug_str     0x0000000000001380       0x3a ../processador_bsp/\libhal_bsp.a(alt_irq_handler.o)
                                        0x1e1 (size before relaxing)
 .debug_str     0x00000000000013ba       0x28 ../processador_bsp/\libhal_bsp.a(alt_release_fd.o)
                                        0x21d (size before relaxing)
 .debug_str     0x00000000000013e2       0x3b ../processador_bsp/\libhal_bsp.a(altera_nios2_gen2_irq.o)
                                        0x1a6 (size before relaxing)
 .debug_str     0x000000000000141d      0x48b ../processador_bsp/\libhal_bsp.a(alt_instruction_exception_entry.o)
                                        0x5ea (size before relaxing)
 .debug_str     0x00000000000018a8       0x81 c:/intelfpga_lite/18.1/nios2eds/bin/gnu/h-x86_64-mingw32/bin/../lib/gcc/nios2-elf/5.3.0/../../../../../H-x86_64-mingw32/nios2-elf/lib/mno-hw-mul\libc.a(lib_a-atexit.o)
                                        0x221 (size before relaxing)
 .debug_str     0x0000000000001929       0x52 c:/intelfpga_lite/18.1/nios2eds/bin/gnu/h-x86_64-mingw32/bin/../lib/gcc/nios2-elf/5.3.0/../../../../../H-x86_64-mingw32/nios2-elf/lib/mno-hw-mul\libc.a(lib_a-exit.o)
                                        0x5be (size before relaxing)
 .debug_str     0x000000000000197b       0x3f c:/intelfpga_lite/18.1/nios2eds/bin/gnu/h-x86_64-mingw32/bin/../lib/gcc/nios2-elf/5.3.0/../../../../../H-x86_64-mingw32/nios2-elf/lib/mno-hw-mul\libc.a(lib_a-int_errno.o)
                                        0x1dd (size before relaxing)
 .debug_str     0x00000000000019ba       0x3f c:/intelfpga_lite/18.1/nios2eds/bin/gnu/h-x86_64-mingw32/bin/../lib/gcc/nios2-elf/5.3.0/../../../../../H-x86_64-mingw32/nios2-elf/lib/mno-hw-mul\libc.a(lib_a-__atexit.o)
                                        0x5f6 (size before relaxing)
 .debug_str     0x00000000000019f9       0x65 c:/intelfpga_lite/18.1/nios2eds/bin/gnu/h-x86_64-mingw32/bin/../lib/gcc/nios2-elf/5.3.0/../../../../../H-x86_64-mingw32/nios2-elf/lib/mno-hw-mul\libc.a(lib_a-__call_atexit.o)
                                        0x5e2 (size before relaxing)
 .debug_str     0x0000000000001a5e       0x2a ../processador_bsp/\libhal_bsp.a(alt_exit.o)
                                        0x19b (size before relaxing)

.debug_loc      0x0000000000000000      0xa6e
 *(.debug_loc)
 .debug_loc     0x0000000000000000      0x4ce c:/intelfpga_lite/18.1/nios2eds/bin/gnu/h-x86_64-mingw32/bin/../lib/gcc/nios2-elf/5.3.0/mno-hw-mul\libgcc.a(lib2-divmod.o)
 .debug_loc     0x00000000000004ce       0x13 c:/intelfpga_lite/18.1/nios2eds/bin/gnu/h-x86_64-mingw32/bin/../lib/gcc/nios2-elf/5.3.0/../../../../../H-x86_64-mingw32/nios2-elf/lib/mno-hw-mul\libc.a(lib_a-rand.o)
 .debug_loc     0x00000000000004e1      0x15d c:/intelfpga_lite/18.1/nios2eds/bin/gnu/h-x86_64-mingw32/bin/../lib/gcc/nios2-elf/5.3.0/mno-hw-mul\libgcc.a(_muldi3.o)
 .debug_loc     0x000000000000063e       0x93 c:/intelfpga_lite/18.1/nios2eds/bin/gnu/h-x86_64-mingw32/bin/../lib/gcc/nios2-elf/5.3.0/mno-hw-mul\libgcc.a(lib2-mul.o)
 .debug_loc     0x00000000000006d1       0x2c c:/intelfpga_lite/18.1/nios2eds/bin/gnu/h-x86_64-mingw32/bin/../lib/gcc/nios2-elf/5.3.0/../../../../../H-x86_64-mingw32/nios2-elf/lib/mno-hw-mul\libc.a(lib_a-atexit.o)
 .debug_loc     0x00000000000006fd       0x1e c:/intelfpga_lite/18.1/nios2eds/bin/gnu/h-x86_64-mingw32/bin/../lib/gcc/nios2-elf/5.3.0/../../../../../H-x86_64-mingw32/nios2-elf/lib/mno-hw-mul\libc.a(lib_a-exit.o)
 .debug_loc     0x000000000000071b      0x185 c:/intelfpga_lite/18.1/nios2eds/bin/gnu/h-x86_64-mingw32/bin/../lib/gcc/nios2-elf/5.3.0/../../../../../H-x86_64-mingw32/nios2-elf/lib/mno-hw-mul\libc.a(lib_a-__atexit.o)
 .debug_loc     0x00000000000008a0      0x1ce c:/intelfpga_lite/18.1/nios2eds/bin/gnu/h-x86_64-mingw32/bin/../lib/gcc/nios2-elf/5.3.0/../../../../../H-x86_64-mingw32/nios2-elf/lib/mno-hw-mul\libc.a(lib_a-__call_atexit.o)

.debug_macinfo
 *(.debug_macinfo)

.debug_weaknames
 *(.debug_weaknames)

.debug_funcnames
 *(.debug_funcnames)

.debug_typenames
 *(.debug_typenames)

.debug_varnames
 *(.debug_varnames)

.debug_alt_sim_info
                0x0000000000000000       0x40
 *(.debug_alt_sim_info)
 .debug_alt_sim_info
                0x0000000000000000       0x10 ../processador_bsp//obj/HAL/src/crt0.o
 .debug_alt_sim_info
                0x0000000000000010       0x30 ../processador_bsp/\libhal_bsp.a(alt_busy_sleep.o)
                0x0000000008220000                __alt_data_end = 0x8220000
                0x0000000008220000                PROVIDE (__alt_stack_pointer, __alt_data_end)
                [!provide]                        PROVIDE (__alt_stack_limit, __alt_stack_base)
                [!provide]                        PROVIDE (__alt_heap_start, end)
                [!provide]                        PROVIDE (__alt_heap_limit, 0x8220000)
OUTPUT(processador.elf elf32-littlenios2)

.debug_ranges   0x0000000000000000      0x1a8
 .debug_ranges  0x0000000000000000       0x20 ../processador_bsp//obj/HAL/src/crt0.o
 .debug_ranges  0x0000000000000020       0x60 c:/intelfpga_lite/18.1/nios2eds/bin/gnu/h-x86_64-mingw32/bin/../lib/gcc/nios2-elf/5.3.0/mno-hw-mul\libgcc.a(lib2-divmod.o)
 .debug_ranges  0x0000000000000080       0x18 c:/intelfpga_lite/18.1/nios2eds/bin/gnu/h-x86_64-mingw32/bin/../lib/gcc/nios2-elf/5.3.0/../../../../../H-x86_64-mingw32/nios2-elf/lib/mno-hw-mul\libc.a(lib_a-rand.o)
 .debug_ranges  0x0000000000000098       0x30 c:/intelfpga_lite/18.1/nios2eds/bin/gnu/h-x86_64-mingw32/bin/../lib/gcc/nios2-elf/5.3.0/mno-hw-mul\libgcc.a(_muldi3.o)
 .debug_ranges  0x00000000000000c8       0x28 ../processador_bsp/\libhal_bsp.a(alt_irq_entry.o)
 .debug_ranges  0x00000000000000f0       0x10 ../processador_bsp/\libhal_bsp.a(alt_irq_handler.o)
 .debug_ranges  0x0000000000000100       0x30 ../processador_bsp/\libhal_bsp.a(alt_exception_entry.o)
 .debug_ranges  0x0000000000000130       0x18 ../processador_bsp/\libhal_bsp.a(alt_instruction_exception_entry.o)
 .debug_ranges  0x0000000000000148       0x10 c:/intelfpga_lite/18.1/nios2eds/bin/gnu/h-x86_64-mingw32/bin/../lib/gcc/nios2-elf/5.3.0/../../../../../H-x86_64-mingw32/nios2-elf/lib/mno-hw-mul\libc.a(lib_a-atexit.o)
 .debug_ranges  0x0000000000000158       0x10 c:/intelfpga_lite/18.1/nios2eds/bin/gnu/h-x86_64-mingw32/bin/../lib/gcc/nios2-elf/5.3.0/../../../../../H-x86_64-mingw32/nios2-elf/lib/mno-hw-mul\libc.a(lib_a-exit.o)
 .debug_ranges  0x0000000000000168       0x10 c:/intelfpga_lite/18.1/nios2eds/bin/gnu/h-x86_64-mingw32/bin/../lib/gcc/nios2-elf/5.3.0/../../../../../H-x86_64-mingw32/nios2-elf/lib/mno-hw-mul\libc.a(lib_a-__atexit.o)
 .debug_ranges  0x0000000000000178       0x30 c:/intelfpga_lite/18.1/nios2eds/bin/gnu/h-x86_64-mingw32/bin/../lib/gcc/nios2-elf/5.3.0/../../../../../H-x86_64-mingw32/nios2-elf/lib/mno-hw-mul\libc.a(lib_a-__call_atexit.o)
